Archive member included because of file (symbol)

../cups/libcups.a(http.o)     ../ipr/ipr.o (httpConnect)
../cups/libcups.a(http-addr.o)
                              ../cups/libcups.a(http.o) (httpAddrLocalhost)
../cups/libcups.a(http-addrlist.o)
                              ../cups/libcups.a(http.o) (httpAddrFreeList)
../cups/libcups.a(http-support.o)
                              ../cups/libcups.a(http.o) (_httpEncodeURI)
../cups/libcups.a(ipp.o)      ../ipr/ipr.o (ippDelete)
../cups/libcups.a(langprintf.o)
                              ../cups/libcups.a(http-support.o) (_cupsLangPrintFilter)
../cups/libcups.a(language.o)
                              ../cups/libcups.a(http-support.o) (_cupsLangString)
../cups/libcups.a(md5.o)      ../cups/libcups.a(http-support.o) (_cupsMD5Init)
../cups/libcups.a(request.o)  ../cups/libcups.a(http.o) (_cupsSetError)
../cups/libcups.a(string.o)   ../cups/libcups.a(http.o) (_cups_strlcpy)
../cups/libcups.a(thread.o)   ../cups/libcups.a(ipp.o) (_cupsMutexLock)
../cups/libcups.a(transcode.o)
                              ../cups/libcups.a(langprintf.o) (cupsUTF8ToCharset)
../cups/libcups.a(usersys.o)  ../cups/libcups.a(http.o) (cupsUserAgent)
../cups/libcups.a(array.o)    ../cups/libcups.a(http.o) (cupsArrayCount)
../cups/libcups.a(auth.o)     ../cups/libcups.a(request.o) (cupsDoAuthentication)
../cups/libcups.a(file.o)     ../cups/libcups.a(language.o) (cupsFileGets)
../cups/libcups.a(globals.o)  ../cups/libcups.a(http.o) (_cupsGlobalLock)
../cups/libcups.a(ipp-support.o)
                              ../cups/libcups.a(request.o) (ippPort)
../cups/libcups.a(md5passwd.o)
                              ../cups/libcups.a(auth.o) (httpMD5Final)
/SDK/local/newlib/lib/libz.a(crc32.o)
                              ../cups/libcups.a(file.o) (crc32)
/SDK/local/newlib/lib/libz.a(deflate.o)
                              ../cups/libcups.a(http.o) (deflateEnd)
/SDK/local/newlib/lib/libz.a(inflate.o)
                              ../cups/libcups.a(http.o) (inflate)
/SDK/local/newlib/lib/libz.a(inftrees.o)
                              /SDK/local/newlib/lib/libz.a(inflate.o) (inflate_table)
/SDK/local/newlib/lib/libz.a(trees.o)
                              /SDK/local/newlib/lib/libz.a(deflate.o) (_tr_init)
/SDK/local/newlib/lib/libz.a(zutil.o)
                              /SDK/local/newlib/lib/libz.a(deflate.o) (zcfree)
/SDK/local/newlib/lib/libz.a(adler32.o)
                              /SDK/local/newlib/lib/libz.a(deflate.o) (adler32)
/SDK/local/newlib/lib/libz.a(inffast.o)
                              /SDK/local/newlib/lib/libz.a(inflate.o) (inflate_fast)
/SDK/local/newlib/lib/libregex.a(regcomp.o)
                              ../cups/libcups.a(ipp.o) (regcomp)
/SDK/local/newlib/lib/libregex.a(regerror.o)
                              ../cups/libcups.a(ipp.o) (regerror)
/SDK/local/newlib/lib/libregex.a(regexec.o)
                              ../cups/libcups.a(ipp.o) (regexec)
/SDK/local/newlib/lib/libregex.a(regfree.o)
                              ../cups/libcups.a(ipp.o) (regfree)
/GCC/lib/gcc/ppc-amigaos/4.2.4/newlib/lib/libstdc++.a(functexcept.o)
                              ../ipr/AttrGroups.o (std::__throw_bad_alloc())
/GCC/lib/gcc/ppc-amigaos/4.2.4/newlib/lib/libstdc++.a(ios_failure.o)
                              /GCC/lib/gcc/ppc-amigaos/4.2.4/newlib/lib/libstdc++.a(functexcept.o) (std::ios_base::failure::~failure())
/GCC/lib/gcc/ppc-amigaos/4.2.4/newlib/lib/libstdc++.a(stdexcept.o)
                              /GCC/lib/gcc/ppc-amigaos/4.2.4/newlib/lib/libstdc++.a(functexcept.o) (std::runtime_error::what() const)
/GCC/lib/gcc/ppc-amigaos/4.2.4/newlib/lib/libstdc++.a(tree.o)
                              ../ipr/AttrGroups.o (std::_Rb_tree_increment(std::_Rb_tree_node_base*))
/GCC/lib/gcc/ppc-amigaos/4.2.4/newlib/lib/libstdc++.a(string-inst.o)
                              ../ipr/AttrGroups.o (std::string::_Rep::_S_empty_rep_storage)
/GCC/lib/gcc/ppc-amigaos/4.2.4/newlib/lib/libstdc++.a(del_op.o)
                              ../ipr/AttrGroups.o (operator delete(void*))
/GCC/lib/gcc/ppc-amigaos/4.2.4/newlib/lib/libstdc++.a(del_opv.o)
                              ../ipr/iprutil.o (operator delete[](void*))
/GCC/lib/gcc/ppc-amigaos/4.2.4/newlib/lib/libstdc++.a(eh_alloc.o)
                              /GCC/lib/gcc/ppc-amigaos/4.2.4/newlib/lib/libstdc++.a(functexcept.o) (__cxa_free_exception)
/GCC/lib/gcc/ppc-amigaos/4.2.4/newlib/lib/libstdc++.a(eh_catch.o)
                              ../ipr/AttrGroups.o (__cxa_end_catch)
/GCC/lib/gcc/ppc-amigaos/4.2.4/newlib/lib/libstdc++.a(eh_exception.o)
                              /GCC/lib/gcc/ppc-amigaos/4.2.4/newlib/lib/libstdc++.a(ios_failure.o) (std::exception::~exception())
/GCC/lib/gcc/ppc-amigaos/4.2.4/newlib/lib/libstdc++.a(eh_globals.o)
                              /GCC/lib/gcc/ppc-amigaos/4.2.4/newlib/lib/libstdc++.a(eh_catch.o) (__cxa_get_globals_fast)
[...]
Memory Configuration

Name             Origin             Length             Attributes
*default*        0x00000000         0xffffffff

Linker script and memory map

                0x00000001                __amigaos4__ = 0x1
LOAD ipp_dev.o
LOAD dev_68k.o
LOAD ../ipr/ipr.o
LOAD ../ipr/iprutil.o
LOAD ../ipr/AttrGroups.o
LOAD ../cups/libcups.a
LOAD /SDK/local/newlib/lib/libssl.a
LOAD /SDK/local/newlib/lib/libcrypto.a
LOAD /SDK/local/newlib/lib/libz.a
LOAD /SDK/local/newlib/lib/libregex.a
LOAD /GCC/lib/gcc/ppc-amigaos/4.2.4/newlib/lib/libstdc++.a
LOAD /GCC/lib/gcc/ppc-amigaos/4.2.4/newlib/lib/libstdc++.a
LOAD /SDK/newlib/lib/libm.a
LOAD /GCC/lib/gcc/ppc-amigaos/4.2.4/newlib/lib/libgcc.a
LOAD /GCC/lib/gcc/ppc-amigaos/4.2.4/newlib/lib/libgcc_eh.a
START GROUP
LOAD /SDK/newlib/lib/libc.a
END GROUP
LOAD /GCC/lib/gcc/ppc-amigaos/4.2.4/newlib/lib/libgcc.a
LOAD /GCC/lib/gcc/ppc-amigaos/4.2.4/newlib/lib/libgcc_eh.a
                0x01000000                PROVIDE (__executable_start, 0x1000000)
                0x01000054                . = (0x1000000 + SIZEOF_HEADERS)

.interp
 *(.interp)

.note.gnu.build-id
 *(.note.gnu.build-id)

.hash
 *(.hash)

.gnu.hash
 *(.gnu.hash)

.dynsym
 *(.dynsym)

.dynstr
 *(.dynstr)

.gnu.version
 *(.gnu.version)

.gnu.version_d
 *(.gnu.version_d)

.gnu.version_r
 *(.gnu.version_r)

.rela.dyn       0x01000054        0x0
 .rela.got2     0x00000000        0x0 ipp_dev.o
 .rela.gcc_except_table
                0x00000000        0x0 ipp_dev.o

.rel.init
 *(.rel.init)

.rela.init
 *(.rela.init)

.rel.text
 *(.rel.text .rel.text.* .rel.gnu.linkonce.t.*)

.rela.text      0x01000054        0x0
 *(.rela.text .rela.text.* .rela.gnu.linkonce.t.*)
 .rela.text     0x00000000        0x0 ipp_dev.o
 .rela.text._ZSt18__throw_bad_typeidv
                0x00000000        0x0 ipp_dev.o
 .rela.text._ZSt16__throw_bad_castv
                0x00000000        0x0 ipp_dev.o
 .rela.text._ZSt17__throw_bad_allocv
                0x00000000        0x0 ipp_dev.o
 .rela.text._ZSt21__throw_bad_exceptionv
                0x00000000        0x0 ipp_dev.o
 .rela.text._ZNSt15underflow_errorD0Ev
                0x00000000        0x0 ipp_dev.o
 .rela.text._ZNSt15underflow_errorD1Ev
                0x00000000        0x0 ipp_dev.o
 .rela.text._ZNSt14overflow_errorD0Ev
                0x00000000        0x0 ipp_dev.o
 .rela.text._ZNSt14overflow_errorD1Ev
                0x00000000        0x0 ipp_dev.o
 .rela.text._ZNSt11range_errorD0Ev
                0x00000000        0x0 ipp_dev.o
 .rela.text._ZNSt11range_errorD1Ev
                0x00000000        0x0 ipp_dev.o
 .rela.text._ZNSt12out_of_rangeD0Ev
                0x00000000        0x0 ipp_dev.o
 .rela.text._ZNSt12out_of_rangeD1Ev
                0x00000000        0x0 ipp_dev.o
 .rela.text._ZNSt12length_errorD0Ev
                0x00000000        0x0 ipp_dev.o
 .rela.text._ZNSt12length_errorD1Ev
                0x00000000        0x0 ipp_dev.o
 .rela.text._ZNSt16invalid_argumentD0Ev
                0x00000000        0x0 ipp_dev.o
 .rela.text._ZNSt16invalid_argumentD1Ev
                0x00000000        0x0 ipp_dev.o
 .rela.text._ZNSt12domain_errorD0Ev
                0x00000000        0x0 ipp_dev.o
 .rela.text._ZNSt12domain_errorD1Ev
                0x00000000        0x0 ipp_dev.o
 .rela.text._ZSt19__throw_ios_failurePKc
                0x00000000        0x0 ipp_dev.o
 .rela.text._ZSt19__throw_logic_errorPKc
                0x00000000        0x0 ipp_dev.o
 .rela.text._ZSt23__throw_underflow_errorPKc
                0x00000000        0x0 ipp_dev.o
 .rela.text._ZSt22__throw_overflow_errorPKc
                0x00000000        0x0 ipp_dev.o
 .rela.text._ZSt24__throw_invalid_argumentPKc
                0x00000000        0x0 ipp_dev.o
 .rela.text._ZSt20__throw_domain_errorPKc
                0x00000000        0x0 ipp_dev.o
 .rela.text._ZSt19__throw_range_errorPKc
                0x00000000        0x0 ipp_dev.o
 .rela.text._ZSt21__throw_runtime_errorPKc
                0x00000000        0x0 ipp_dev.o
 .rela.text._ZSt20__throw_out_of_rangePKc
                0x00000000        0x0 ipp_dev.o
 .rela.text._ZSt20__throw_length_errorPKc
                0x00000000        0x0 ipp_dev.o
 .rela.text._ZNSt8ios_base7failureD1Ev
                0x00000000        0x0 ipp_dev.o
 .rela.text._ZNSt8ios_base7failureC1ERKSs
                0x00000000        0x0 ipp_dev.o
 .rela.text._ZNSt8ios_base7failureC2ERKSs
                0x00000000        0x0 ipp_dev.o
 .rela.text._ZNSt8ios_base7failureD2Ev
                0x00000000        0x0 ipp_dev.o
 .rela.text._ZNSt8ios_base7failureD0Ev
                0x00000000        0x0 ipp_dev.o
 .rela.text._ZNSt11logic_errorD1Ev
                0x00000000        0x0 ipp_dev.o
 .rela.text._ZNSt13runtime_errorC2ERKSs
                0x00000000        0x0 ipp_dev.o
 .rela.text._ZNSt15underflow_errorC1ERKSs
                0x00000000        0x0 ipp_dev.o
 .rela.text._ZNSt15underflow_errorC2ERKSs
                0x00000000        0x0 ipp_dev.o
 .rela.text._ZNSt14overflow_errorC1ERKSs
                0x00000000        0x0 ipp_dev.o
 .rela.text._ZNSt14overflow_errorC2ERKSs
                0x00000000        0x0 ipp_dev.o
 .rela.text._ZNSt11range_errorC1ERKSs
                0x00000000        0x0 ipp_dev.o
 .rela.text._ZNSt11range_errorC2ERKSs
                0x00000000        0x0 ipp_dev.o
 .rela.text._ZNSt11logic_errorC1ERKSs
                0x00000000        0x0 ipp_dev.o
 .rela.text._ZNSt11logic_errorC2ERKSs
                0x00000000        0x0 ipp_dev.o
 .rela.text._ZNSt12out_of_rangeC1ERKSs
                0x00000000        0x0 ipp_dev.o
 .rela.text._ZNSt12out_of_rangeC2ERKSs
                0x00000000        0x0 ipp_dev.o
 .rela.text._ZNSt12length_errorC1ERKSs
                0x00000000        0x0 ipp_dev.o
 .rela.text._ZNSt12length_errorC2ERKSs
                0x00000000        0x0 ipp_dev.o
 .rela.text._ZNSt16invalid_argumentC1ERKSs
                0x00000000        0x0 ipp_dev.o
 .rela.text._ZNSt16invalid_argumentC2ERKSs
                0x00000000        0x0 ipp_dev.o
 .rela.text._ZNSt12domain_errorC1ERKSs
                0x00000000        0x0 ipp_dev.o
 .rela.text._ZNSt12domain_errorC2ERKSs
                0x00000000        0x0 ipp_dev.o
 .rela.text._ZNSt13runtime_errorC1ERKSs
                0x00000000        0x0 ipp_dev.o
 .rela.text._ZNSt13runtime_errorD1Ev
                0x00000000        0x0 ipp_dev.o
 .rela.text._ZNSt13runtime_errorD2Ev
                0x00000000        0x0 ipp_dev.o
 .rela.text._ZNSt13runtime_errorD0Ev
                0x00000000        0x0 ipp_dev.o
 .rela.text._ZNSt11logic_errorD2Ev
                0x00000000        0x0 ipp_dev.o
 .rela.text._ZNSt11logic_errorD0Ev
                0x00000000        0x0 ipp_dev.o
 .rela.text._ZNSs12_S_empty_repEv
                0x00000000        0x0 ipp_dev.o
 .rela.text._ZNSsC1Ev
                0x00000000        0x0 ipp_dev.o
 .rela.text._ZNSs4_Rep12_S_empty_repEv
                0x00000000        0x0 ipp_dev.o
 .rela.text._ZNSs4_Rep10_M_refcopyEv
                0x00000000        0x0 ipp_dev.o
 .rela.text._ZNSs9_M_assignEPcjc
                0x00000000        0x0 ipp_dev.o
 .rela.text._ZNSs7_M_moveEPcPKcj
                0x00000000        0x0 ipp_dev.o
 .rela.text._ZNSs7_M_copyEPcPKcj
                0x00000000        0x0 ipp_dev.o
 .rela.text._ZNKSs4findEcj
                0x00000000        0x0 ipp_dev.o
 .rela.text._ZNKSs13find_first_ofEcj
                0x00000000        0x0 ipp_dev.o
 .rela.text._ZNSsC2Ev
                0x00000000        0x0 ipp_dev.o
 .rela.text._ZNKSs12find_last_ofEcj
                0x00000000        0x0 ipp_dev.o
 .rela.text._ZNSs4_Rep9_S_createEjjRKSaIcE
                0x00000000        0x0 ipp_dev.o
 .rela.text._ZNSs4_Rep10_M_destroyERKSaIcE
                0x00000000        0x0 ipp_dev.o
 .rela.text._ZNSs4_Rep10_M_disposeERKSaIcE
                0x00000000        0x0 ipp_dev.o
 .rela.text._ZNKSs16find_last_not_ofEPKcjj
                0x00000000        0x0 ipp_dev.o
 .rela.text._ZNKSs16find_last_not_ofERKSsj
                0x00000000        0x0 ipp_dev.o
 .rela.text._ZNKSs17find_first_not_ofEPKcjj
                0x00000000        0x0 ipp_dev.o
 .rela.text._ZNKSs17find_first_not_ofERKSsj
                0x00000000        0x0 ipp_dev.o
 .rela.text._ZNKSs12find_last_ofEPKcjj
                0x00000000        0x0 ipp_dev.o
 .rela.text._ZNKSs12find_last_ofERKSsj
                0x00000000        0x0 ipp_dev.o
 .rela.text._ZNKSs13find_first_ofEPKcjj
                0x00000000        0x0 ipp_dev.o
 .rela.text._ZNKSs13find_first_ofERKSsj
                0x00000000        0x0 ipp_dev.o
 .rela.text._ZNKSs7compareERKSs
                0x00000000        0x0 ipp_dev.o
 .rela.text._ZNKSs5rfindEPKcjj
                0x00000000        0x0 ipp_dev.o
 .rela.text._ZNKSs5rfindERKSsj
                0x00000000        0x0 ipp_dev.o
 .rela.text._ZNKSs4findEPKcjj
                0x00000000        0x0 ipp_dev.o
 .rela.text._ZNKSs4findERKSsj
                0x00000000        0x0 ipp_dev.o
 .rela.text._ZNKSs7compareEPKc
                0x00000000        0x0 ipp_dev.o
 .rela.text._ZNKSs16find_last_not_ofEPKcj
                0x00000000        0x0 ipp_dev.o
 .rela.text._ZNKSs17find_first_not_ofEPKcj
                0x00000000        0x0 ipp_dev.o
 .rela.text._ZNKSs12find_last_ofEPKcj
                0x00000000        0x0 ipp_dev.o
 .rela.text._ZNKSs13find_first_ofEPKcj
                0x00000000        0x0 ipp_dev.o
 .rela.text._ZNKSs5rfindEPKcj
                0x00000000        0x0 ipp_dev.o
 .rela.text._ZNKSs4findEPKcj
                0x00000000        0x0 ipp_dev.o
 .rela.text._ZNSs12_S_constructEjcRKSaIcE
                0x00000000        0x0 ipp_dev.o
 .rela.text._ZNSsC1EjcRKSaIcE
                0x00000000        0x0 ipp_dev.o
 .rela.text._ZNSsC2EjcRKSaIcE
                0x00000000        0x0 ipp_dev.o
 .rela.text._ZNSsC1ERKSaIcE
                0x00000000        0x0 ipp_dev.o
 .rela.text._ZNSsC2ERKSaIcE
                0x00000000        0x0 ipp_dev.o
 .rela.text._ZNKSs7compareEjjPKcj
                0x00000000        0x0 ipp_dev.o
 .rela.text._ZNKSs7compareEjjPKc
                0x00000000        0x0 ipp_dev.o
 .rela.text._ZNKSs7compareEjjRKSsjj
                0x00000000        0x0 ipp_dev.o
 .rela.text._ZNKSs7compareEjjRKSs
                0x00000000        0x0 ipp_dev.o
 .rela.text._ZNSsD1Ev
                0x00000000        0x0 ipp_dev.o
 .rela.text._ZNSsD2Ev
                0x00000000        0x0 ipp_dev.o
 .rela.text._ZNSs13_S_copy_charsEPcS_S_
                0x00000000        0x0 ipp_dev.o
 .rela.text._ZNSs4_Rep8_M_cloneERKSaIcEj
                0x00000000        0x0 ipp_dev.o
 .rela.text._ZNSs4_Rep7_M_grabERKSaIcES2_
                0x00000000        0x0 ipp_dev.o
 .rela.text._ZNSs7reserveEj
                0x00000000        0x0 ipp_dev.o
 .rela.text._ZNSs9push_backEc
                0x00000000        0x0 ipp_dev.o
 .rela.text._ZNSs6appendEjc
                0x00000000        0x0 ipp_dev.o
 .rela.text._ZNSspLEc
                0x00000000        0x0 ipp_dev.o
 .rela.text._ZNKSs4copyEPcjj
                0x00000000        0x0 ipp_dev.o
 .rela.text._ZNSs6appendEPKcj
                0x00000000        0x0 ipp_dev.o
 .rela.text._ZNSs6appendEPKc
                0x00000000        0x0 ipp_dev.o
 .rela.text._ZNSspLEPKc
                0x00000000        0x0 ipp_dev.o
 .rela.text._ZNSs6appendERKSsjj
                0x00000000        0x0 ipp_dev.o
 .rela.text._ZNSs6appendERKSs
                0x00000000        0x0 ipp_dev.o
 .rela.text._ZNSspLERKSs
                0x00000000        0x0 ipp_dev.o
 .rela.text._ZNSs9_M_mutateEjjj
                0x00000000        0x0 ipp_dev.o
 .rela.text._ZNSs15_M_replace_safeEjjPKcj
                0x00000000        0x0 ipp_dev.o
 .rela.text._ZNSs6assignEPKcj
                0x00000000        0x0 ipp_dev.o
 .rela.text._ZNSs6assignEPKc
                0x00000000        0x0 ipp_dev.o
 .rela.text._ZNSs6assignERKSsjj
                0x00000000        0x0 ipp_dev.o
 .rela.text._ZNSsaSEPKc
                0x00000000        0x0 ipp_dev.o
 .rela.text._ZNSs14_M_replace_auxEjjjc
                0x00000000        0x0 ipp_dev.o
 .rela.text._ZNSs7replaceEN9__gnu_cxx17__normal_iteratorIPcSsEES2_jc
                0x00000000        0x0 ipp_dev.o
 .rela.text._ZNSs7replaceEjjjc
                0x00000000        0x0 ipp_dev.o
 .rela.text._ZNSs6insertEN9__gnu_cxx17__normal_iteratorIPcSsEEc
                0x00000000        0x0 ipp_dev.o
 .rela.text._ZNSs6insertEjjc
                0x00000000        0x0 ipp_dev.o
 .rela.text._ZNSs6assignEjc
                0x00000000        0x0 ipp_dev.o
 .rela.text._ZNSsaSEc
                0x00000000        0x0 ipp_dev.o
 .rela.text._ZNSs6insertEN9__gnu_cxx17__normal_iteratorIPcSsEEjc
                0x00000000        0x0 ipp_dev.o
 .rela.text._ZNSs5eraseEN9__gnu_cxx17__normal_iteratorIPcSsEES2_
                0x00000000        0x0 ipp_dev.o
 .rela.text._ZNSs5eraseEN9__gnu_cxx17__normal_iteratorIPcSsEE
                0x00000000        0x0 ipp_dev.o
 .rela.text._ZNSs5eraseEjj
                0x00000000        0x0 ipp_dev.o
 .rela.text._ZNSs6insertEjPKcj
                0x00000000        0x0 ipp_dev.o
 .rela.text._ZNSs6insertEjPKc
                0x00000000        0x0 ipp_dev.o
 .rela.text._ZNSs6insertEjRKSsjj
                0x00000000        0x0 ipp_dev.o
 .rela.text._ZNSs6insertEjRKSs
                0x00000000        0x0 ipp_dev.o
 .rela.text._ZNSs5clearEv
                0x00000000        0x0 ipp_dev.o
 .rela.text._ZNSs12_M_leak_hardEv
                0x00000000        0x0 ipp_dev.o
 .rela.text._ZNSs7_M_leakEv
                0x00000000        0x0 ipp_dev.o
 .rela.text._ZNSs2atEj
                0x00000000        0x0 ipp_dev.o
 .rela.text._ZNSsixEj
                0x00000000        0x0 ipp_dev.o
 .rela.text._ZNSs3endEv
                0x00000000        0x0 ipp_dev.o
 .rela.text._ZNSs5beginEv
                0x00000000        0x0 ipp_dev.o
 .rela.text._ZNSs4rendEv
                0x00000000        0x0 ipp_dev.o
 .rela.text._ZNSs6rbeginEv
                0x00000000        0x0 ipp_dev.o
 .rela.text._ZNSs6resizeEjc
                0x00000000        0x0 ipp_dev.o
 .rela.text._ZNSs6resizeEj
                0x00000000        0x0 ipp_dev.o
 .rela.text._ZNSs13_S_copy_charsEPcPKcS1_
                0x00000000        0x0 ipp_dev.o
 .rela.text._ZNSs13_S_copy_charsEPcN9__gnu_cxx17__normal_iteratorIPKcSsEES4_
                0x00000000        0x0 ipp_dev.o
 .rela.text._ZNSs13_S_copy_charsEPcN9__gnu_cxx17__normal_iteratorIS_SsEES2_
                0x00000000        0x0 ipp_dev.o
 .rela.text._ZNSs12_S_constructIPKcEEPcT_S3_RKSaIcESt20forward_iterator_tag
                0x00000000        0x0 ipp_dev.o
 .rela.text._ZNSsC2EPKcRKSaIcE
                0x00000000        0x0 ipp_dev.o
 .rela.text._ZNSsC1IPKcEET_S2_RKSaIcE
                0x00000000        0x0 ipp_dev.o
 .rela.text._ZNSsC2IPKcEET_S2_RKSaIcE
                0x00000000        0x0 ipp_dev.o
 .rela.text._ZNSsC1EPKcRKSaIcE
                0x00000000        0x0 ipp_dev.o
 .rela.text._ZNSsC1EPKcjRKSaIcE
                0x00000000        0x0 ipp_dev.o
 .rela.text._ZNSsC2EPKcjRKSaIcE
                0x00000000        0x0 ipp_dev.o
 .rela.text._ZNSs12_S_constructIPcEES0_T_S1_RKSaIcESt20forward_iterator_tag
                0x00000000        0x0 ipp_dev.o
 .rela.text._ZNSsC2ERKSsjj
                0x00000000        0x0 ipp_dev.o
 .rela.text._ZNSsC1IPcEET_S1_RKSaIcE
                0x00000000        0x0 ipp_dev.o
 .rela.text._ZNSsC1ERKSsjj
                0x00000000        0x0 ipp_dev.o
 .rela.text._ZNKSs6substrEjj
                0x00000000        0x0 ipp_dev.o
 .rela.text._ZNSsC1ERKSsjjRKSaIcE
                0x00000000        0x0 ipp_dev.o
 .rela.text._ZNSsC2ERKSsjjRKSaIcE
                0x00000000        0x0 ipp_dev.o
 .rela.text._ZNSsC2IPcEET_S1_RKSaIcE
                0x00000000        0x0 ipp_dev.o
 .rela.text._ZNSs12_S_constructIN9__gnu_cxx17__normal_iteratorIPcSsEEEES2_T_S4_RKSaIcESt20forward_iterator_tag
                0x00000000        0x0 ipp_dev.o
 .rela.text._ZNSsC1IN9__gnu_cxx17__normal_iteratorIPcSsEEEET_S4_RKSaIcE
                0x00000000        0x0 ipp_dev.o
 .rela.text._ZNSsC2IN9__gnu_cxx17__normal_iteratorIPcSsEEEET_S4_RKSaIcE
                0x00000000        0x0 ipp_dev.o
 .rela.text._ZNSs6assignERKSs
                0x00000000        0x0 ipp_dev.o
 .rela.text._ZNSsaSERKSs
                0x00000000        0x0 ipp_dev.o
 .rela.text._ZNSsC1ERKSs
                0x00000000        0x0 ipp_dev.o
 .rela.text._ZNSsC2ERKSs
                0x00000000        0x0 ipp_dev.o
 .rela.text._ZStplIcSt11char_traitsIcESaIcEESbIT_T0_T1_ERKS6_S8_
                0x00000000        0x0 ipp_dev.o
 .rela.text._ZNSs7replaceEjjPKcj
                0x00000000        0x0 ipp_dev.o
 .rela.text._ZNSs7replaceEN9__gnu_cxx17__normal_iteratorIPcSsEES2_NS0_IPKcSsEES5_
                0x00000000        0x0 ipp_dev.o
 .rela.text._ZNSs7replaceEN9__gnu_cxx17__normal_iteratorIPcSsEES2_S2_S2_
                0x00000000        0x0 ipp_dev.o
 .rela.text._ZNSs7replaceEN9__gnu_cxx17__normal_iteratorIPcSsEES2_PKcS4_
                0x00000000        0x0 ipp_dev.o
 .rela.text._ZNSs7replaceEN9__gnu_cxx17__normal_iteratorIPcSsEES2_S1_S1_
                0x00000000        0x0 ipp_dev.o
 .rela.text._ZNSs7replaceEN9__gnu_cxx17__normal_iteratorIPcSsEES2_PKcj
                0x00000000        0x0 ipp_dev.o
 .rela.text._ZNSs7replaceEjjPKc
                0x00000000        0x0 ipp_dev.o
 .rela.text._ZNSs7replaceEjjRKSsjj
                0x00000000        0x0 ipp_dev.o
 .rela.text._ZNSs7replaceEjjRKSs
                0x00000000        0x0 ipp_dev.o
 .rela.text._ZNSs7replaceEN9__gnu_cxx17__normal_iteratorIPcSsEES2_PKc
                0x00000000        0x0 ipp_dev.o
 .rela.text._ZNSs7replaceEN9__gnu_cxx17__normal_iteratorIPcSsEES2_RKSs
                0x00000000        0x0 ipp_dev.o
 .rela.text._ZStplIcSt11char_traitsIcESaIcEESbIT_T0_T1_ES3_RKS6_
                0x00000000        0x0 ipp_dev.o
 .rela.text._ZStplIcSt11char_traitsIcESaIcEESbIT_T0_T1_EPKS3_RKS6_
                0x00000000        0x0 ipp_dev.o

.rel.fini
 *(.rel.fini)

.rela.fini
 *(.rela.fini)

.rel.rodata
 *(.rel.rodata .rel.rodata.* .rel.gnu.linkonce.r.*)

.rela.rodata    0x01000054        0x0
 *(.rela.rodata .rela.rodata.* .rela.gnu.linkonce.r.*)
 .rela.rodata   0x00000000        0x0 ipp_dev.o
 .rela.rodata._ZTISt15underflow_error
                0x00000000        0x0 ipp_dev.o
 .rela.rodata._ZTVSt15underflow_error
                0x00000000        0x0 ipp_dev.o
 .rela.rodata._ZTISt14overflow_error
                0x00000000        0x0 ipp_dev.o
 .rela.rodata._ZTVSt14overflow_error
                0x00000000        0x0 ipp_dev.o
 .rela.rodata._ZTISt11range_error
                0x00000000        0x0 ipp_dev.o
 .rela.rodata._ZTVSt11range_error
                0x00000000        0x0 ipp_dev.o
 .rela.rodata._ZTISt12out_of_range
                0x00000000        0x0 ipp_dev.o
 .rela.rodata._ZTVSt12out_of_range
                0x00000000        0x0 ipp_dev.o
 .rela.rodata._ZTISt12length_error
                0x00000000        0x0 ipp_dev.o
 .rela.rodata._ZTVSt12length_error
                0x00000000        0x0 ipp_dev.o
 .rela.rodata._ZTISt16invalid_argument
                0x00000000        0x0 ipp_dev.o
 .rela.rodata._ZTVSt16invalid_argument
                0x00000000        0x0 ipp_dev.o
 .rela.rodata._ZTISt12domain_error
                0x00000000        0x0 ipp_dev.o
 .rela.rodata._ZTVSt12domain_error
                0x00000000        0x0 ipp_dev.o
 .rela.rodata._ZTVNSt8ios_base7failureE
                0x00000000        0x0 ipp_dev.o
 .rela.rodata._ZTINSt8ios_base7failureE
                0x00000000        0x0 ipp_dev.o
 .rela.rodata._ZTVSt13runtime_error
                0x00000000        0x0 ipp_dev.o
 .rela.rodata._ZTVSt11logic_error
                0x00000000        0x0 ipp_dev.o
 .rela.rodata._ZTISt13runtime_error
                0x00000000        0x0 ipp_dev.o
 .rela.rodata._ZTISt11logic_error
                0x00000000        0x0 ipp_dev.o

.rel.data.rel.ro
 *(.rel.data.rel.ro* .rel.gnu.linkonce.d.rel.ro.*)

.rela.data.rel.ro
                0x01000054        0x0
 *(.rela.data.rel.ro* .rela.gnu.linkonce.d.rel.ro.*)
 .rela.data.rel.ro._ZTV10AttrGroups
                0x00000000        0x0 ipp_dev.o
 .rela.data.rel.ro._ZTVSt13bad_exception
                0x00000000        0x0 ipp_dev.o
 .rela.data.rel.ro._ZTVSt9exception
                0x00000000        0x0 ipp_dev.o
 .rela.data.rel.ro._ZTISt13bad_exception
                0x00000000        0x0 ipp_dev.o
 .rela.data.rel.ro._ZTVSt9bad_alloc
                0x00000000        0x0 ipp_dev.o
 .rela.data.rel.ro._ZTISt9bad_alloc
                0x00000000        0x0 ipp_dev.o
 .rela.data.rel.ro._ZTVN10__cxxabiv121__vmi_class_type_infoE
                0x00000000        0x0 ipp_dev.o
 .rela.data.rel.ro._ZTVN10__cxxabiv120__si_class_type_infoE
                0x00000000        0x0 ipp_dev.o
 .rela.data.rel.ro._ZTVN10__cxxabiv117__class_type_infoE
                0x00000000        0x0 ipp_dev.o
 .rela.data.rel.ro._ZTVSt10bad_typeid
                0x00000000        0x0 ipp_dev.o
 .rela.data.rel.ro._ZTVSt8bad_cast
                0x00000000        0x0 ipp_dev.o
 .rela.data.rel.ro._ZTVSt9type_info
                0x00000000        0x0 ipp_dev.o
 .rela.data.rel.ro._ZTIN10__cxxabiv121__vmi_class_type_infoE
                0x00000000        0x0 ipp_dev.o
 .rela.data.rel.ro._ZTIN10__cxxabiv120__si_class_type_infoE
                0x00000000        0x0 ipp_dev.o
 .rela.data.rel.ro._ZTIN10__cxxabiv117__class_type_infoE
                0x00000000        0x0 ipp_dev.o
 .rela.data.rel.ro._ZTISt10bad_typeid
                0x00000000        0x0 ipp_dev.o
 .rela.data.rel.ro._ZTISt8bad_cast
                0x00000000        0x0 ipp_dev.o

.rel.data
 *(.rel.data .rel.data.* .rel.gnu.linkonce.d.*)

.rela.data
 *(.rela.data .rela.data.* .rela.gnu.linkonce.d.*)

.rel.tdata
 *(.rel.tdata .rel.tdata.* .rel.gnu.linkonce.td.*)

.rela.tdata
 *(.rela.tdata .rela.tdata.* .rela.gnu.linkonce.td.*)

.rel.tbss
 *(.rel.tbss .rel.tbss.* .rel.gnu.linkonce.tb.*)

.rela.tbss
 *(.rela.tbss .rela.tbss.* .rela.gnu.linkonce.tb.*)

.rel.ctors
 *(.rel.ctors)

.rela.ctors
 *(.rela.ctors)

.rel.dtors
 *(.rel.dtors)

.rela.dtors
 *(.rela.dtors)

.rel.got
 *(.rel.got)

.rela.got
 *(.rela.got)

.rel.sdata
 *(.rel.sdata .rel.sdata.* .rel.gnu.linkonce.s.*)

.rela.sdata     0x01000054        0x0
 *(.rela.sdata .rela.sdata.* .rela.gnu.linkonce.s.*)
 .rela.sdata._ZTI10AttrGroups
                0x00000000        0x0 ipp_dev.o
 .rela.sdata._ZTISt9exception
                0x00000000        0x0 ipp_dev.o
 .rela.sdata._ZN10__cxxabiv119__terminate_handlerE
                0x00000000        0x0 ipp_dev.o
 .rela.sdata.DW.ref._ZTISt9bad_alloc
                0x00000000        0x0 ipp_dev.o
 .rela.sdata._ZTISt9type_info
                0x00000000        0x0 ipp_dev.o
 .rela.sdata.DW.ref._ZTISt9exception
                0x00000000        0x0 ipp_dev.o

.rel.sbss
 *(.rel.sbss .rel.sbss.* .rel.gnu.linkonce.sb.*)

.rela.sbss
 *(.rela.sbss .rela.sbss.* .rela.gnu.linkonce.sb.*)

.rel.sdata2
 *(.rel.sdata2 .rel.sdata2.* .rel.gnu.linkonce.s2.*)

.rela.sdata2
 *(.rela.sdata2 .rela.sdata2.* .rela.gnu.linkonce.s2.*)

.rel.sbss2
 *(.rel.sbss2 .rel.sbss2.* .rel.gnu.linkonce.sb2.*)

.rela.sbss2
 *(.rela.sbss2 .rela.sbss2.* .rela.gnu.linkonce.sb2.*)

.rel.bss
 *(.rel.bss .rel.bss.* .rel.gnu.linkonce.b.*)

.rela.bss
 *(.rela.bss .rela.bss.* .rela.gnu.linkonce.b.*)

.rel.plt
 *(.rel.plt)

.rela.plt
 *(.rela.plt)

.init
 *(.init)

.text           0x01000054    0x4607c
 *(.text .stub .text.* .gnu.linkonce.t.*)
 .text          0x01000054     0x12a8 ipp_dev.o
                0x01000424                _start
                0x01000ce8                SPrintf
                0x01000054                ReturnError
 .text          0x010012fc      0x12c dev_68k.o
 .text          0x01001428     0x19d4 ../ipr/ipr.o
                0x01001b48                dumpMessage(_ipp_s*)
                0x01001948                displayOptions()
                0x0100142c                write_cb(void*, unsigned char*, unsigned int)
                0x010019fc                hex_dump(unsigned char*, int)
                0x01001c7c                main
                0x01001c08                pathnameToFilename(char const*)
                0x01001544                ipp_print_file
 .text          0x01002dfc      0xdac ../ipr/iprutil.o
                0x01003074                ippMessageSetAttr
                0x010031ac                defineAdd
                0x01003150                ippCreateWithHeader
                0x0100356c                loadOptionsBuffer
                0x01002e2c                IPROptions::IPROptions()
                0x010034a0                bufferToFile
                0x01002ee0                defineClean
                0x01002f64                ippIsAttributeString
                0x01002dfc                IPROptions::IPROptions()
                0x01003a44                stdinToBuffer
                0x01002f2c                defineGet
                0x010039b4                loadOptions
                0x01002e60                errCodeToString
                0x0100331c                fileToBuffer
                0x01002fa8                ippNameToType
 .text          0x01003ba8     0x2e9c ../ipr/AttrGroups.o
                0x01005440                AttrGroups::AttrGroups(_ipp_s*, ipp_tag_e)
                0x010062e4                AttrGroups::AttrGroups(_ipp_s*, ipp_tag_e)
                0x010049a8                AttrGroups::populateValues(_ipp_s*, ipp_tag_e)
                0x010058e0                AttrGroups::~AttrGroups()
                0x01005184                AttrGroups::~AttrGroups()
                0x010043a8                AttrGroups::ippCountAttributesInGroup(_ipp_s*, ipp_tag_e, std::map<std::string, int, std::less<std::string>, std::allocator<std::pair<std::string const, int> > >&, unsigned int*, unsigned int*)
                0x01006784                AttrGroups::~AttrGroups()
                0x01003ba8                AttrGroups::ippResetIterator(_ipp_s*)
                0x010040bc                AttrGroups::nameForIndex(int)
                0x01003bbc                AttrGroups::ippFindNextAttributeInGroup(_ipp_s*, ipp_tag_e)
                0x01004150                AttrGroups::indexOfName(char const*)
                0x01003da0                AttrGroups::ippValueToString(_ipp_attribute_s*, std::string&)
                0x01003c60                AttrGroups::GetDateTime(long)
                0x01005b9c                AttrGroups::print(char*, char*, AttrGroups::EOutputStyle)
 .text._ZNSt8_Rb_treeISsSt4pairIKSsiESt10_Select1stIS2_ESt4lessISsESaIS2_EE4findERS1_
                0x01006a44      0x17c ../ipr/AttrGroups.o
                0x01006a44                std::_Rb_tree<std::string, std::pair<std::string const, int>, std::_Select1st<std::pair<std::string const, int> >, std::less<std::string>, std::allocator<std::pair<std::string const, int> > >::find(std::string const&)
 .text._ZNSt8_Rb_treeISsSt4pairIKSsiESt10_Select1stIS2_ESt4lessISsESaIS2_EE9_M_insertEPSt18_Rb_tree_node_baseSA_RKS2_
                0x01006bc0      0x304 ../ipr/AttrGroups.o
                0x01006bc4                std::_Rb_tree<std::string, std::pair<std::string const, int>, std::_Select1st<std::pair<std::string const, int> >, std::less<std::string>, std::allocator<std::pair<std::string const, int> > >::_M_insert(std::_Rb_tree_node_base*, std::_Rb_tree_node_base*, std::pair<std::string const, int> const&)
 .text._ZNSt8_Rb_treeISsSt4pairIKSsiESt10_Select1stIS2_ESt4lessISsESaIS2_EE16_M_insert_uniqueERKS2_
                0x01006ec4      0x1a4 ../ipr/AttrGroups.o
                0x01006ec4                std::_Rb_tree<std::string, std::pair<std::string const, int>, std::_Select1st<std::pair<std::string const, int> >, std::less<std::string>, std::allocator<std::pair<std::string const, int> > >::_M_insert_unique(std::pair<std::string const, int> const&)
 .text._ZNSt8_Rb_treeISsSt4pairIKSsiESt10_Select1stIS2_ESt4lessISsESaIS2_EE8_M_eraseEPSt13_Rb_tree_nodeIS2_E
                0x01007068       0xc8 ../ipr/AttrGroups.o
                0x0100706c                std::_Rb_tree<std::string, std::pair<std::string const, int>, std::_Select1st<std::pair<std::string const, int> >, std::less<std::string>, std::allocator<std::pair<std::string const, int> > >::_M_erase(std::_Rb_tree_node<std::pair<std::string const, int> >*)
 .text._ZNSt6vectorISsSaISsEE13_M_insert_auxEN9__gnu_cxx17__normal_iteratorIPSsS1_EERKSs
                0x01007130      0x77c ../ipr/AttrGroups.o
                0x01007134                std::vector<std::string, std::allocator<std::string> >::_M_insert_aux(__gnu_cxx::__normal_iterator<std::string*, std::vector<std::string, std::allocator<std::string> > >, std::string const&)
 .text          0x010078ac     0x4bfc ../cups/libcups.a(http.o)
                0x0100ae44                httpGet
                0x01009eb0                httpReadRequest
                0x01007ac0                httpGetRemaining
                0x01008dcc                httpSetAuthString
                0x0100a92c                httpPrintf
                0x01008d1c                httpSetLength
                0x010078c8                httpError
                0x0100c484                httpGetSubField
                0x0100ba14                httpAddCredential
                0x01008a9c                httpWait
                0x0100b278                httpInitialize
                0x01009674                httpGetLength2
                0x01007bac                httpSetKeepAlive
                0x01008a7c                httpWrite
                0x01009080                httpSetField
                0x01007c90                httpFieldValue
                0x01009648                httpReconnect
                0x010094b8                _httpDisconnect
                0x010079a8                httpGetFd
                0x01007968                httpGetEncryption
                0x0100bac0                httpAcceptConnection
                0x01007a6c                httpGetPending
                0x0100b840                httpConnect2
                0x01007a4c                httpGetKeepAlive
                0x0100b934                httpCompareCredentials
                0x01007b40                httpIsChunked
                0x01008b68                httpCheck
                0x01008c88                httpSetTimeout
                0x01007b94                httpSetExpect
                0x01007b68                httpIsEncrypted
                0x010093e4                httpSetCookie
                0x01007d3c                httpClearCookie
                0x01007988                httpGetExpect
                0x0100adf4                httpPut
                0x0100bf28                httpUpdate
                0x0100ae58                httpDelete
                0x01007948                httpGetCookie
                0x01007908                httpGetAuthString
                0x010078e8                httpGetActivity
                0x01009500                httpReconnect2
                0x01009468                httpSetCredentials
                0x010079c8                httpGetField
                0x01007928                httpGetBlocking
                0x0100b7cc                httpClose
                0x01007d80                _httpWait
                0x0100c014                httpGetSubField2
                0x0100b588                httpFreeCredentials
                0x0100b8c4                httpConnectEncrypt
                0x01007b00                httpGetStatus
                0x0100ae08                httpPost
                0x01009834                httpGetLength
                0x0100bc34                _httpUpdate
                0x010092e8                httpClearFields
                0x0100b2e4                httpGetContentEncoding
                0x0100a668                httpPeek
                0x0100ae1c                httpOptions
                0x01007b20                httpGetVersion
                0x01008f58                httpSetDefaultField
                0x01007a8c                httpGetReady
                0x01007ae0                httpGetState
                0x0100829c                httpFlushWrite
                0x0100ae70                httpWriteResponse
                0x0100a570                httpFlush
                0x0100ae30                httpHead
                0x01008b8c                httpShutdown
                0x01009ad0                httpGets
                0x0100ade0                httpTrace
                0x0100a550                httpRead
                0x01007c6c                httpBlocking
                0x010087a0                httpWrite2
                0x0100a224                httpRead2
                0x010078ac                httpEncryption
                0x0100b8fc                httpConnect
 .text          0x0100c4a8      0x9c0 ../cups/libcups.a(http-addr.o)
                0x0100cd28                httpAddrListen
                0x0100c638                httpGetAddress
                0x0100c604                _httpAddrSetPort
                0x0100ccf8                httpAddrClose
                0x0100ca74                httpAddrLookup
                0x0100c53c                httpAddrLength
                0x0100c65c                httpGetHostname
                0x0100c56c                httpAddrLocalhost
                0x0100c800                httpGetHostByName
                0x0100c4e0                httpAddrEqual
                0x0100c5b0                httpAddrFamily
                0x0100c4a8                httpAddrAny
                0x0100c978                httpAddrString
                0x0100c5d0                httpAddrPort
                0x0100cbc8                httpResolveHostname
 .text          0x0100ce68      0xd90 ../cups/libcups.a(http-addrlist.o)
                0x0100d554                httpAddrConnect2
                0x0100ce68                httpAddrFreeList
                0x0100ceb4                httpAddrGetList
                0x0100dbd0                httpAddrConnect
                0x0100d458                httpAddrCopyList
 .text          0x0100dbf8     0x20e0 ../cups/libcups.a(http-support.o)
                0x0100f3c0                httpGetDateString2
                0x0100dbf8                httpDecode64_2
                0x0100ef30                _httpResolveURI
                0x0100f998                httpAssembleUUID
                0x0100ddc8                httpDecode64
                0x0100f4e8                httpAssembleURI
                0x0100e3e0                _httpDecodeURI
                0x0100f090                httpSeparate2
                0x0100e728                httpStatus
                0x0100e7ac                httpSeparateURI
                0x0100f17c                httpEncode64
                0x0100e52c                _httpStatus
                0x0100f124                httpSeparate
                0x0100e434                httpURIStatusString
                0x0100f1d8                httpGetDateTime
                0x0100f4a0                httpGetDateString
                0x0100e1b0                _httpEncodeURI
                0x0100ddfc                httpEncode64_2
                0x0100fb4c                httpAssembleURIf
                0x0100dfb8                httpStateString
 .text          0x0100fcd8     0x6d40 ../cups/libcups.a(ipp.o)
                0x01014c7c                ippAddBooleans
                0x01013aec                ippWrite
                0x01012b7c                ippSetOctetString
                0x01016914                ippCopyAttributes
                0x0100fe20                ippGetCollection
                0x01012a14                ippSetCollection
                0x0100fdd4                ippGetBoolean
                0x01010138                ippGetStatusCode
                0x0100fed0                ippGetGroupTag
                0x01016320                ippDateToTime
                0x01014b28                ippAddCollections
                0x01010368                ippSetStatusCode
                0x01012ae4                ippSetBoolean
                0x01012ca8                _cupsBufferGet
                0x01014400                ippAddStringf
                0x010116bc                ippTimeToDate
                0x010102f8                ippSetOperation
                0x0101641c                ippCopyAttribute
                0x01010158                ippGetValueTag
                0x01011df8                ippSetValueTag
                0x01011c0c                ippContainsString
                0x010128b4                ippSetInteger
                0x0100ff64                ippGetOctetString
                0x0101164c                ippValidateAttributes
                0x01012958                ippSetDate
                0x01014f58                ippNew
                0x01013c68                ippAddStrings
                0x01010824                ippValidateAttribute
                0x01014498                ippAddResolutions
                0x0100ffdc                ippGetOperation
                0x01015f64                ippFindNextAttribute
                0x01013f48                ippAddString
                0x01014a84                ippAddDate
                0x01011764                ippSetName
                0x0101038c                ippSetVersion
                0x0101031c                ippSetRequestId
                0x01010720                ippLength
                0x01011a94                ippDeleteValues
                0x0100fcec                ippContainsInteger
                0x01015ea0                ippNewRequest
                0x01010340                ippSetState
                0x0101483c                ippAddOctetString
                0x010119c4                ippDeleteAttribute
                0x01014d34                ippAddBoolean
                0x010126c4                ippSetStringf
                0x010162d0                ippFindAttribute
                0x01013a90                ippWriteFile
                0x01015c14                ippReadFile
                0x0100fef0                ippGetInteger
                0x01014160                ippAddStringfv
                0x0100fe68                ippGetCount
                0x01011b48                ippDelete
                0x01010118                ippGetState
                0x0101273c                ippSetResolution
                0x010122e8                ippSetString
                0x01014654                ippAddRanges
                0x010149e0                ippAddInteger
                0x0101446c                ippAddSeparator
                0x01010270                ippNextAttribute
                0x0101500c                ippReadIO
                0x01010068                ippGetRequestId
                0x0101472c                ippAddRange
                0x01014bec                ippAddCollection
                0x0100fffc                ippGetRange
                0x0101492c                ippAddIntegers
                0x01012d50                ippWriteIO
                0x0100ff44                ippGetName
                0x0100fdb4                ippFirstAttribute
                0x0100fcd8                _cupsBufferRelease
                0x01015cc8                ippNewResponse
                0x01010228                ippGetVersion
                0x01014590                ippAddResolution
                0x01010088                ippGetResolution
                0x0101280c                ippSetRange
                0x0100fe88                ippGetDate
                0x01012424                ippSetStringfv
                0x010102a4                ippSetGroupTag
                0x01015c68                ippRead
                0x0101017c                ippGetString
                0x010147c0                ippAddOutOfBand
 .text          0x01016a18      0x6f4 ../cups/libcups.a(langprintf.o)
                0x01016a1c                _cupsSetLocale
                0x01016bc4                _cupsLangPuts
                0x01016cb8                _cupsLangPrintf
                0x01016f88                _cupsLangPrintError
                0x01016e14                _cupsLangPrintFilter
 .text          0x0101710c      0xfb0 ../cups/libcups.a(language.o)
                0x010171dc                _cupsMessageNew
                0x01017110                _cupsEncodingName
                0x01018098                cupsLangDefault
                0x010177f0                cupsLangFlush
                0x01017880                _cupsLangString
                0x01017750                _cupsMessageFree
                0x010172f8                _cupsMessageLoad
                0x010172a4                _cupsMessageLookup
                0x01017a24                cupsLangGet
                0x01017174                cupsLangEncoding
                0x01017774                cupsLangFree
 .text          0x010180bc      0xca4 ../cups/libcups.a(md5.o)
                0x01018b0c                _cupsMD5Append
                0x01018c78                _cupsMD5Finish
                0x01018ac4                _cupsMD5Init
 .text          0x01018d60     0x11d4 ../cups/libcups.a(request.o)
                0x010193f0                cupsSendRequest
                0x010197b8                cupsReadResponseData
                0x01019e24                cupsDoFileRequest
                0x01019a8c                cupsDoIORequest
                0x01018df0                cupsLastError
                0x01019844                cupsGetResponse
                0x01018e14                _cupsSetError
                0x010190e8                _cupsConnect
                0x01018d60                _cupsNextDelay
                0x01019280                cupsWriteRequestData
                0x01018f38                _cupsSetHTTPError
                0x01019dfc                cupsDoRequest
                0x01018dcc                cupsLastErrorString
 .text          0x01019f34      0xe3c ../cups/libcups.a(string.o)
                0x0101a634                _cupsStrFormatd
                0x0101a568                _cupsStrFree
                0x0101ab84                _cups_strncasecmp
                0x0101a86c                _cupsStrFlush
                0x0101a1d4                _cupsStrRetain
                0x01019ffc                _cups_strlcat
                0x01019f34                _cups_strcpy
                0x0101aca0                _cups_strcasecmp
                0x0101a248                _cupsStrScand
                0x0101a0c0                _cupsStrStatistics
                0x0101a8f4                _cupsStrDate
                0x0101aa00                _cupsStrAlloc
                0x01019f80                _cups_strlcpy
 .text          0x0101ad70       0xe8 ../cups/libcups.a(thread.o)
                0x0101add0                _cupsRWLockWrite
                0x0101ade8                _cupsThreadCancel
                0x0101adb8                _cupsRWInit
                0x0101addc                _cupsRWUnlock
                0x0101adac                _cupsMutexUnlock
                0x0101ad70                _cupsCondBroadcast
                0x0101ae08                _cupsThreadCreate
                0x0101adc4                _cupsRWLockRead
                0x0101ada0                _cupsMutexLock
                0x0101ad7c                _cupsCondInit
                0x0101ad88                _cupsCondWait
                0x0101ad94                _cupsMutexInit
                0x0101adf4                _cupsThreadWait
 .text          0x0101ae58      0x688 ../cups/libcups.a(transcode.o)
                0x0101b228                cupsUTF8ToCharset
                0x0101b394                cupsCharsetToUTF8
                0x0101ae58                _cupsCharmapFlush
                0x0101ae64                cupsUTF8ToUTF32
                0x0101b048                cupsUTF32ToUTF8
 .text          0x0101b4e0     0x102c ../cups/libcups.a(usersys.o)
                0x0101b690                cupsGetPassword
                0x0101b738                cupsSetUser
                0x0101c3cc                cupsSetEncryption
                0x0101b648                cupsSetClientCertCB
                0x0101bca8                cupsSetServer
                0x0101c2f8                cupsUser
                0x0101c338                cupsServer
                0x0101bbb0                cupsSetUserAgent
                0x0101b4f0                cupsSetServerCertCB
                0x0101bf04                _cupsSetDefaults
                0x0101c378                cupsEncryption
                0x0101b53c                cupsSetPasswordCB2
                0x0101b5c8                cupsSetPasswordCB
                0x0101bc60                cupsUserAgent
                0x0101b4e0                _cupsGetPassword
                0x0101c474                cupsGetPassword2
                0x0101c414                cupsSetCredentials
 .text          0x0101c50c     0x12b4 ../cups/libcups.a(array.o)
                0x0101cf8c                cupsArrayNew
                0x0101c700                cupsArrayNext
                0x0101c50c                cupsArrayClear
                0x0101c750                cupsArrayPrev
                0x0101c6c0                cupsArrayLast
                0x0101c7f8                cupsArraySave
                0x0101d738                _cupsArrayNewStrings
                0x0101cc38                cupsArrayRemove
                0x0101d2c4                cupsArrayAdd
                0x0101cd8c                cupsArrayDelete
                0x0101c848                cupsArrayUserData
                0x0101caa4                cupsArrayFind
                0x0101d2f0                cupsArrayDup
                0x0101c668                cupsArrayGetInsert
                0x0101c798                cupsArrayRestore
                0x0101c610                cupsArrayFirst
                0x0101cf64                cupsArrayNew2
                0x0101c688                cupsArrayIndex
                0x0101c5b0                cupsArrayCount
                0x0101d298                cupsArrayInsert
                0x0101c648                cupsArrayGetIndex
                0x0101ce50                cupsArrayNew3
                0x0101c5d0                cupsArrayCurrent
                0x0101d45c                _cupsArrayAddStrings
 .text          0x0101d7c0      0x4b0 ../cups/libcups.a(auth.o)
                0x0101d7c4                cupsDoAuthentication
 .text          0x0101dc70     0x2bcc ../cups/libcups.a(file.o)
                0x0101f970                cupsFileOpen
                0x0101f194                cupsFilePrintf
                0x0101dce0                cupsFileNumber
                0x0101dd20                cupsFileUnlock
                0x0101ecdc                cupsFileGetLine
                0x010200a0                _cupsFileCheck
                0x0101ff6c                _cupsFileCheckFilter
                0x0101e804                cupsFileSeek
                0x0101dcb0                cupsFileLock
                0x0101dc70                cupsFileCompression
                0x0101e108                cupsFilePutChar
                0x0101eeec                cupsFilePuts
                0x0101f404                cupsFileOpenFd
                0x0101f058                cupsFilePutConf
                0x0101dc90                cupsFileEOF
                0x0102049c                cupsFileGetConf
                0x0101ee68                cupsFileGetChar
                0x0101fd00                cupsFileClose
                0x0101df08                cupsFileFlush
                0x0101f788                cupsFileStderr
                0x0101e1e4                cupsFileRewind
                0x0101dfa0                cupsFileWrite
                0x0101eb8c                cupsFileGets
                0x0101fb6c                cupsFileFind
                0x0101ea00                cupsFileRead
                0x0101f634                cupsFileStdout
                0x0101f6e4                cupsFileStdin
                0x0101dd00                cupsFileTell
                0x0101eb18                cupsFilePeekChar
 .text          0x0102083c      0x1a0 ../cups/libcups.a(globals.o)
                0x01020848                _cupsGlobalUnlock
                0x0102083c                _cupsGlobalLock
                0x01020858                _cupsGlobals
 .text          0x010209dc     0x1d54 ../cups/libcups.a(ipp-support.o)
                0x0102116c                ippErrorString
                0x01020ea0                ippOpValue
                0x01021db4                ippAttributeString
                0x01020ab4                ippTagValue
                0x010209e0                ippStateString
                0x01021058                ippOpString
                0x01020e5c                ippPort
                0x010212ac                ippEnumValue
                0x01021968                ippCreateRequestedArray
                0x01020a48                ippTagString
                0x01020e24                ippSetPort
                0x010215b8                ippEnumString
                0x01020c58                ippErrorValue
 .text          0x01022730      0x264 ../cups/libcups.a(md5passwd.o)
                0x010228e0                httpMD5
                0x010227b4                httpMD5Final
                0x01022734                httpMD5String
 .text          0x01022994      0x9b0 /SDK/local/newlib/lib/libz.a(crc32.o)
                0x01023080                crc32_z
                0x010232e0                crc32
                0x010232d8                crc32_combine
                0x010232dc                crc32_combine64
                0x01022994                get_crc_table
 .text          0x01023344     0x4be8 /SDK/local/newlib/lib/libz.a(deflate.o)
                0x0102549c                deflate
                0x01023cf8                deflateTune
                0x01024028                deflateResetKeep
                0x01023f88                deflateSetHeader
                0x01024a2c                deflateSetDictionary
                0x01023b64                deflateBound
                0x010248f8                deflateInit_
                0x01024554                deflateInit2_
                0x01023980                deflateReset
                0x01023d98                deflatePrime
                0x01023ed8                deflatePending
                0x010242f4                deflateCopy
                0x01026e70                deflateParams
                0x01024914                deflateGetDictionary
                0x0102417c                deflateEnd
 .text          0x01027f2c     0x2ed0 /SDK/local/newlib/lib/libz.a(inflate.o)
                0x0102a054                inflateCopy
                0x01029ff0                inflateUndermine
                0x0102a9c8                inflateReset2
                0x010281d4                inflate
                0x0102a210                inflateSyncPoint
                0x0102a284                inflateGetHeader
                0x0102a414                inflateGetDictionary
                0x01029f6c                inflateValidate
                0x0102acec                inflateInit_
                0x01029ee0                inflateMark
                0x01029dc4                inflatePrime
                0x01027f2c                inflateResetKeep
                0x0102a5b0                inflateReset
                0x0102a698                inflateSync
                0x01029e78                inflateCodesUsed
                0x0102a2f8                inflateSetDictionary
                0x0102a4fc                inflateEnd
                0x0102abd0                inflateInit2_
 .text          0x0102adfc      0x7cc /SDK/local/newlib/lib/libz.a(inftrees.o)
                0x0102adfc                inflate_table
 .text          0x0102b5c8     0x24f4 /SDK/local/newlib/lib/libz.a(trees.o)
                0x0102d028                _tr_flush_block
                0x0102c1f0                _tr_stored_block
                0x0102c168                _tr_flush_bits
                0x0102b5c8                _tr_init
                0x0102bc50                _tr_tally
                0x0102c380                _tr_align
 .text          0x0102dabc       0x74 /SDK/local/newlib/lib/libz.a(zutil.o)
                0x0102dabc                zlibVersion
                0x0102dac8                zlibCompileFlags
                0x0102dae8                zcfree
                0x0102dad0                zError
                0x0102db0c                zcalloc
 .text          0x0102db30      0x544 /SDK/local/newlib/lib/libz.a(adler32.o)
                0x0102dea8                adler32
                0x0102df90                adler32_combine
                0x0102deac                adler32_combine64
                0x0102db30                adler32_z
 .text          0x0102e074      0x5c4 /SDK/local/newlib/lib/libz.a(inffast.o)
                0x0102e074                inflate_fast
 .text          0x0102e638     0x2b70 /SDK/local/newlib/lib/libregex.a(regcomp.o)
                0x01030b7c                regcomp
 .text          0x010311a8      0x1c4 /SDK/local/newlib/lib/libregex.a(regerror.o)
                0x010311a8                regerror
 .text          0x0103136c     0x310c /SDK/local/newlib/lib/libregex.a(regexec.o)
                0x010336b4                regexec
 .text          0x01034478       0xbc /SDK/local/newlib/lib/libregex.a(regfree.o)
                0x01034478                regfree
 .text          0x01034534        0x0 /GCC/lib/gcc/ppc-amigaos/4.2.4/newlib/lib/libstdc++.a(functexcept.o)
 .text._ZSt18__throw_bad_typeidv
                0x01034534       0x34 /GCC/lib/gcc/ppc-amigaos/4.2.4/newlib/lib/libstdc++.a(functexcept.o)
                0x01034534                std::__throw_bad_typeid()
 .text._ZSt16__throw_bad_castv
                0x01034568       0x34 /GCC/lib/gcc/ppc-amigaos/4.2.4/newlib/lib/libstdc++.a(functexcept.o)
                0x01034568                std::__throw_bad_cast()
 .text._ZSt17__throw_bad_allocv
                0x0103459c       0x34 /GCC/lib/gcc/ppc-amigaos/4.2.4/newlib/lib/libstdc++.a(functexcept.o)
                0x0103459c                std::__throw_bad_alloc()
 .text._ZSt21__throw_bad_exceptionv
                0x010345d0       0x34 /GCC/lib/gcc/ppc-amigaos/4.2.4/newlib/lib/libstdc++.a(functexcept.o)
                0x010345d0                std::__throw_bad_exception()
 .text._ZNSt15underflow_errorD0Ev
                0x01034604       0x40 /GCC/lib/gcc/ppc-amigaos/4.2.4/newlib/lib/libstdc++.a(functexcept.o)
                0x01034604                std::underflow_error::~underflow_error()
 .text._ZNSt15underflow_errorD1Ev
                0x01034644       0x2c /GCC/lib/gcc/ppc-amigaos/4.2.4/newlib/lib/libstdc++.a(functexcept.o)
                0x01034644                std::underflow_error::~underflow_error()
 .text._ZNSt14overflow_errorD0Ev
                0x01034670       0x40 /GCC/lib/gcc/ppc-amigaos/4.2.4/newlib/lib/libstdc++.a(functexcept.o)
                0x01034670                std::overflow_error::~overflow_error()
 .text._ZNSt14overflow_errorD1Ev
                0x010346b0       0x2c /GCC/lib/gcc/ppc-amigaos/4.2.4/newlib/lib/libstdc++.a(functexcept.o)
                0x010346b0                std::overflow_error::~overflow_error()
 .text._ZNSt11range_errorD0Ev
                0x010346dc       0x40 /GCC/lib/gcc/ppc-amigaos/4.2.4/newlib/lib/libstdc++.a(functexcept.o)
                0x010346dc                std::range_error::~range_error()
 .text._ZNSt11range_errorD1Ev
                0x0103471c       0x2c /GCC/lib/gcc/ppc-amigaos/4.2.4/newlib/lib/libstdc++.a(functexcept.o)
                0x0103471c                std::range_error::~range_error()
 .text._ZNSt12out_of_rangeD0Ev
                0x01034748       0x40 /GCC/lib/gcc/ppc-amigaos/4.2.4/newlib/lib/libstdc++.a(functexcept.o)
                0x01034748                std::out_of_range::~out_of_range()
 .text._ZNSt12out_of_rangeD1Ev
                0x01034788       0x2c /GCC/lib/gcc/ppc-amigaos/4.2.4/newlib/lib/libstdc++.a(functexcept.o)
                0x01034788                std::out_of_range::~out_of_range()
 .text._ZNSt12length_errorD0Ev
                0x010347b4       0x40 /GCC/lib/gcc/ppc-amigaos/4.2.4/newlib/lib/libstdc++.a(functexcept.o)
                0x010347b4                std::length_error::~length_error()
 .text._ZNSt12length_errorD1Ev
                0x010347f4       0x2c /GCC/lib/gcc/ppc-amigaos/4.2.4/newlib/lib/libstdc++.a(functexcept.o)
                0x010347f4                std::length_error::~length_error()
 .text._ZNSt16invalid_argumentD0Ev
                0x01034820       0x40 /GCC/lib/gcc/ppc-amigaos/4.2.4/newlib/lib/libstdc++.a(functexcept.o)
                0x01034820                std::invalid_argument::~invalid_argument()
 .text._ZNSt16invalid_argumentD1Ev
                0x01034860       0x2c /GCC/lib/gcc/ppc-amigaos/4.2.4/newlib/lib/libstdc++.a(functexcept.o)
                0x01034860                std::invalid_argument::~invalid_argument()
 .text._ZNSt12domain_errorD0Ev
                0x0103488c       0x40 /GCC/lib/gcc/ppc-amigaos/4.2.4/newlib/lib/libstdc++.a(functexcept.o)
                0x0103488c                std::domain_error::~domain_error()
 .text._ZNSt12domain_errorD1Ev
                0x010348cc       0x2c /GCC/lib/gcc/ppc-amigaos/4.2.4/newlib/lib/libstdc++.a(functexcept.o)
                0x010348cc                std::domain_error::~domain_error()
 .text._ZSt19__throw_ios_failurePKc
                0x010348f8      0x17c /GCC/lib/gcc/ppc-amigaos/4.2.4/newlib/lib/libstdc++.a(functexcept.o)
                0x010348f8                std::__throw_ios_failure(char const*)
 .text._ZSt19__throw_logic_errorPKc
                0x01034a74      0x1e8 /GCC/lib/gcc/ppc-amigaos/4.2.4/newlib/lib/libstdc++.a(functexcept.o)
                0x01034a74                std::__throw_logic_error(char const*)
 .text._ZSt23__throw_underflow_errorPKc
                0x01034c5c      0x1e8 /GCC/lib/gcc/ppc-amigaos/4.2.4/newlib/lib/libstdc++.a(functexcept.o)
                0x01034c5c                std::__throw_underflow_error(char const*)
 .text._ZSt22__throw_overflow_errorPKc
                0x01034e44      0x1e8 /GCC/lib/gcc/ppc-amigaos/4.2.4/newlib/lib/libstdc++.a(functexcept.o)
                0x01034e44                std::__throw_overflow_error(char const*)
 .text._ZSt24__throw_invalid_argumentPKc
                0x0103502c      0x1e8 /GCC/lib/gcc/ppc-amigaos/4.2.4/newlib/lib/libstdc++.a(functexcept.o)
                0x0103502c                std::__throw_invalid_argument(char const*)
 .text._ZSt20__throw_domain_errorPKc
                0x01035214      0x1e8 /GCC/lib/gcc/ppc-amigaos/4.2.4/newlib/lib/libstdc++.a(functexcept.o)
                0x01035214                std::__throw_domain_error(char const*)
 .text._ZSt19__throw_range_errorPKc
                0x010353fc      0x1e8 /GCC/lib/gcc/ppc-amigaos/4.2.4/newlib/lib/libstdc++.a(functexcept.o)
                0x010353fc                std::__throw_range_error(char const*)
 .text._ZSt21__throw_runtime_errorPKc
                0x010355e4      0x1e8 /GCC/lib/gcc/ppc-amigaos/4.2.4/newlib/lib/libstdc++.a(functexcept.o)
                0x010355e4                std::__throw_runtime_error(char const*)
 .text._ZSt20__throw_out_of_rangePKc
                0x010357cc      0x1e8 /GCC/lib/gcc/ppc-amigaos/4.2.4/newlib/lib/libstdc++.a(functexcept.o)
                0x010357cc                std::__throw_out_of_range(char const*)
 .text._ZSt20__throw_length_errorPKc
                0x010359b4      0x1e8 /GCC/lib/gcc/ppc-amigaos/4.2.4/newlib/lib/libstdc++.a(functexcept.o)
                0x010359b4                std::__throw_length_error(char const*)
 .text          0x01035b9c        0x0 /GCC/lib/gcc/ppc-amigaos/4.2.4/newlib/lib/libstdc++.a(ios_failure.o)
 .text._ZNKSt8ios_base7failure4whatEv
                0x01035b9c        0x8 /GCC/lib/gcc/ppc-amigaos/4.2.4/newlib/lib/libstdc++.a(ios_failure.o)
                0x01035b9c                std::ios_base::failure::what() const
 .text._ZNSt8ios_base7failureD1Ev
                0x01035ba4       0x74 /GCC/lib/gcc/ppc-amigaos/4.2.4/newlib/lib/libstdc++.a(ios_failure.o)
                0x01035ba4                std::ios_base::failure::~failure()
 .text._ZNSt8ios_base7failureC1ERKSs
                0x01035c18      0x20c /GCC/lib/gcc/ppc-amigaos/4.2.4/newlib/lib/libstdc++.a(ios_failure.o)
                0x01035c18                std::ios_base::failure::failure(std::string const&)
 .text._ZNSt8ios_base7failureC2ERKSs
                0x01035e24      0x20c /GCC/lib/gcc/ppc-amigaos/4.2.4/newlib/lib/libstdc++.a(ios_failure.o)
                0x01035e24                std::ios_base::failure::failure(std::string const&)
 .text._ZNSt8ios_base7failureD2Ev
                0x01036030       0x74 /GCC/lib/gcc/ppc-amigaos/4.2.4/newlib/lib/libstdc++.a(ios_failure.o)
                0x01036030                std::ios_base::failure::~failure()
 .text._ZNSt8ios_base7failureD0Ev
                0x010360a4       0x7c /GCC/lib/gcc/ppc-amigaos/4.2.4/newlib/lib/libstdc++.a(ios_failure.o)
                0x010360a4                std::ios_base::failure::~failure()
 .text          0x01036120        0x0 /GCC/lib/gcc/ppc-amigaos/4.2.4/newlib/lib/libstdc++.a(stdexcept.o)
 .text._ZNKSt13runtime_error4whatEv
                0x01036120        0x8 /GCC/lib/gcc/ppc-amigaos/4.2.4/newlib/lib/libstdc++.a(stdexcept.o)
                0x01036120                std::runtime_error::what() const
 .text._ZNSt11logic_errorD1Ev
                0x01036128       0x74 /GCC/lib/gcc/ppc-amigaos/4.2.4/newlib/lib/libstdc++.a(stdexcept.o)
                0x01036128                std::logic_error::~logic_error()
 .text._ZNSt13runtime_errorC2ERKSs
                0x0103619c      0x1e8 /GCC/lib/gcc/ppc-amigaos/4.2.4/newlib/lib/libstdc++.a(stdexcept.o)
                0x0103619c                std::runtime_error::runtime_error(std::string const&)
 .text._ZNSt15underflow_errorC1ERKSs
                0x01036384       0x38 /GCC/lib/gcc/ppc-amigaos/4.2.4/newlib/lib/libstdc++.a(stdexcept.o)
                0x01036384                std::underflow_error::underflow_error(std::string const&)
 .text._ZNSt15underflow_errorC2ERKSs
                0x010363bc       0x38 /GCC/lib/gcc/ppc-amigaos/4.2.4/newlib/lib/libstdc++.a(stdexcept.o)
                0x010363bc                std::underflow_error::underflow_error(std::string const&)
 .text._ZNSt14overflow_errorC1ERKSs
                0x010363f4       0x38 /GCC/lib/gcc/ppc-amigaos/4.2.4/newlib/lib/libstdc++.a(stdexcept.o)
                0x010363f4                std::overflow_error::overflow_error(std::string const&)
 .text._ZNSt14overflow_errorC2ERKSs
                0x0103642c       0x38 /GCC/lib/gcc/ppc-amigaos/4.2.4/newlib/lib/libstdc++.a(stdexcept.o)
                0x0103642c                std::overflow_error::overflow_error(std::string const&)
 .text._ZNSt11range_errorC1ERKSs
                0x01036464       0x38 /GCC/lib/gcc/ppc-amigaos/4.2.4/newlib/lib/libstdc++.a(stdexcept.o)
                0x01036464                std::range_error::range_error(std::string const&)
 .text._ZNSt11range_errorC2ERKSs
                0x0103649c       0x38 /GCC/lib/gcc/ppc-amigaos/4.2.4/newlib/lib/libstdc++.a(stdexcept.o)
                0x0103649c                std::range_error::range_error(std::string const&)
 .text._ZNSt11logic_errorC1ERKSs
                0x010364d4      0x1e8 /GCC/lib/gcc/ppc-amigaos/4.2.4/newlib/lib/libstdc++.a(stdexcept.o)
                0x010364d4                std::logic_error::logic_error(std::string const&)
 .text._ZNSt11logic_errorC2ERKSs
                0x010366bc      0x1e8 /GCC/lib/gcc/ppc-amigaos/4.2.4/newlib/lib/libstdc++.a(stdexcept.o)
                0x010366bc                std::logic_error::logic_error(std::string const&)
 .text._ZNSt12out_of_rangeC1ERKSs
                0x010368a4       0x38 /GCC/lib/gcc/ppc-amigaos/4.2.4/newlib/lib/libstdc++.a(stdexcept.o)
                0x010368a4                std::out_of_range::out_of_range(std::string const&)
 .text._ZNSt12out_of_rangeC2ERKSs
                0x010368dc       0x38 /GCC/lib/gcc/ppc-amigaos/4.2.4/newlib/lib/libstdc++.a(stdexcept.o)
                0x010368dc                std::out_of_range::out_of_range(std::string const&)
 .text._ZNSt12length_errorC1ERKSs
                0x01036914       0x38 /GCC/lib/gcc/ppc-amigaos/4.2.4/newlib/lib/libstdc++.a(stdexcept.o)
                0x01036914                std::length_error::length_error(std::string const&)
 .text._ZNSt12length_errorC2ERKSs
                0x0103694c       0x38 /GCC/lib/gcc/ppc-amigaos/4.2.4/newlib/lib/libstdc++.a(stdexcept.o)
                0x0103694c                std::length_error::length_error(std::string const&)
 .text._ZNSt16invalid_argumentC1ERKSs
                0x01036984       0x38 /GCC/lib/gcc/ppc-amigaos/4.2.4/newlib/lib/libstdc++.a(stdexcept.o)
                0x01036984                std::invalid_argument::invalid_argument(std::string const&)
 .text._ZNSt16invalid_argumentC2ERKSs
                0x010369bc       0x38 /GCC/lib/gcc/ppc-amigaos/4.2.4/newlib/lib/libstdc++.a(stdexcept.o)
                0x010369bc                std::invalid_argument::invalid_argument(std::string const&)
 .text._ZNSt12domain_errorC1ERKSs
                0x010369f4       0x38 /GCC/lib/gcc/ppc-amigaos/4.2.4/newlib/lib/libstdc++.a(stdexcept.o)
                0x010369f4                std::domain_error::domain_error(std::string const&)
 .text._ZNSt12domain_errorC2ERKSs
                0x01036a2c       0x38 /GCC/lib/gcc/ppc-amigaos/4.2.4/newlib/lib/libstdc++.a(stdexcept.o)
                0x01036a2c                std::domain_error::domain_error(std::string const&)
 .text._ZNKSt11logic_error4whatEv
                0x01036a64        0x8 /GCC/lib/gcc/ppc-amigaos/4.2.4/newlib/lib/libstdc++.a(stdexcept.o)
                0x01036a64                std::logic_error::what() const
 .text._ZNSt13runtime_errorC1ERKSs
                0x01036a6c      0x1e8 /GCC/lib/gcc/ppc-amigaos/4.2.4/newlib/lib/libstdc++.a(stdexcept.o)
                0x01036a6c                std::runtime_error::runtime_error(std::string const&)
 .text._ZNSt13runtime_errorD1Ev
                0x01036c54       0x74 /GCC/lib/gcc/ppc-amigaos/4.2.4/newlib/lib/libstdc++.a(stdexcept.o)
                0x01036c54                std::runtime_error::~runtime_error()
 .text._ZNSt13runtime_errorD2Ev
                0x01036cc8       0x74 /GCC/lib/gcc/ppc-amigaos/4.2.4/newlib/lib/libstdc++.a(stdexcept.o)
                0x01036cc8                std::runtime_error::~runtime_error()
 .text._ZNSt13runtime_errorD0Ev
                0x01036d3c       0x7c /GCC/lib/gcc/ppc-amigaos/4.2.4/newlib/lib/libstdc++.a(stdexcept.o)
                0x01036d3c                std::runtime_error::~runtime_error()
 .text._ZNSt11logic_errorD2Ev
                0x01036db8       0x74 /GCC/lib/gcc/ppc-amigaos/4.2.4/newlib/lib/libstdc++.a(stdexcept.o)
                0x01036db8                std::logic_error::~logic_error()
 .text._ZNSt11logic_errorD0Ev
                0x01036e2c       0x7c /GCC/lib/gcc/ppc-amigaos/4.2.4/newlib/lib/libstdc++.a(stdexcept.o)
                0x01036e2c                std::logic_error::~logic_error()
 .text          0x01036ea8        0x0 /GCC/lib/gcc/ppc-amigaos/4.2.4/newlib/lib/libstdc++.a(tree.o)
 .text._ZSt18_Rb_tree_incrementPSt18_Rb_tree_node_base
                0x01036ea8       0x70 /GCC/lib/gcc/ppc-amigaos/4.2.4/newlib/lib/libstdc++.a(tree.o)
                0x01036ea8                std::_Rb_tree_increment(std::_Rb_tree_node_base*)
 .text._ZSt18_Rb_tree_incrementPKSt18_Rb_tree_node_base
                0x01036f18        0x4 /GCC/lib/gcc/ppc-amigaos/4.2.4/newlib/lib/libstdc++.a(tree.o)
                0x01036f18                std::_Rb_tree_increment(std::_Rb_tree_node_base const*)
 .text._ZSt18_Rb_tree_decrementPSt18_Rb_tree_node_base
                0x01036f1c       0x80 /GCC/lib/gcc/ppc-amigaos/4.2.4/newlib/lib/libstdc++.a(tree.o)
                0x01036f1c                std::_Rb_tree_decrement(std::_Rb_tree_node_base*)
 .text._ZSt18_Rb_tree_decrementPKSt18_Rb_tree_node_base
                0x01036f9c        0x4 /GCC/lib/gcc/ppc-amigaos/4.2.4/newlib/lib/libstdc++.a(tree.o)
                0x01036f9c                std::_Rb_tree_decrement(std::_Rb_tree_node_base const*)
 .text._ZSt20_Rb_tree_rotate_leftPSt18_Rb_tree_node_baseRS0_
                0x01036fa0       0x6c /GCC/lib/gcc/ppc-amigaos/4.2.4/newlib/lib/libstdc++.a(tree.o)
                0x01036fa0                std::_Rb_tree_rotate_left(std::_Rb_tree_node_base*, std::_Rb_tree_node_base*&)
 .text._ZSt21_Rb_tree_rotate_rightPSt18_Rb_tree_node_baseRS0_
                0x0103700c       0x6c /GCC/lib/gcc/ppc-amigaos/4.2.4/newlib/lib/libstdc++.a(tree.o)
                0x0103700c                std::_Rb_tree_rotate_right(std::_Rb_tree_node_base*, std::_Rb_tree_node_base*&)
 .text._ZSt29_Rb_tree_insert_and_rebalancebPSt18_Rb_tree_node_baseS0_RS_
                0x01037078      0x1cc /GCC/lib/gcc/ppc-amigaos/4.2.4/newlib/lib/libstdc++.a(tree.o)
                0x01037078                std::_Rb_tree_insert_and_rebalance(bool, std::_Rb_tree_node_base*, std::_Rb_tree_node_base*, std::_Rb_tree_node_base&)
 .text._ZSt20_Rb_tree_black_countPKSt18_Rb_tree_node_baseS1_
                0x01037244       0x38 /GCC/lib/gcc/ppc-amigaos/4.2.4/newlib/lib/libstdc++.a(tree.o)
                0x01037244                std::_Rb_tree_black_count(std::_Rb_tree_node_base const*, std::_Rb_tree_node_base const*)
 .text._ZSt28_Rb_tree_rebalance_for_erasePSt18_Rb_tree_node_baseRS_
                0x0103727c      0x3f0 /GCC/lib/gcc/ppc-amigaos/4.2.4/newlib/lib/libstdc++.a(tree.o)
                0x0103727c                std::_Rb_tree_rebalance_for_erase(std::_Rb_tree_node_base*, std::_Rb_tree_node_base&)
 .text          0x0103766c        0x0 /GCC/lib/gcc/ppc-amigaos/4.2.4/newlib/lib/libstdc++.a(string-inst.o)
 .text._ZNKSs7_M_dataEv
                0x0103766c        0x8 /GCC/lib/gcc/ppc-amigaos/4.2.4/newlib/lib/libstdc++.a(string-inst.o)
                0x0103766c                std::string::_M_data() const
 .text._ZNSs7_M_dataEPc
                0x01037674        0xc /GCC/lib/gcc/ppc-amigaos/4.2.4/newlib/lib/libstdc++.a(string-inst.o)
                0x01037674                std::string::_M_data(char*)
 .text._ZNKSs6_M_repEv
                0x01037680        0xc /GCC/lib/gcc/ppc-amigaos/4.2.4/newlib/lib/libstdc++.a(string-inst.o)
                0x01037680                std::string::_M_rep() const
 .text._ZNKSs9_M_ibeginEv
                0x0103768c        0x8 /GCC/lib/gcc/ppc-amigaos/4.2.4/newlib/lib/libstdc++.a(string-inst.o)
                0x0103768c                std::string::_M_ibegin() const
 .text._ZNKSs7_M_iendEv
                0x01037694       0x10 /GCC/lib/gcc/ppc-amigaos/4.2.4/newlib/lib/libstdc++.a(string-inst.o)
                0x01037694                std::string::_M_iend() const
 .text._ZNKSs8_M_limitEjj
                0x010376a4       0x20 /GCC/lib/gcc/ppc-amigaos/4.2.4/newlib/lib/libstdc++.a(string-inst.o)
                0x010376a4                std::string::_M_limit(unsigned int, unsigned int) const
 .text._ZNKSs11_M_disjunctEPKc
                0x010376c4       0x2c /GCC/lib/gcc/ppc-amigaos/4.2.4/newlib/lib/libstdc++.a(string-inst.o)
                0x010376c4                std::string::_M_disjunct(char const*) const
 .text._ZNSs12_S_empty_repEv
                0x010376f0        0xc /GCC/lib/gcc/ppc-amigaos/4.2.4/newlib/lib/libstdc++.a(string-inst.o)
                0x010376f0                std::string::_S_empty_rep()
 .text._ZNSsC1Ev
                0x010376fc       0x14 /GCC/lib/gcc/ppc-amigaos/4.2.4/newlib/lib/libstdc++.a(string-inst.o)
                0x010376fc                std::basic_string<char, std::char_traits<char>, std::allocator<char> >::basic_string()
 .text._ZNKSs5beginEv
                0x01037710        0x8 /GCC/lib/gcc/ppc-amigaos/4.2.4/newlib/lib/libstdc++.a(string-inst.o)
                0x01037710                std::string::begin() const
 .text._ZNKSs3endEv
                0x01037718       0x10 /GCC/lib/gcc/ppc-amigaos/4.2.4/newlib/lib/libstdc++.a(string-inst.o)
                0x01037718                std::string::end() const
 .text._ZNKSs4sizeEv
                0x01037728        0xc /GCC/lib/gcc/ppc-amigaos/4.2.4/newlib/lib/libstdc++.a(string-inst.o)
                0x01037728                std::string::size() const
 .text._ZNKSs8max_sizeEv
                0x01037734        0xc /GCC/lib/gcc/ppc-amigaos/4.2.4/newlib/lib/libstdc++.a(string-inst.o)
                0x01037734                std::string::max_size() const
 .text._ZNKSs8capacityEv
                0x01037740        0xc /GCC/lib/gcc/ppc-amigaos/4.2.4/newlib/lib/libstdc++.a(string-inst.o)
                0x01037740                std::string::capacity() const
 .text._ZNKSs4dataEv
                0x0103774c        0x8 /GCC/lib/gcc/ppc-amigaos/4.2.4/newlib/lib/libstdc++.a(string-inst.o)
                0x0103774c                std::string::data() const
 .text._ZNKSs13get_allocatorEv
                0x01037754        0x4 /GCC/lib/gcc/ppc-amigaos/4.2.4/newlib/lib/libstdc++.a(string-inst.o)
                0x01037754                std::string::get_allocator() const
 .text._ZNSs12_Alloc_hiderC1EPcRKSaIcE
                0x01037758        0x8 /GCC/lib/gcc/ppc-amigaos/4.2.4/newlib/lib/libstdc++.a(string-inst.o)
                0x01037758                std::string::_Alloc_hider::_Alloc_hider(char*, std::allocator<char> const&)
 .text._ZNSs4_Rep12_S_empty_repEv
                0x01037760        0xc /GCC/lib/gcc/ppc-amigaos/4.2.4/newlib/lib/libstdc++.a(string-inst.o)
                0x01037760                std::string::_Rep::_S_empty_rep()
 .text._ZNKSs4_Rep12_M_is_leakedEv
                0x0103776c        0xc /GCC/lib/gcc/ppc-amigaos/4.2.4/newlib/lib/libstdc++.a(string-inst.o)
                0x0103776c                std::string::_Rep::_M_is_leaked() const
 .text._ZNKSs4_Rep12_M_is_sharedEv
                0x01037778       0x14 /GCC/lib/gcc/ppc-amigaos/4.2.4/newlib/lib/libstdc++.a(string-inst.o)
                0x01037778                std::string::_Rep::_M_is_shared() const
 .text._ZNSs4_Rep13_M_set_leakedEv
                0x0103778c        0xc /GCC/lib/gcc/ppc-amigaos/4.2.4/newlib/lib/libstdc++.a(string-inst.o)
                0x0103778c                std::string::_Rep::_M_set_leaked()
 .text._ZNSs4_Rep15_M_set_sharableEv
                0x01037798        0xc /GCC/lib/gcc/ppc-amigaos/4.2.4/newlib/lib/libstdc++.a(string-inst.o)
                0x01037798                std::string::_Rep::_M_set_sharable()
 .text._ZNSs4_Rep26_M_set_length_and_sharableEj
                0x010377a4       0x18 /GCC/lib/gcc/ppc-amigaos/4.2.4/newlib/lib/libstdc++.a(string-inst.o)
                0x010377a4                std::string::_Rep::_M_set_length_and_sharable(unsigned int)
 .text._ZNSs4_Rep10_M_refdataEv
                0x010377bc        0x8 /GCC/lib/gcc/ppc-amigaos/4.2.4/newlib/lib/libstdc++.a(string-inst.o)
                0x010377bc                std::string::_Rep::_M_refdata()
 .text._ZN9__gnu_cxxeqIPcSsEEbRKNS_17__normal_iteratorIT_T0_EES7_
                0x010377c4       0x18 /GCC/lib/gcc/ppc-amigaos/4.2.4/newlib/lib/libstdc++.a(string-inst.o)
                0x010377c4                bool __gnu_cxx::operator==<char*, std::string>(__gnu_cxx::__normal_iterator<char*, std::string> const&, __gnu_cxx::__normal_iterator<char*, std::string> const&)
 .text._ZNSs12_Alloc_hiderC2EPcRKSaIcE
                0x010377dc        0x8 /GCC/lib/gcc/ppc-amigaos/4.2.4/newlib/lib/libstdc++.a(string-inst.o)
                0x010377dc                std::string::_Alloc_hider::_Alloc_hider(char*, std::allocator<char> const&)
 .text._ZNSs4_Rep10_M_refcopyEv
                0x010377e4       0x28 /GCC/lib/gcc/ppc-amigaos/4.2.4/newlib/lib/libstdc++.a(string-inst.o)
                0x010377e4                std::string::_Rep::_M_refcopy()
 .text._ZNKSs15_M_check_lengthEjjPKc
                0x0103780c       0x44 /GCC/lib/gcc/ppc-amigaos/4.2.4/newlib/lib/libstdc++.a(string-inst.o)
                0x0103780c                std::string::_M_check_length(unsigned int, unsigned int, char const*) const
 .text._ZNKSs8_M_checkEjPKc
                0x01037850       0x38 /GCC/lib/gcc/ppc-amigaos/4.2.4/newlib/lib/libstdc++.a(string-inst.o)
                0x01037850                std::string::_M_check(unsigned int, char const*) const
 .text._ZNSs9_M_assignEPcjc
                0x01037888       0x4c /GCC/lib/gcc/ppc-amigaos/4.2.4/newlib/lib/libstdc++.a(string-inst.o)
                0x01037888                std::string::_M_assign(char*, unsigned int, char)
 .text._ZNSs7_M_moveEPcPKcj
                0x010378d4       0x40 /GCC/lib/gcc/ppc-amigaos/4.2.4/newlib/lib/libstdc++.a(string-inst.o)
                0x010378d4                std::string::_M_move(char*, char const*, unsigned int)
 .text._ZNSs7_M_copyEPcPKcj
                0x01037914       0x40 /GCC/lib/gcc/ppc-amigaos/4.2.4/newlib/lib/libstdc++.a(string-inst.o)
                0x01037914                std::string::_M_copy(char*, char const*, unsigned int)
 .text._ZNKSs5c_strEv
                0x01037954        0x8 /GCC/lib/gcc/ppc-amigaos/4.2.4/newlib/lib/libstdc++.a(string-inst.o)
                0x01037954                std::string::c_str() const
 .text._ZNKSsixEj
                0x0103795c        0xc /GCC/lib/gcc/ppc-amigaos/4.2.4/newlib/lib/libstdc++.a(string-inst.o)
                0x0103795c                std::string::operator[](unsigned int) const
 .text._ZNKSs4findEcj
                0x01037968       0x68 /GCC/lib/gcc/ppc-amigaos/4.2.4/newlib/lib/libstdc++.a(string-inst.o)
                0x01037968                std::string::find(char, unsigned int) const
 .text._ZNKSs13find_first_ofEcj
                0x010379d0       0x20 /GCC/lib/gcc/ppc-amigaos/4.2.4/newlib/lib/libstdc++.a(string-inst.o)
                0x010379d0                std::string::find_first_of(char, unsigned int) const
 .text._ZNKSs2atEj
                0x010379f0       0x3c /GCC/lib/gcc/ppc-amigaos/4.2.4/newlib/lib/libstdc++.a(string-inst.o)
                0x010379f0                std::string::at(unsigned int) const
 .text._ZNKSs5emptyEv
                0x01037a2c       0x14 /GCC/lib/gcc/ppc-amigaos/4.2.4/newlib/lib/libstdc++.a(string-inst.o)
                0x01037a2c                std::string::empty() const
 .text._ZNKSs6lengthEv
                0x01037a40        0xc /GCC/lib/gcc/ppc-amigaos/4.2.4/newlib/lib/libstdc++.a(string-inst.o)
                0x01037a40                std::string::length() const
 .text._ZNSsC2Ev
                0x01037a4c       0x14 /GCC/lib/gcc/ppc-amigaos/4.2.4/newlib/lib/libstdc++.a(string-inst.o)
                0x01037a4c                std::basic_string<char, std::char_traits<char>, std::allocator<char> >::basic_string()
 .text._ZN9__gnu_cxxeqIPKcSsEEbRKNS_17__normal_iteratorIT_T0_EES8_
                0x01037a60       0x18 /GCC/lib/gcc/ppc-amigaos/4.2.4/newlib/lib/libstdc++.a(string-inst.o)
                0x01037a60                bool __gnu_cxx::operator==<char const*, std::string>(__gnu_cxx::__normal_iterator<char const*, std::string> const&, __gnu_cxx::__normal_iterator<char const*, std::string> const&)
 .text._ZNKSs16find_last_not_ofEcj
                0x01037a78       0x58 /GCC/lib/gcc/ppc-amigaos/4.2.4/newlib/lib/libstdc++.a(string-inst.o)
                0x01037a78                std::string::find_last_not_of(char, unsigned int) const
 .text._ZNKSs17find_first_not_ofEcj
                0x01037ad0       0x4c /GCC/lib/gcc/ppc-amigaos/4.2.4/newlib/lib/libstdc++.a(string-inst.o)
                0x01037ad0                std::string::find_first_not_of(char, unsigned int) const
 .text._ZNKSs5rfindEcj
                0x01037b1c       0x64 /GCC/lib/gcc/ppc-amigaos/4.2.4/newlib/lib/libstdc++.a(string-inst.o)
                0x01037b1c                std::string::rfind(char, unsigned int) const
 .text._ZNKSs12find_last_ofEcj
                0x01037b80       0x20 /GCC/lib/gcc/ppc-amigaos/4.2.4/newlib/lib/libstdc++.a(string-inst.o)
                0x01037b80                std::string::find_last_of(char, unsigned int) const
 .text._ZNSs4_Rep9_S_createEjjRKSaIcE
                0x01037ba0      0x278 /GCC/lib/gcc/ppc-amigaos/4.2.4/newlib/lib/libstdc++.a(string-inst.o)
                0x01037ba0                std::string::_Rep::_S_create(unsigned int, unsigned int, std::allocator<char> const&)
 .text._ZNSs4_Rep10_M_destroyERKSaIcE
                0x01037e18       0x20 /GCC/lib/gcc/ppc-amigaos/4.2.4/newlib/lib/libstdc++.a(string-inst.o)
                0x01037e18                std::string::_Rep::_M_destroy(std::allocator<char> const&)
 .text._ZNSs4_Rep10_M_disposeERKSaIcE
                0x01037e38       0x48 /GCC/lib/gcc/ppc-amigaos/4.2.4/newlib/lib/libstdc++.a(string-inst.o)
                0x01037e38                std::string::_Rep::_M_dispose(std::allocator<char> const&)
 .text._ZNKSs16find_last_not_ofEPKcjj
                0x01037e80       0xdc /GCC/lib/gcc/ppc-amigaos/4.2.4/newlib/lib/libstdc++.a(string-inst.o)
                0x01037e80                std::string::find_last_not_of(char const*, unsigned int, unsigned int) const
 .text._ZNKSs16find_last_not_ofERKSsj
                0x01037f5c       0x28 /GCC/lib/gcc/ppc-amigaos/4.2.4/newlib/lib/libstdc++.a(string-inst.o)
                0x01037f5c                std::string::find_last_not_of(std::string const&, unsigned int) const
 .text._ZNKSs17find_first_not_ofEPKcjj
                0x01037f84       0xb8 /GCC/lib/gcc/ppc-amigaos/4.2.4/newlib/lib/libstdc++.a(string-inst.o)
                0x01037f84                std::string::find_first_not_of(char const*, unsigned int, unsigned int) const
 .text._ZNKSs17find_first_not_ofERKSsj
                0x0103803c       0x28 /GCC/lib/gcc/ppc-amigaos/4.2.4/newlib/lib/libstdc++.a(string-inst.o)
                0x0103803c                std::string::find_first_not_of(std::string const&, unsigned int) const
 .text._ZNKSs12find_last_ofEPKcjj
                0x01038064      0x108 /GCC/lib/gcc/ppc-amigaos/4.2.4/newlib/lib/libstdc++.a(string-inst.o)
                0x01038064                std::string::find_last_of(char const*, unsigned int, unsigned int) const
 .text._ZNKSs12find_last_ofERKSsj
                0x0103816c       0x28 /GCC/lib/gcc/ppc-amigaos/4.2.4/newlib/lib/libstdc++.a(string-inst.o)
                0x0103816c                std::string::find_last_of(std::string const&, unsigned int) const
 .text._ZNKSs13find_first_ofEPKcjj
                0x01038194       0xbc /GCC/lib/gcc/ppc-amigaos/4.2.4/newlib/lib/libstdc++.a(string-inst.o)
                0x01038194                std::string::find_first_of(char const*, unsigned int, unsigned int) const
 .text._ZNKSs13find_first_ofERKSsj
                0x01038250       0x28 /GCC/lib/gcc/ppc-amigaos/4.2.4/newlib/lib/libstdc++.a(string-inst.o)
                0x01038250                std::string::find_first_of(std::string const&, unsigned int) const
 .text._ZNKSs7compareERKSs
                0x01038278       0x68 /GCC/lib/gcc/ppc-amigaos/4.2.4/newlib/lib/libstdc++.a(string-inst.o)
                0x01038278                std::string::compare(std::string const&) const
 .text._ZNKSs5rfindEPKcjj
                0x010382e0       0xac /GCC/lib/gcc/ppc-amigaos/4.2.4/newlib/lib/libstdc++.a(string-inst.o)
                0x010382e0                std::string::rfind(char const*, unsigned int, unsigned int) const
 .text._ZNKSs5rfindERKSsj
                0x0103838c       0x28 /GCC/lib/gcc/ppc-amigaos/4.2.4/newlib/lib/libstdc++.a(string-inst.o)
                0x0103838c                std::string::rfind(std::string const&, unsigned int) const
 .text._ZNKSs4findEPKcjj
                0x010383b4       0xfc /GCC/lib/gcc/ppc-amigaos/4.2.4/newlib/lib/libstdc++.a(string-inst.o)
                0x010383b4                std::string::find(char const*, unsigned int, unsigned int) const
 .text._ZNKSs4findERKSsj
                0x010384b0       0x28 /GCC/lib/gcc/ppc-amigaos/4.2.4/newlib/lib/libstdc++.a(string-inst.o)
                0x010384b0                std::string::find(std::string const&, unsigned int) const
 .text._ZNKSs7compareEPKc
                0x010384d8       0x88 /GCC/lib/gcc/ppc-amigaos/4.2.4/newlib/lib/libstdc++.a(string-inst.o)
                0x010384d8                std::string::compare(char const*) const
 .text._ZNKSs16find_last_not_ofEPKcj
                0x01038560       0x5c /GCC/lib/gcc/ppc-amigaos/4.2.4/newlib/lib/libstdc++.a(string-inst.o)
                0x01038560                std::string::find_last_not_of(char const*, unsigned int) const
 .text._ZNKSs17find_first_not_ofEPKcj
                0x010385bc       0x5c /GCC/lib/gcc/ppc-amigaos/4.2.4/newlib/lib/libstdc++.a(string-inst.o)
                0x010385bc                std::string::find_first_not_of(char const*, unsigned int) const
 .text._ZNKSs12find_last_ofEPKcj
                0x01038618       0x5c /GCC/lib/gcc/ppc-amigaos/4.2.4/newlib/lib/libstdc++.a(string-inst.o)
                0x01038618                std::string::find_last_of(char const*, unsigned int) const
 .text._ZNKSs13find_first_ofEPKcj
                0x01038674       0x5c /GCC/lib/gcc/ppc-amigaos/4.2.4/newlib/lib/libstdc++.a(string-inst.o)
                0x01038674                std::string::find_first_of(char const*, unsigned int) const
 .text._ZNKSs5rfindEPKcj
                0x010386d0       0x5c /GCC/lib/gcc/ppc-amigaos/4.2.4/newlib/lib/libstdc++.a(string-inst.o)
                0x010386d0                std::string::rfind(char const*, unsigned int) const
 .text._ZNKSs4findEPKcj
                0x0103872c       0x5c /GCC/lib/gcc/ppc-amigaos/4.2.4/newlib/lib/libstdc++.a(string-inst.o)
                0x0103872c                std::string::find(char const*, unsigned int) const
 .text._ZNKSs4rendEv
                0x01038788        0xc /GCC/lib/gcc/ppc-amigaos/4.2.4/newlib/lib/libstdc++.a(string-inst.o)
                0x01038788                std::string::rend() const
 .text._ZNKSs6rbeginEv
                0x01038794       0x14 /GCC/lib/gcc/ppc-amigaos/4.2.4/newlib/lib/libstdc++.a(string-inst.o)
                0x01038794                std::string::rbegin() const
 .text._ZNSs12_S_constructEjcRKSaIcE
                0x010387a8       0xbc /GCC/lib/gcc/ppc-amigaos/4.2.4/newlib/lib/libstdc++.a(string-inst.o)
                0x010387a8                std::string::_S_construct(unsigned int, char, std::allocator<char> const&)
 .text._ZNSsC1EjcRKSaIcE
                0x01038864       0x3c /GCC/lib/gcc/ppc-amigaos/4.2.4/newlib/lib/libstdc++.a(string-inst.o)
                0x01038864                std::basic_string<char, std::char_traits<char>, std::allocator<char> >::basic_string(unsigned int, char, std::allocator<char> const&)
 .text._ZNSsC2EjcRKSaIcE
                0x010388a0       0x3c /GCC/lib/gcc/ppc-amigaos/4.2.4/newlib/lib/libstdc++.a(string-inst.o)
                0x010388a0                std::basic_string<char, std::char_traits<char>, std::allocator<char> >::basic_string(unsigned int, char, std::allocator<char> const&)
 .text._ZNSsC1ERKSaIcE
                0x010388dc       0x3c /GCC/lib/gcc/ppc-amigaos/4.2.4/newlib/lib/libstdc++.a(string-inst.o)
                0x010388dc                std::basic_string<char, std::char_traits<char>, std::allocator<char> >::basic_string(std::allocator<char> const&)
 .text._ZNSsC2ERKSaIcE
                0x01038918       0x3c /GCC/lib/gcc/ppc-amigaos/4.2.4/newlib/lib/libstdc++.a(string-inst.o)
                0x01038918                std::basic_string<char, std::char_traits<char>, std::allocator<char> >::basic_string(std::allocator<char> const&)
 .text._ZNKSs7compareEjjPKcj
                0x01038954       0xb0 /GCC/lib/gcc/ppc-amigaos/4.2.4/newlib/lib/libstdc++.a(string-inst.o)
                0x01038954                std::string::compare(unsigned int, unsigned int, char const*, unsigned int) const
 .text._ZNKSs7compareEjjPKc
                0x01038a04       0xe4 /GCC/lib/gcc/ppc-amigaos/4.2.4/newlib/lib/libstdc++.a(string-inst.o)
                0x01038a04                std::string::compare(unsigned int, unsigned int, char const*) const
 .text._ZNKSs7compareEjjRKSsjj
                0x01038ae8       0xe0 /GCC/lib/gcc/ppc-amigaos/4.2.4/newlib/lib/libstdc++.a(string-inst.o)
                0x01038ae8                std::string::compare(unsigned int, unsigned int, std::string const&, unsigned int, unsigned int) const
 .text._ZNKSs7compareEjjRKSs
                0x01038bc8       0xbc /GCC/lib/gcc/ppc-amigaos/4.2.4/newlib/lib/libstdc++.a(string-inst.o)
                0x01038bc8                std::string::compare(unsigned int, unsigned int, std::string const&) const
 .text._ZNSsD1Ev
                0x01038c84       0x54 /GCC/lib/gcc/ppc-amigaos/4.2.4/newlib/lib/libstdc++.a(string-inst.o)
                0x01038c84                std::basic_string<char, std::char_traits<char>, std::allocator<char> >::~basic_string()
 .text._ZNSsD2Ev
                0x01038cd8       0x54 /GCC/lib/gcc/ppc-amigaos/4.2.4/newlib/lib/libstdc++.a(string-inst.o)
                0x01038cd8                std::basic_string<char, std::char_traits<char>, std::allocator<char> >::~basic_string()
 .text._ZNSs13_S_copy_charsEPcS_S_
                0x01038d2c       0x44 /GCC/lib/gcc/ppc-amigaos/4.2.4/newlib/lib/libstdc++.a(string-inst.o)
                0x01038d2c                std::string::_S_copy_chars(char*, char*, char*)
 .text._ZNSs4_Rep8_M_cloneERKSaIcEj
                0x01038d70       0xcc /GCC/lib/gcc/ppc-amigaos/4.2.4/newlib/lib/libstdc++.a(string-inst.o)
                0x01038d70                std::string::_Rep::_M_clone(std::allocator<char> const&, unsigned int)
 .text._ZNSs4_Rep7_M_grabERKSaIcES2_
                0x01038e3c       0x64 /GCC/lib/gcc/ppc-amigaos/4.2.4/newlib/lib/libstdc++.a(string-inst.o)
                0x01038e3c                std::string::_Rep::_M_grab(std::allocator<char> const&, std::allocator<char> const&)
 .text._ZNSs7reserveEj
                0x01038ea0      0x258 /GCC/lib/gcc/ppc-amigaos/4.2.4/newlib/lib/libstdc++.a(string-inst.o)
                0x01038ea0                std::string::reserve(unsigned int)
 .text._ZNSs9push_backEc
                0x010390f8       0x94 /GCC/lib/gcc/ppc-amigaos/4.2.4/newlib/lib/libstdc++.a(string-inst.o)
                0x010390f8                std::string::push_back(char)
 .text._ZNSs6appendEjc
                0x0103918c       0xe4 /GCC/lib/gcc/ppc-amigaos/4.2.4/newlib/lib/libstdc++.a(string-inst.o)
                0x0103918c                std::string::append(unsigned int, char)
 .text._ZNSspLEc
                0x01039270       0x98 /GCC/lib/gcc/ppc-amigaos/4.2.4/newlib/lib/libstdc++.a(string-inst.o)
                0x01039270                std::string::operator+=(char)
 .text._ZNKSs4copyEPcjj
                0x01039308       0x9c /GCC/lib/gcc/ppc-amigaos/4.2.4/newlib/lib/libstdc++.a(string-inst.o)
                0x01039308                std::string::copy(char*, unsigned int, unsigned int) const
 .text._ZNSs6appendEPKcj
                0x010393a4      0x124 /GCC/lib/gcc/ppc-amigaos/4.2.4/newlib/lib/libstdc++.a(string-inst.o)
                0x010393a4                std::string::append(char const*, unsigned int)
 .text._ZNSs6appendEPKc
                0x010394c8       0x4c /GCC/lib/gcc/ppc-amigaos/4.2.4/newlib/lib/libstdc++.a(string-inst.o)
                0x010394c8                std::string::append(char const*)
 .text._ZNSspLEPKc
                0x01039514       0x4c /GCC/lib/gcc/ppc-amigaos/4.2.4/newlib/lib/libstdc++.a(string-inst.o)
                0x01039514                std::string::operator+=(char const*)
 .text._ZNSs6appendERKSsjj
                0x01039560      0x108 /GCC/lib/gcc/ppc-amigaos/4.2.4/newlib/lib/libstdc++.a(string-inst.o)
                0x01039560                std::string::append(std::string const&, unsigned int, unsigned int)
 .text._ZNSs6appendERKSs
                0x01039668       0xd0 /GCC/lib/gcc/ppc-amigaos/4.2.4/newlib/lib/libstdc++.a(string-inst.o)
                0x01039668                std::string::append(std::string const&)
 .text._ZNSspLERKSs
                0x01039738       0x20 /GCC/lib/gcc/ppc-amigaos/4.2.4/newlib/lib/libstdc++.a(string-inst.o)
                0x01039738                std::string::operator+=(std::string const&)
 .text._ZNSs9_M_mutateEjjj
                0x01039758      0x38c /GCC/lib/gcc/ppc-amigaos/4.2.4/newlib/lib/libstdc++.a(string-inst.o)
                0x01039758                std::string::_M_mutate(unsigned int, unsigned int, unsigned int)
 .text._ZNSs15_M_replace_safeEjjPKcj
                0x01039ae4       0xa8 /GCC/lib/gcc/ppc-amigaos/4.2.4/newlib/lib/libstdc++.a(string-inst.o)
                0x01039ae4                std::string::_M_replace_safe(unsigned int, unsigned int, char const*, unsigned int)
 .text._ZNSs6assignEPKcj
                0x01039b8c      0x124 /GCC/lib/gcc/ppc-amigaos/4.2.4/newlib/lib/libstdc++.a(string-inst.o)
                0x01039b8c                std::string::assign(char const*, unsigned int)
 .text._ZNSs6assignEPKc
                0x01039cb0       0x4c /GCC/lib/gcc/ppc-amigaos/4.2.4/newlib/lib/libstdc++.a(string-inst.o)
                0x01039cb0                std::string::assign(char const*)
 .text._ZNSs6assignERKSsjj
                0x01039cfc       0x6c /GCC/lib/gcc/ppc-amigaos/4.2.4/newlib/lib/libstdc++.a(string-inst.o)
                0x01039cfc                std::string::assign(std::string const&, unsigned int, unsigned int)
 .text._ZNSsaSEPKc
                0x01039d68       0x4c /GCC/lib/gcc/ppc-amigaos/4.2.4/newlib/lib/libstdc++.a(string-inst.o)
                0x01039d68                std::string::operator=(char const*)
 .text._ZNSs14_M_replace_auxEjjjc
                0x01039db4       0xcc /GCC/lib/gcc/ppc-amigaos/4.2.4/newlib/lib/libstdc++.a(string-inst.o)
                0x01039db4                std::string::_M_replace_aux(unsigned int, unsigned int, unsigned int, char)
 .text._ZNSs7replaceEN9__gnu_cxx17__normal_iteratorIPcSsEES2_jc
                0x01039e80       0x34 /GCC/lib/gcc/ppc-amigaos/4.2.4/newlib/lib/libstdc++.a(string-inst.o)
                0x01039e80                std::string::replace(__gnu_cxx::__normal_iterator<char*, std::string>, __gnu_cxx::__normal_iterator<char*, std::string>, unsigned int, char)
 .text._ZNSs7replaceEjjjc