Archive member included because of file (symbol)

../cups/libcups.a(http.o)     ../ipr/ipr.o (httpConnect)
../cups/libcups.a(http-addr.o)
                              ../cups/libcups.a(http.o) (httpGetHostByName)
../cups/libcups.a(http-support.o)
                              ../ipr/ipr.o (httpSeparate)
../cups/libcups.a(ipp.o)      ../ipr/ipr.o (ippDelete)
../cups/libcups.a(ipp-support.o)
                              ../cups/libcups.a(http-support.o) (ippPort)
../cups/libcups.a(string.o)   ../cups/libcups.a(http.o) (cups_strlcpy)
../cups/libcups.a(util.o)     ../ipr/ipr.o (cupsDoFileRequest)
../cups/libcups.a(auth.o)     ../cups/libcups.a(util.o) (cupsDoAuthentication)
../cups/libcups.a(encode.o)   ../cups/libcups.a(util.o) (cupsEncodeOptions)
../cups/libcups.a(getputfile.o)
                              ../cups/libcups.a(util.o) (cupsGetFd)
../cups/libcups.a(language.o)
                              ../cups/libcups.a(util.o) (cupsLangEncoding)
../cups/libcups.a(md5passwd.o)
                              ../cups/libcups.a(auth.o) (httpMD5Final)
../cups/libcups.a(options.o)  ../cups/libcups.a(util.o) (cupsGetOption)
../cups/libcups.a(tempfile.o)
                              ../cups/libcups.a(util.o) (cupsTempFd)
../cups/libcups.a(usersys.o)  ../cups/libcups.a(auth.o) (cupsGetPassword)
../cups/libcups.a(mark.o)     ../cups/libcups.a(options.o) (ppdMarkOption)
../cups/libcups.a(md5.o)      ../cups/libcups.a(md5passwd.o) (md5_init)
../cups/libcups.a(page.o)     ../cups/libcups.a(mark.o) (ppdPageSize)
/GCC/lib/gcc/ppc-amigaos/4.2.4/newlib/lib/libstdc++.a(functexcept.o)
                              ../ipr/AttrGroups.o (std::__throw_bad_alloc())
/GCC/lib/gcc/ppc-amigaos/4.2.4/newlib/lib/libstdc++.a(ios_failure.o)
                              /GCC/lib/gcc/ppc-amigaos/4.2.4/newlib/lib/libstdc++.a(functexcept.o) (std::ios_base::failure::~failure())
/GCC/lib/gcc/ppc-amigaos/4.2.4/newlib/lib/libstdc++.a(stdexcept.o)
                              /GCC/lib/gcc/ppc-amigaos/4.2.4/newlib/lib/libstdc++.a(functexcept.o) (std::runtime_error::what() const)
/GCC/lib/gcc/ppc-amigaos/4.2.4/newlib/lib/libstdc++.a(tree.o)
                              ../ipr/AttrGroups.o (std::_Rb_tree_increment(std::_Rb_tree_node_base*))
/GCC/lib/gcc/ppc-amigaos/4.2.4/newlib/lib/libstdc++.a(string-inst.o)
                              ../ipr/AttrGroups.o (std::string::_Rep::_S_empty_rep_storage)
/GCC/lib/gcc/ppc-amigaos/4.2.4/newlib/lib/libstdc++.a(del_op.o)
                              ../ipr/AttrGroups.o (operator delete(void*))
/GCC/lib/gcc/ppc-amigaos/4.2.4/newlib/lib/libstdc++.a(del_opv.o)
                              ../ipr/iprutil.o (operator delete[](void*))
/GCC/lib/gcc/ppc-amigaos/4.2.4/newlib/lib/libstdc++.a(eh_alloc.o)
                              /GCC/lib/gcc/ppc-amigaos/4.2.4/newlib/lib/libstdc++.a(functexcept.o) (__cxa_free_exception)
/GCC/lib/gcc/ppc-amigaos/4.2.4/newlib/lib/libstdc++.a(eh_catch.o)
                              ../ipr/AttrGroups.o (__cxa_end_catch)
/GCC/lib/gcc/ppc-amigaos/4.2.4/newlib/lib/libstdc++.a(eh_exception.o)
                              /GCC/lib/gcc/ppc-amigaos/4.2.4/newlib/lib/libstdc++.a(ios_failure.o) (std::exception::~exception())
/GCC/lib/gcc/ppc-amigaos/4.2.4/newlib/lib/libstdc++.a(eh_globals.o)
                              /GCC/lib/gcc/ppc-amigaos/4.2.4/newlib/lib/libstdc++.a(eh_catch.o) (__cxa_get_globals_fast)
/GCC/lib/gcc/ppc-amigaos/4.2.4/newlib/lib/libstdc++.a(eh_personality.o)
                              ../ipr/ipr.o (__gxx_personality_sj0)
/GCC/lib/gcc/ppc-amigaos/4.2.4/newlib/lib/libstdc++.a(eh_terminate.o)
                              /GCC/lib/gcc/ppc-amigaos/4.2.4/newlib/lib/libstdc++.a(eh_personality.o) (__cxxabiv1::__terminate(void (*)()))
/GCC/lib/gcc/ppc-amigaos/4.2.4/newlib/lib/libstdc++.a(eh_term_handler.o)
                              /GCC/lib/gcc/ppc-amigaos/4.2.4/newlib/lib/libstdc++.a(eh_terminate.o) (__cxxabiv1::__terminate_handler)
/GCC/lib/gcc/ppc-amigaos/4.2.4/newlib/lib/libstdc++.a(eh_throw.o)
                              ../ipr/AttrGroups.o (__cxa_rethrow)
/GCC/lib/gcc/ppc-amigaos/4.2.4/newlib/lib/libstdc++.a(eh_unex_handler.o)
                              /GCC/lib/gcc/ppc-amigaos/4.2.4/newlib/lib/libstdc++.a(eh_terminate.o) (__cxxabiv1::__unexpected_handler)
/GCC/lib/gcc/ppc-amigaos/4.2.4/newlib/lib/libstdc++.a(new_handler.o)
                              /GCC/lib/gcc/ppc-amigaos/4.2.4/newlib/lib/libstdc++.a(functexcept.o) (vtable for std::bad_alloc)
/GCC/lib/gcc/ppc-amigaos/4.2.4/newlib/lib/libstdc++.a(new_op.o)
                              ../ipr/AttrGroups.o (operator new(unsigned int))
/GCC/lib/gcc/ppc-amigaos/4.2.4/newlib/lib/libstdc++.a(new_opv.o)
                              ../ipr/iprutil.o (operator new[](unsigned int))
/GCC/lib/gcc/ppc-amigaos/4.2.4/newlib/lib/libstdc++.a(tinfo.o)
                              ../ipr/AttrGroups.o (vtable for __cxxabiv1::__class_type_info)
/GCC/lib/gcc/ppc-amigaos/4.2.4/newlib/lib/libstdc++.a(vterminate.o)
[...]
Memory Configuration

Name             Origin             Length             Attributes
*default*        0x00000000         0xffffffff

Linker script and memory map

                0x00000001                __amigaos4__ = 0x1
LOAD ipp_dev.o
LOAD dev_68k.o
LOAD ../ipr/ipr.o
LOAD ../ipr/iprutil.o
LOAD ../ipr/AttrGroups.o
LOAD ../cups/libcups.a
LOAD /GCC/lib/gcc/ppc-amigaos/4.2.4/newlib/lib/libstdc++.a
LOAD /GCC/lib/gcc/ppc-amigaos/4.2.4/newlib/lib/libstdc++.a
LOAD /SDK/newlib/lib/libm.a
LOAD /GCC/lib/gcc/ppc-amigaos/4.2.4/newlib/lib/libgcc.a
LOAD /GCC/lib/gcc/ppc-amigaos/4.2.4/newlib/lib/libgcc_eh.a
START GROUP
LOAD /SDK/newlib/lib/libc.a
END GROUP
LOAD /GCC/lib/gcc/ppc-amigaos/4.2.4/newlib/lib/libgcc.a
LOAD /GCC/lib/gcc/ppc-amigaos/4.2.4/newlib/lib/libgcc_eh.a
                0x01000000                PROVIDE (__executable_start, 0x1000000)
                0x01000054                . = (0x1000000 + SIZEOF_HEADERS)

.interp
 *(.interp)

.note.gnu.build-id
 *(.note.gnu.build-id)

.hash
 *(.hash)

.gnu.hash
 *(.gnu.hash)

.dynsym
 *(.dynsym)

.dynstr
 *(.dynstr)

.gnu.version
 *(.gnu.version)

.gnu.version_d
 *(.gnu.version_d)

.gnu.version_r
 *(.gnu.version_r)

.rela.dyn       0x01000054        0x0
 .rela.got2     0x00000000        0x0 ipp_dev.o
 .rela.gcc_except_table
                0x00000000        0x0 ipp_dev.o

.rel.init
 *(.rel.init)

.rela.init
 *(.rela.init)

.rel.text
 *(.rel.text .rel.text.* .rel.gnu.linkonce.t.*)

.rela.text      0x01000054        0x0
 *(.rela.text .rela.text.* .rela.gnu.linkonce.t.*)
 .rela.text     0x00000000        0x0 ipp_dev.o
 .rela.text._ZSt18__throw_bad_typeidv
                0x00000000        0x0 ipp_dev.o
 .rela.text._ZSt16__throw_bad_castv
                0x00000000        0x0 ipp_dev.o
 .rela.text._ZSt17__throw_bad_allocv
                0x00000000        0x0 ipp_dev.o
 .rela.text._ZSt21__throw_bad_exceptionv
                0x00000000        0x0 ipp_dev.o
 .rela.text._ZNSt15underflow_errorD0Ev
                0x00000000        0x0 ipp_dev.o
 .rela.text._ZNSt15underflow_errorD1Ev
                0x00000000        0x0 ipp_dev.o
 .rela.text._ZNSt14overflow_errorD0Ev
                0x00000000        0x0 ipp_dev.o
 .rela.text._ZNSt14overflow_errorD1Ev
                0x00000000        0x0 ipp_dev.o
 .rela.text._ZNSt11range_errorD0Ev
                0x00000000        0x0 ipp_dev.o
 .rela.text._ZNSt11range_errorD1Ev
                0x00000000        0x0 ipp_dev.o
 .rela.text._ZNSt12out_of_rangeD0Ev
                0x00000000        0x0 ipp_dev.o
 .rela.text._ZNSt12out_of_rangeD1Ev
                0x00000000        0x0 ipp_dev.o
 .rela.text._ZNSt12length_errorD0Ev
                0x00000000        0x0 ipp_dev.o
 .rela.text._ZNSt12length_errorD1Ev
                0x00000000        0x0 ipp_dev.o
 .rela.text._ZNSt16invalid_argumentD0Ev
                0x00000000        0x0 ipp_dev.o
 .rela.text._ZNSt16invalid_argumentD1Ev
                0x00000000        0x0 ipp_dev.o
 .rela.text._ZNSt12domain_errorD0Ev
                0x00000000        0x0 ipp_dev.o
 .rela.text._ZNSt12domain_errorD1Ev
                0x00000000        0x0 ipp_dev.o
 .rela.text._ZSt19__throw_ios_failurePKc
                0x00000000        0x0 ipp_dev.o
 .rela.text._ZSt19__throw_logic_errorPKc
                0x00000000        0x0 ipp_dev.o
 .rela.text._ZSt23__throw_underflow_errorPKc
                0x00000000        0x0 ipp_dev.o
 .rela.text._ZSt22__throw_overflow_errorPKc
                0x00000000        0x0 ipp_dev.o
 .rela.text._ZSt24__throw_invalid_argumentPKc
                0x00000000        0x0 ipp_dev.o
 .rela.text._ZSt20__throw_domain_errorPKc
                0x00000000        0x0 ipp_dev.o
 .rela.text._ZSt19__throw_range_errorPKc
                0x00000000        0x0 ipp_dev.o
 .rela.text._ZSt21__throw_runtime_errorPKc
                0x00000000        0x0 ipp_dev.o
 .rela.text._ZSt20__throw_out_of_rangePKc
                0x00000000        0x0 ipp_dev.o
 .rela.text._ZSt20__throw_length_errorPKc
                0x00000000        0x0 ipp_dev.o
 .rela.text._ZNSt8ios_base7failureD1Ev
                0x00000000        0x0 ipp_dev.o
 .rela.text._ZNSt8ios_base7failureC1ERKSs
                0x00000000        0x0 ipp_dev.o
 .rela.text._ZNSt8ios_base7failureC2ERKSs
                0x00000000        0x0 ipp_dev.o
 .rela.text._ZNSt8ios_base7failureD2Ev
                0x00000000        0x0 ipp_dev.o
 .rela.text._ZNSt8ios_base7failureD0Ev
                0x00000000        0x0 ipp_dev.o
 .rela.text._ZNSt11logic_errorD1Ev
                0x00000000        0x0 ipp_dev.o
 .rela.text._ZNSt13runtime_errorC2ERKSs
                0x00000000        0x0 ipp_dev.o
 .rela.text._ZNSt15underflow_errorC1ERKSs
                0x00000000        0x0 ipp_dev.o
 .rela.text._ZNSt15underflow_errorC2ERKSs
                0x00000000        0x0 ipp_dev.o
 .rela.text._ZNSt14overflow_errorC1ERKSs
                0x00000000        0x0 ipp_dev.o
 .rela.text._ZNSt14overflow_errorC2ERKSs
                0x00000000        0x0 ipp_dev.o
 .rela.text._ZNSt11range_errorC1ERKSs
                0x00000000        0x0 ipp_dev.o
 .rela.text._ZNSt11range_errorC2ERKSs
                0x00000000        0x0 ipp_dev.o
 .rela.text._ZNSt11logic_errorC1ERKSs
                0x00000000        0x0 ipp_dev.o
 .rela.text._ZNSt11logic_errorC2ERKSs
                0x00000000        0x0 ipp_dev.o
 .rela.text._ZNSt12out_of_rangeC1ERKSs
                0x00000000        0x0 ipp_dev.o
 .rela.text._ZNSt12out_of_rangeC2ERKSs
                0x00000000        0x0 ipp_dev.o
 .rela.text._ZNSt12length_errorC1ERKSs
                0x00000000        0x0 ipp_dev.o
 .rela.text._ZNSt12length_errorC2ERKSs
                0x00000000        0x0 ipp_dev.o
 .rela.text._ZNSt16invalid_argumentC1ERKSs
                0x00000000        0x0 ipp_dev.o
 .rela.text._ZNSt16invalid_argumentC2ERKSs
                0x00000000        0x0 ipp_dev.o
 .rela.text._ZNSt12domain_errorC1ERKSs
                0x00000000        0x0 ipp_dev.o
 .rela.text._ZNSt12domain_errorC2ERKSs
                0x00000000        0x0 ipp_dev.o
 .rela.text._ZNSt13runtime_errorC1ERKSs
                0x00000000        0x0 ipp_dev.o
 .rela.text._ZNSt13runtime_errorD1Ev
                0x00000000        0x0 ipp_dev.o
 .rela.text._ZNSt13runtime_errorD2Ev
                0x00000000        0x0 ipp_dev.o
 .rela.text._ZNSt13runtime_errorD0Ev
                0x00000000        0x0 ipp_dev.o
 .rela.text._ZNSt11logic_errorD2Ev
                0x00000000        0x0 ipp_dev.o
 .rela.text._ZNSt11logic_errorD0Ev
                0x00000000        0x0 ipp_dev.o
 .rela.text._ZNSs12_S_empty_repEv
                0x00000000        0x0 ipp_dev.o
 .rela.text._ZNSsC1Ev
                0x00000000        0x0 ipp_dev.o
 .rela.text._ZNSs4_Rep12_S_empty_repEv
                0x00000000        0x0 ipp_dev.o
 .rela.text._ZNSs4_Rep10_M_refcopyEv
                0x00000000        0x0 ipp_dev.o
 .rela.text._ZNSs9_M_assignEPcjc
                0x00000000        0x0 ipp_dev.o
 .rela.text._ZNSs7_M_moveEPcPKcj
                0x00000000        0x0 ipp_dev.o
 .rela.text._ZNSs7_M_copyEPcPKcj
                0x00000000        0x0 ipp_dev.o
 .rela.text._ZNKSs4findEcj
                0x00000000        0x0 ipp_dev.o
 .rela.text._ZNKSs13find_first_ofEcj
                0x00000000        0x0 ipp_dev.o
 .rela.text._ZNSsC2Ev
                0x00000000        0x0 ipp_dev.o
 .rela.text._ZNKSs12find_last_ofEcj
                0x00000000        0x0 ipp_dev.o
 .rela.text._ZNSs4_Rep9_S_createEjjRKSaIcE
                0x00000000        0x0 ipp_dev.o
 .rela.text._ZNSs4_Rep10_M_destroyERKSaIcE
                0x00000000        0x0 ipp_dev.o
 .rela.text._ZNSs4_Rep10_M_disposeERKSaIcE
                0x00000000        0x0 ipp_dev.o
 .rela.text._ZNKSs16find_last_not_ofEPKcjj
                0x00000000        0x0 ipp_dev.o
 .rela.text._ZNKSs16find_last_not_ofERKSsj
                0x00000000        0x0 ipp_dev.o
 .rela.text._ZNKSs17find_first_not_ofEPKcjj
                0x00000000        0x0 ipp_dev.o
 .rela.text._ZNKSs17find_first_not_ofERKSsj
                0x00000000        0x0 ipp_dev.o
 .rela.text._ZNKSs12find_last_ofEPKcjj
                0x00000000        0x0 ipp_dev.o
 .rela.text._ZNKSs12find_last_ofERKSsj
                0x00000000        0x0 ipp_dev.o
 .rela.text._ZNKSs13find_first_ofEPKcjj
                0x00000000        0x0 ipp_dev.o
 .rela.text._ZNKSs13find_first_ofERKSsj
                0x00000000        0x0 ipp_dev.o
 .rela.text._ZNKSs7compareERKSs
                0x00000000        0x0 ipp_dev.o
 .rela.text._ZNKSs5rfindEPKcjj
                0x00000000        0x0 ipp_dev.o
 .rela.text._ZNKSs5rfindERKSsj
                0x00000000        0x0 ipp_dev.o
 .rela.text._ZNKSs4findEPKcjj
                0x00000000        0x0 ipp_dev.o
 .rela.text._ZNKSs4findERKSsj
                0x00000000        0x0 ipp_dev.o
 .rela.text._ZNKSs7compareEPKc
                0x00000000        0x0 ipp_dev.o
 .rela.text._ZNKSs16find_last_not_ofEPKcj
                0x00000000        0x0 ipp_dev.o
 .rela.text._ZNKSs17find_first_not_ofEPKcj
                0x00000000        0x0 ipp_dev.o
 .rela.text._ZNKSs12find_last_ofEPKcj
                0x00000000        0x0 ipp_dev.o
 .rela.text._ZNKSs13find_first_ofEPKcj
                0x00000000        0x0 ipp_dev.o
 .rela.text._ZNKSs5rfindEPKcj
                0x00000000        0x0 ipp_dev.o
 .rela.text._ZNKSs4findEPKcj
                0x00000000        0x0 ipp_dev.o
 .rela.text._ZNSs12_S_constructEjcRKSaIcE
                0x00000000        0x0 ipp_dev.o
 .rela.text._ZNSsC1EjcRKSaIcE
                0x00000000        0x0 ipp_dev.o
 .rela.text._ZNSsC2EjcRKSaIcE
                0x00000000        0x0 ipp_dev.o
 .rela.text._ZNSsC1ERKSaIcE
                0x00000000        0x0 ipp_dev.o
 .rela.text._ZNSsC2ERKSaIcE
                0x00000000        0x0 ipp_dev.o
 .rela.text._ZNKSs7compareEjjPKcj
                0x00000000        0x0 ipp_dev.o
 .rela.text._ZNKSs7compareEjjPKc
                0x00000000        0x0 ipp_dev.o
 .rela.text._ZNKSs7compareEjjRKSsjj
                0x00000000        0x0 ipp_dev.o
 .rela.text._ZNKSs7compareEjjRKSs
                0x00000000        0x0 ipp_dev.o
 .rela.text._ZNSsD1Ev
                0x00000000        0x0 ipp_dev.o
 .rela.text._ZNSsD2Ev
                0x00000000        0x0 ipp_dev.o
 .rela.text._ZNSs13_S_copy_charsEPcS_S_
                0x00000000        0x0 ipp_dev.o
 .rela.text._ZNSs4_Rep8_M_cloneERKSaIcEj
                0x00000000        0x0 ipp_dev.o
 .rela.text._ZNSs4_Rep7_M_grabERKSaIcES2_
                0x00000000        0x0 ipp_dev.o
 .rela.text._ZNSs7reserveEj
                0x00000000        0x0 ipp_dev.o
 .rela.text._ZNSs9push_backEc
                0x00000000        0x0 ipp_dev.o
 .rela.text._ZNSs6appendEjc
                0x00000000        0x0 ipp_dev.o
 .rela.text._ZNSspLEc
                0x00000000        0x0 ipp_dev.o
 .rela.text._ZNKSs4copyEPcjj
                0x00000000        0x0 ipp_dev.o
 .rela.text._ZNSs6appendEPKcj
                0x00000000        0x0 ipp_dev.o
 .rela.text._ZNSs6appendEPKc
                0x00000000        0x0 ipp_dev.o
 .rela.text._ZNSspLEPKc
                0x00000000        0x0 ipp_dev.o
 .rela.text._ZNSs6appendERKSsjj
                0x00000000        0x0 ipp_dev.o
 .rela.text._ZNSs6appendERKSs
                0x00000000        0x0 ipp_dev.o
 .rela.text._ZNSspLERKSs
                0x00000000        0x0 ipp_dev.o
 .rela.text._ZNSs9_M_mutateEjjj
                0x00000000        0x0 ipp_dev.o
 .rela.text._ZNSs15_M_replace_safeEjjPKcj
                0x00000000        0x0 ipp_dev.o
 .rela.text._ZNSs6assignEPKcj
                0x00000000        0x0 ipp_dev.o
 .rela.text._ZNSs6assignEPKc
                0x00000000        0x0 ipp_dev.o
 .rela.text._ZNSs6assignERKSsjj
                0x00000000        0x0 ipp_dev.o
 .rela.text._ZNSsaSEPKc
                0x00000000        0x0 ipp_dev.o
 .rela.text._ZNSs14_M_replace_auxEjjjc
                0x00000000        0x0 ipp_dev.o
 .rela.text._ZNSs7replaceEN9__gnu_cxx17__normal_iteratorIPcSsEES2_jc
                0x00000000        0x0 ipp_dev.o
 .rela.text._ZNSs7replaceEjjjc
                0x00000000        0x0 ipp_dev.o
 .rela.text._ZNSs6insertEN9__gnu_cxx17__normal_iteratorIPcSsEEc
                0x00000000        0x0 ipp_dev.o
 .rela.text._ZNSs6insertEjjc
                0x00000000        0x0 ipp_dev.o
 .rela.text._ZNSs6assignEjc
                0x00000000        0x0 ipp_dev.o
 .rela.text._ZNSsaSEc
                0x00000000        0x0 ipp_dev.o
 .rela.text._ZNSs6insertEN9__gnu_cxx17__normal_iteratorIPcSsEEjc
                0x00000000        0x0 ipp_dev.o
 .rela.text._ZNSs5eraseEN9__gnu_cxx17__normal_iteratorIPcSsEES2_
                0x00000000        0x0 ipp_dev.o
 .rela.text._ZNSs5eraseEN9__gnu_cxx17__normal_iteratorIPcSsEE
                0x00000000        0x0 ipp_dev.o
 .rela.text._ZNSs5eraseEjj
                0x00000000        0x0 ipp_dev.o
 .rela.text._ZNSs6insertEjPKcj
                0x00000000        0x0 ipp_dev.o
 .rela.text._ZNSs6insertEjPKc
                0x00000000        0x0 ipp_dev.o
 .rela.text._ZNSs6insertEjRKSsjj
                0x00000000        0x0 ipp_dev.o
 .rela.text._ZNSs6insertEjRKSs
                0x00000000        0x0 ipp_dev.o
 .rela.text._ZNSs5clearEv
                0x00000000        0x0 ipp_dev.o
 .rela.text._ZNSs12_M_leak_hardEv
                0x00000000        0x0 ipp_dev.o
 .rela.text._ZNSs7_M_leakEv
                0x00000000        0x0 ipp_dev.o
 .rela.text._ZNSs2atEj
                0x00000000        0x0 ipp_dev.o
 .rela.text._ZNSsixEj
                0x00000000        0x0 ipp_dev.o
 .rela.text._ZNSs3endEv
                0x00000000        0x0 ipp_dev.o
 .rela.text._ZNSs5beginEv
                0x00000000        0x0 ipp_dev.o
 .rela.text._ZNSs4rendEv
                0x00000000        0x0 ipp_dev.o
 .rela.text._ZNSs6rbeginEv
                0x00000000        0x0 ipp_dev.o
 .rela.text._ZNSs6resizeEjc
                0x00000000        0x0 ipp_dev.o
 .rela.text._ZNSs6resizeEj
                0x00000000        0x0 ipp_dev.o
 .rela.text._ZNSs13_S_copy_charsEPcPKcS1_
                0x00000000        0x0 ipp_dev.o
 .rela.text._ZNSs13_S_copy_charsEPcN9__gnu_cxx17__normal_iteratorIPKcSsEES4_
                0x00000000        0x0 ipp_dev.o
 .rela.text._ZNSs13_S_copy_charsEPcN9__gnu_cxx17__normal_iteratorIS_SsEES2_
                0x00000000        0x0 ipp_dev.o
 .rela.text._ZNSs12_S_constructIPKcEEPcT_S3_RKSaIcESt20forward_iterator_tag
                0x00000000        0x0 ipp_dev.o
 .rela.text._ZNSsC2EPKcRKSaIcE
                0x00000000        0x0 ipp_dev.o
 .rela.text._ZNSsC1IPKcEET_S2_RKSaIcE
                0x00000000        0x0 ipp_dev.o
 .rela.text._ZNSsC2IPKcEET_S2_RKSaIcE
                0x00000000        0x0 ipp_dev.o
 .rela.text._ZNSsC1EPKcRKSaIcE
                0x00000000        0x0 ipp_dev.o
 .rela.text._ZNSsC1EPKcjRKSaIcE
                0x00000000        0x0 ipp_dev.o
 .rela.text._ZNSsC2EPKcjRKSaIcE
                0x00000000        0x0 ipp_dev.o
 .rela.text._ZNSs12_S_constructIPcEES0_T_S1_RKSaIcESt20forward_iterator_tag
                0x00000000        0x0 ipp_dev.o
 .rela.text._ZNSsC2ERKSsjj
                0x00000000        0x0 ipp_dev.o
 .rela.text._ZNSsC1IPcEET_S1_RKSaIcE
                0x00000000        0x0 ipp_dev.o
 .rela.text._ZNSsC1ERKSsjj
                0x00000000        0x0 ipp_dev.o
 .rela.text._ZNKSs6substrEjj
                0x00000000        0x0 ipp_dev.o
 .rela.text._ZNSsC1ERKSsjjRKSaIcE
                0x00000000        0x0 ipp_dev.o
 .rela.text._ZNSsC2ERKSsjjRKSaIcE
                0x00000000        0x0 ipp_dev.o
 .rela.text._ZNSsC2IPcEET_S1_RKSaIcE
                0x00000000        0x0 ipp_dev.o
 .rela.text._ZNSs12_S_constructIN9__gnu_cxx17__normal_iteratorIPcSsEEEES2_T_S4_RKSaIcESt20forward_iterator_tag
                0x00000000        0x0 ipp_dev.o
 .rela.text._ZNSsC1IN9__gnu_cxx17__normal_iteratorIPcSsEEEET_S4_RKSaIcE
                0x00000000        0x0 ipp_dev.o
 .rela.text._ZNSsC2IN9__gnu_cxx17__normal_iteratorIPcSsEEEET_S4_RKSaIcE
                0x00000000        0x0 ipp_dev.o
 .rela.text._ZNSs6assignERKSs
                0x00000000        0x0 ipp_dev.o
 .rela.text._ZNSsaSERKSs
                0x00000000        0x0 ipp_dev.o
 .rela.text._ZNSsC1ERKSs
                0x00000000        0x0 ipp_dev.o
 .rela.text._ZNSsC2ERKSs
                0x00000000        0x0 ipp_dev.o
 .rela.text._ZStplIcSt11char_traitsIcESaIcEESbIT_T0_T1_ERKS6_S8_
                0x00000000        0x0 ipp_dev.o
 .rela.text._ZNSs7replaceEjjPKcj
                0x00000000        0x0 ipp_dev.o
 .rela.text._ZNSs7replaceEN9__gnu_cxx17__normal_iteratorIPcSsEES2_NS0_IPKcSsEES5_
                0x00000000        0x0 ipp_dev.o
 .rela.text._ZNSs7replaceEN9__gnu_cxx17__normal_iteratorIPcSsEES2_S2_S2_
                0x00000000        0x0 ipp_dev.o
 .rela.text._ZNSs7replaceEN9__gnu_cxx17__normal_iteratorIPcSsEES2_PKcS4_
                0x00000000        0x0 ipp_dev.o
 .rela.text._ZNSs7replaceEN9__gnu_cxx17__normal_iteratorIPcSsEES2_S1_S1_
                0x00000000        0x0 ipp_dev.o
 .rela.text._ZNSs7replaceEN9__gnu_cxx17__normal_iteratorIPcSsEES2_PKcj
                0x00000000        0x0 ipp_dev.o
 .rela.text._ZNSs7replaceEjjPKc
                0x00000000        0x0 ipp_dev.o
 .rela.text._ZNSs7replaceEjjRKSsjj
                0x00000000        0x0 ipp_dev.o
 .rela.text._ZNSs7replaceEjjRKSs
                0x00000000        0x0 ipp_dev.o
 .rela.text._ZNSs7replaceEN9__gnu_cxx17__normal_iteratorIPcSsEES2_PKc
                0x00000000        0x0 ipp_dev.o
 .rela.text._ZNSs7replaceEN9__gnu_cxx17__normal_iteratorIPcSsEES2_RKSs
                0x00000000        0x0 ipp_dev.o
 .rela.text._ZStplIcSt11char_traitsIcESaIcEESbIT_T0_T1_ES3_RKS6_
                0x00000000        0x0 ipp_dev.o
 .rela.text._ZStplIcSt11char_traitsIcESaIcEESbIT_T0_T1_EPKS3_RKS6_
                0x00000000        0x0 ipp_dev.o

.rel.fini
 *(.rel.fini)

.rela.fini
 *(.rela.fini)

.rel.rodata
 *(.rel.rodata .rel.rodata.* .rel.gnu.linkonce.r.*)

.rela.rodata    0x01000054        0x0
 *(.rela.rodata .rela.rodata.* .rela.gnu.linkonce.r.*)
 .rela.rodata   0x00000000        0x0 ipp_dev.o
 .rela.rodata._ZTISt15underflow_error
                0x00000000        0x0 ipp_dev.o
 .rela.rodata._ZTVSt15underflow_error
                0x00000000        0x0 ipp_dev.o
 .rela.rodata._ZTISt14overflow_error
                0x00000000        0x0 ipp_dev.o
 .rela.rodata._ZTVSt14overflow_error
                0x00000000        0x0 ipp_dev.o
 .rela.rodata._ZTISt11range_error
                0x00000000        0x0 ipp_dev.o
 .rela.rodata._ZTVSt11range_error
                0x00000000        0x0 ipp_dev.o
 .rela.rodata._ZTISt12out_of_range
                0x00000000        0x0 ipp_dev.o
 .rela.rodata._ZTVSt12out_of_range
                0x00000000        0x0 ipp_dev.o
 .rela.rodata._ZTISt12length_error
                0x00000000        0x0 ipp_dev.o
 .rela.rodata._ZTVSt12length_error
                0x00000000        0x0 ipp_dev.o
 .rela.rodata._ZTISt16invalid_argument
                0x00000000        0x0 ipp_dev.o
 .rela.rodata._ZTVSt16invalid_argument
                0x00000000        0x0 ipp_dev.o
 .rela.rodata._ZTISt12domain_error
                0x00000000        0x0 ipp_dev.o
 .rela.rodata._ZTVSt12domain_error
                0x00000000        0x0 ipp_dev.o
 .rela.rodata._ZTVNSt8ios_base7failureE
                0x00000000        0x0 ipp_dev.o
 .rela.rodata._ZTINSt8ios_base7failureE
                0x00000000        0x0 ipp_dev.o
 .rela.rodata._ZTVSt13runtime_error
                0x00000000        0x0 ipp_dev.o
 .rela.rodata._ZTVSt11logic_error
                0x00000000        0x0 ipp_dev.o
 .rela.rodata._ZTISt13runtime_error
                0x00000000        0x0 ipp_dev.o
 .rela.rodata._ZTISt11logic_error
                0x00000000        0x0 ipp_dev.o

.rel.data.rel.ro
 *(.rel.data.rel.ro* .rel.gnu.linkonce.d.rel.ro.*)

.rela.data.rel.ro
                0x01000054        0x0
 *(.rela.data.rel.ro* .rela.gnu.linkonce.d.rel.ro.*)
 .rela.data.rel.ro._ZTV10AttrGroups
                0x00000000        0x0 ipp_dev.o
 .rela.data.rel.ro._ZTVSt13bad_exception
                0x00000000        0x0 ipp_dev.o
 .rela.data.rel.ro._ZTVSt9exception
                0x00000000        0x0 ipp_dev.o
 .rela.data.rel.ro._ZTISt13bad_exception
                0x00000000        0x0 ipp_dev.o
 .rela.data.rel.ro._ZTVSt9bad_alloc
                0x00000000        0x0 ipp_dev.o
 .rela.data.rel.ro._ZTISt9bad_alloc
                0x00000000        0x0 ipp_dev.o
 .rela.data.rel.ro._ZTVN10__cxxabiv121__vmi_class_type_infoE
                0x00000000        0x0 ipp_dev.o
 .rela.data.rel.ro._ZTVN10__cxxabiv120__si_class_type_infoE
                0x00000000        0x0 ipp_dev.o
 .rela.data.rel.ro._ZTVN10__cxxabiv117__class_type_infoE
                0x00000000        0x0 ipp_dev.o
 .rela.data.rel.ro._ZTVSt10bad_typeid
                0x00000000        0x0 ipp_dev.o
 .rela.data.rel.ro._ZTVSt8bad_cast
                0x00000000        0x0 ipp_dev.o
 .rela.data.rel.ro._ZTVSt9type_info
                0x00000000        0x0 ipp_dev.o
 .rela.data.rel.ro._ZTIN10__cxxabiv121__vmi_class_type_infoE
                0x00000000        0x0 ipp_dev.o
 .rela.data.rel.ro._ZTIN10__cxxabiv120__si_class_type_infoE
                0x00000000        0x0 ipp_dev.o
 .rela.data.rel.ro._ZTIN10__cxxabiv117__class_type_infoE
                0x00000000        0x0 ipp_dev.o
 .rela.data.rel.ro._ZTISt10bad_typeid
                0x00000000        0x0 ipp_dev.o
 .rela.data.rel.ro._ZTISt8bad_cast
                0x00000000        0x0 ipp_dev.o

.rel.data
 *(.rel.data .rel.data.* .rel.gnu.linkonce.d.*)

.rela.data
 *(.rela.data .rela.data.* .rela.gnu.linkonce.d.*)

.rel.tdata
 *(.rel.tdata .rel.tdata.* .rel.gnu.linkonce.td.*)

.rela.tdata
 *(.rela.tdata .rela.tdata.* .rela.gnu.linkonce.td.*)

.rel.tbss
 *(.rel.tbss .rel.tbss.* .rel.gnu.linkonce.tb.*)

.rela.tbss
 *(.rela.tbss .rela.tbss.* .rela.gnu.linkonce.tb.*)

.rel.ctors
 *(.rel.ctors)

.rela.ctors
 *(.rela.ctors)

.rel.dtors
 *(.rel.dtors)

.rela.dtors
 *(.rela.dtors)

.rel.got
 *(.rel.got)

.rela.got
 *(.rela.got)

.rel.sdata
 *(.rel.sdata .rel.sdata.* .rel.gnu.linkonce.s.*)

.rela.sdata     0x01000054        0x0
 *(.rela.sdata .rela.sdata.* .rela.gnu.linkonce.s.*)
 .rela.sdata._ZTI10AttrGroups
                0x00000000        0x0 ipp_dev.o
 .rela.sdata._ZTISt9exception
                0x00000000        0x0 ipp_dev.o
 .rela.sdata._ZN10__cxxabiv119__terminate_handlerE
                0x00000000        0x0 ipp_dev.o
 .rela.sdata.DW.ref._ZTISt9bad_alloc
                0x00000000        0x0 ipp_dev.o
 .rela.sdata._ZTISt9type_info
                0x00000000        0x0 ipp_dev.o
 .rela.sdata.DW.ref._ZTISt9exception
                0x00000000        0x0 ipp_dev.o

.rel.sbss
 *(.rel.sbss .rel.sbss.* .rel.gnu.linkonce.sb.*)

.rela.sbss
 *(.rela.sbss .rela.sbss.* .rela.gnu.linkonce.sb.*)

.rel.sdata2
 *(.rel.sdata2 .rel.sdata2.* .rel.gnu.linkonce.s2.*)

.rela.sdata2
 *(.rela.sdata2 .rela.sdata2.* .rela.gnu.linkonce.s2.*)

.rel.sbss2
 *(.rel.sbss2 .rel.sbss2.* .rel.gnu.linkonce.sb2.*)

.rela.sbss2
 *(.rela.sbss2 .rela.sbss2.* .rela.gnu.linkonce.sb2.*)

.rel.bss
 *(.rel.bss .rel.bss.* .rel.gnu.linkonce.b.*)

.rela.bss
 *(.rela.bss .rela.bss.* .rela.gnu.linkonce.b.*)

.rel.plt
 *(.rel.plt)

.rela.plt
 *(.rela.plt)

.init
 *(.init)

.text           0x01000054    0x259e0
 *(.text .stub .text.* .gnu.linkonce.t.*)
 .text          0x01000054     0x12a8 ipp_dev.o
                0x01000424                _start
                0x01000ce8                SPrintf
                0x01000054                ReturnError
 .text          0x010012fc      0x12c dev_68k.o
 .text          0x01001428     0x19cc ../ipr/ipr.o
                0x0100142c                write_cb(void*, unsigned char*, int)
                0x01001954                displayOptions()
                0x01001a08                hex_dump(unsigned char*, int)
                0x01001c88                main
                0x01001b54                dumpMessage(ipp_str*)
                0x01001c14                pathnameToFilename(char const*)
                0x01001550                ipp_print_file
 .text          0x01002df4      0xdac ../ipr/iprutil.o
                0x0100306c                ippMessageSetAttr
                0x010031a4                defineAdd
                0x01003148                ippCreateWithHeader
                0x01003564                loadOptionsBuffer
                0x01002e24                IPROptions::IPROptions()
                0x01003498                bufferToFile
                0x01002ed8                defineClean
                0x01002f5c                ippIsAttributeString
                0x01002df4                IPROptions::IPROptions()
                0x01003a3c                stdinToBuffer
                0x01002f24                defineGet
                0x010039ac                loadOptions
                0x01002e58                errCodeToString
                0x01003314                fileToBuffer
                0x01002fa0                ippNameToType
 .text          0x01003ba0     0x2e94 ../ipr/AttrGroups.o
                0x01005434                AttrGroups::AttrGroups(ipp_str*, ipp_tag_t)
                0x010058d4                AttrGroups::~AttrGroups()
                0x0100499c                AttrGroups::populateValues(ipp_str*, ipp_tag_t)
                0x01003bb4                AttrGroups::ippFindNextAttributeInGroup(ipp_str*, ipp_tag_t)
                0x01005178                AttrGroups::~AttrGroups()
                0x01006774                AttrGroups::~AttrGroups()
                0x010040b4                AttrGroups::nameForIndex(int)
                0x01004148                AttrGroups::indexOfName(char const*)
                0x01003c58                AttrGroups::GetDateTime(long)
                0x010043a0                AttrGroups::ippCountAttributesInGroup(ipp_str*, ipp_tag_t, std::map<std::string, int, std::less<std::string>, std::allocator<std::pair<std::string const, int> > >&, unsigned int*, unsigned int*)
                0x01005b8c                AttrGroups::print(char*, char*, AttrGroups::EOutputStyle)
                0x01003ba0                AttrGroups::ippResetIterator(ipp_str*)
                0x010062d4                AttrGroups::AttrGroups(ipp_str*, ipp_tag_t)
                0x01003d98                AttrGroups::ippValueToString(ipp_attribute_s*, std::string&)
 .text._ZNSt8_Rb_treeISsSt4pairIKSsiESt10_Select1stIS2_ESt4lessISsESaIS2_EE4findERS1_
                0x01006a34      0x17c ../ipr/AttrGroups.o
                0x01006a34                std::_Rb_tree<std::string, std::pair<std::string const, int>, std::_Select1st<std::pair<std::string const, int> >, std::less<std::string>, std::allocator<std::pair<std::string const, int> > >::find(std::string const&)
 .text._ZNSt8_Rb_treeISsSt4pairIKSsiESt10_Select1stIS2_ESt4lessISsESaIS2_EE9_M_insertEPSt18_Rb_tree_node_baseSA_RKS2_
                0x01006bb0      0x304 ../ipr/AttrGroups.o
                0x01006bb4                std::_Rb_tree<std::string, std::pair<std::string const, int>, std::_Select1st<std::pair<std::string const, int> >, std::less<std::string>, std::allocator<std::pair<std::string const, int> > >::_M_insert(std::_Rb_tree_node_base*, std::_Rb_tree_node_base*, std::pair<std::string const, int> const&)
 .text._ZNSt8_Rb_treeISsSt4pairIKSsiESt10_Select1stIS2_ESt4lessISsESaIS2_EE16_M_insert_uniqueERKS2_
                0x01006eb4      0x1a4 ../ipr/AttrGroups.o
                0x01006eb4                std::_Rb_tree<std::string, std::pair<std::string const, int>, std::_Select1st<std::pair<std::string const, int> >, std::less<std::string>, std::allocator<std::pair<std::string const, int> > >::_M_insert_unique(std::pair<std::string const, int> const&)
 .text._ZNSt8_Rb_treeISsSt4pairIKSsiESt10_Select1stIS2_ESt4lessISsESaIS2_EE8_M_eraseEPSt13_Rb_tree_nodeIS2_E
                0x01007058       0xc8 ../ipr/AttrGroups.o
                0x0100705c                std::_Rb_tree<std::string, std::pair<std::string const, int>, std::_Select1st<std::pair<std::string const, int> >, std::less<std::string>, std::allocator<std::pair<std::string const, int> > >::_M_erase(std::_Rb_tree_node<std::pair<std::string const, int> >*)
 .text._ZNSt6vectorISsSaISsEE13_M_insert_auxEN9__gnu_cxx17__normal_iteratorIPSsS1_EERKSs
                0x01007120      0x77c ../ipr/AttrGroups.o
                0x01007124                std::vector<std::string, std::allocator<std::string> >::_M_insert_aux(__gnu_cxx::__normal_iterator<std::string*, std::vector<std::string, std::allocator<std::string> > >, std::string const&)
 .text          0x0100789c     0x1e64 ../cups/libcups.a(http.o)
                0x010094bc                httpGet
                0x01007de4                httpPrintf
                0x01008ccc                httpGetSubField
                0x010084ec                httpWait
                0x010094e4                httpInitialize
                0x01007f34                httpWrite
                0x01008984                httpSetField
                0x010078b8                httpDecode64
                0x0100905c                httpReconnect
                0x01008520                httpCheck
                0x01008588                httpSetCookie
                0x01008544                httpClearCookie
                0x010093fc                httpPut
                0x010089dc                httpUpdate
                0x010094d0                httpDelete
                0x01009000                httpClose
                0x01007a00                httpEncode64
                0x01009510                httpConnectEncrypt
                0x01009448                httpPost
                0x01007b4c                httpGetLength
                0x01009494                httpOptions
                0x01007c18                httpGetDateTime
                0x01007d40                httpGetDateString
                0x01008930                httpFlush
                0x010094a8                httpHead
                0x0100827c                httpGets
                0x010093e8                httpTrace
                0x0100860c                httpRead
                0x0100789c                httpEncryption
                0x010096c4                httpConnect
 .text          0x01009700      0x14c ../cups/libcups.a(http-addr.o)
                0x01009704                httpGetHostByName
 .text          0x0100984c      0x728 ../cups/libcups.a(http-support.o)
                0x01009850                httpStatus
                0x0100999c                httpSeparate
 .text          0x01009f74     0x2d0c ../cups/libcups.a(ipp.o)
                0x0100ba5c                ippAddBooleans
                0x0100b240                ippWrite
                0x0100cb90                ippDateToTime
                0x0100b8f0                ippAddCollections
                0x0100b2c4                ippTimeToDate
                0x0100a1e4                ippNew
                0x0100c800                ippAddStrings
                0x0100b36c                ippAddResolutions
                0x0100c610                ippFindNextAttribute
                0x0100c9e0                ippAddString
                0x0100b830                ippAddDate
                0x01009f80                _ipp_free_attr
                0x0100a4fc                ippLength
                0x01009f74                ippDeleteAttribute
                0x0100bb2c                ippAddBoolean
                0x0100c7b0                ippFindAttribute
                0x0100b1e4                ippWriteFile
                0x0100c338                ippReadFile
                0x0100a088                ippDelete
                0x0100b520                ippAddRanges
                0x0100b790                ippAddInteger
                0x0100a188                ippAddSeparator
                0x0100bbc8                ippReadIO
                0x0100b60c                ippAddRange
                0x0100b9c4                ippAddCollection
                0x0100a0ec                _ipp_add_attr
                0x0100b6b4                ippAddIntegers
                0x0100a510                ippWriteIO
                0x0100b468                ippAddResolution
                0x0100c38c                ippRead
 .text          0x0100cc80      0x1e4 ../cups/libcups.a(ipp-support.o)
                0x0100cd78                ippErrorString
                0x0100ccc4                ippPort
                0x0100cc84                ippSetPort
 .text          0x0100ce64      0x188 ../cups/libcups.a(string.o)
                0x0100ce64                cups_strcpy
                0x0100cf2c                cups_strlcat
                0x0100ceb0                cups_strlcpy
 .text          0x0100cfec     0x2060 ../cups/libcups.a(util.o)
                0x0100d204                cupsDoFileRequest
                0x0100d168                cupsFreeJobs
                0x0100cff0                cupsLastError
                0x0100e36c                cupsGetJobs
                0x0100df04                cupsGetPPD
                0x0100eb94                cupsGetClasses
                0x0100e9d4                cupsGetDefault
                0x0100dc24                cupsGetPrinters
                0x0100d6c4                cupsPrintFiles
                0x0100dbe4                cupsPrintFile
                0x0100ee74                cupsCancelJob
 .text          0x0100f04c      0x3dc ../cups/libcups.a(auth.o)
                0x0100f050                cupsDoAuthentication
 .text          0x0100f428      0x544 ../cups/libcups.a(encode.o)
                0x0100f42c                cupsEncodeOptions
 .text          0x0100f96c      0x638 ../cups/libcups.a(getputfile.o)
                0x0100fea0                cupsGetFile
                0x0100fbd8                cupsPutFile
                0x0100f970                cupsPutFd
                0x0100fcc0                cupsGetFd
 .text          0x0100ffa4      0xa88 ../cups/libcups.a(language.o)
                0x010100a0                _cupsRestoreLocale
                0x010100dc                cupsLangFlush
                0x01010034                _cupsSaveLocale
                0x0101027c                cupsLangGet
                0x0100ffa8                cupsLangEncoding
                0x0101000c                cupsLangFree
 .text          0x01010a2c      0x264 ../cups/libcups.a(md5passwd.o)
                0x01010bdc                httpMD5
                0x01010ab0                httpMD5Final
                0x01010a30                httpMD5String
 .text          0x01010c90      0xd44 ../cups/libcups.a(options.o)
                0x010113f0                cupsAddOption
                0x01010d30                cupsMarkOptions
                0x0101152c                cupsParseOptions
                0x01011364                cupsFreeOptions
                0x01010c90                cupsGetOption
 .text          0x010119d4      0x1ec ../cups/libcups.a(tempfile.o)
                0x01011b38                cupsTempFile
                0x010119d8                cupsTempFd
 .text          0x01011bc0      0x820 ../cups/libcups.a(usersys.o)
                0x01011bc4                cupsGetPassword
                0x01011d90                cupsSetUser
                0x01011c0c                cupsSetEncryption
                0x01011e00                cupsSetServer
                0x01011cb4                cupsUser
                0x01011f44                cupsServer
                0x0101216c                cupsEncryption
                0x01011c4c                cupsSetPasswordCB
 .text          0x010123e0      0xa8c ../cups/libcups.a(mark.o)
                0x01012980                ppdMarkOption
                0x010124f8                ppdFindMarkedChoice
                0x01012e00                ppdMarkDefaults
                0x010123e0                ppdFindOption
                0x010125f0                ppdIsMarked
                0x0101265c                ppdConflicts
                0x01012564                ppdFindChoice
 .text          0x01012e6c      0xc90 ../cups/libcups.a(md5.o)
                0x01013874                md5_init
                0x01013a14                md5_finish
                0x010138bc                md5_append
 .text          0x01013afc      0x404 ../cups/libcups.a(page.o)
                0x01013e3c                ppdPageLength
                0x01013ea0                ppdPageWidth
                0x01013b00                ppdPageSize
 .text          0x01013f00        0x0 /GCC/lib/gcc/ppc-amigaos/4.2.4/newlib/lib/libstdc++.a(functexcept.o)
 .text._ZSt18__throw_bad_typeidv
                0x01013f00       0x34 /GCC/lib/gcc/ppc-amigaos/4.2.4/newlib/lib/libstdc++.a(functexcept.o)
                0x01013f00                std::__throw_bad_typeid()
 .text._ZSt16__throw_bad_castv
                0x01013f34       0x34 /GCC/lib/gcc/ppc-amigaos/4.2.4/newlib/lib/libstdc++.a(functexcept.o)
                0x01013f34                std::__throw_bad_cast()
 .text._ZSt17__throw_bad_allocv
                0x01013f68       0x34 /GCC/lib/gcc/ppc-amigaos/4.2.4/newlib/lib/libstdc++.a(functexcept.o)
                0x01013f68                std::__throw_bad_alloc()
 .text._ZSt21__throw_bad_exceptionv
                0x01013f9c       0x34 /GCC/lib/gcc/ppc-amigaos/4.2.4/newlib/lib/libstdc++.a(functexcept.o)
                0x01013f9c                std::__throw_bad_exception()
 .text._ZNSt15underflow_errorD0Ev
                0x01013fd0       0x40 /GCC/lib/gcc/ppc-amigaos/4.2.4/newlib/lib/libstdc++.a(functexcept.o)
                0x01013fd0                std::underflow_error::~underflow_error()
 .text._ZNSt15underflow_errorD1Ev
                0x01014010       0x2c /GCC/lib/gcc/ppc-amigaos/4.2.4/newlib/lib/libstdc++.a(functexcept.o)
                0x01014010                std::underflow_error::~underflow_error()
 .text._ZNSt14overflow_errorD0Ev
                0x0101403c       0x40 /GCC/lib/gcc/ppc-amigaos/4.2.4/newlib/lib/libstdc++.a(functexcept.o)
                0x0101403c                std::overflow_error::~overflow_error()
 .text._ZNSt14overflow_errorD1Ev
                0x0101407c       0x2c /GCC/lib/gcc/ppc-amigaos/4.2.4/newlib/lib/libstdc++.a(functexcept.o)
                0x0101407c                std::overflow_error::~overflow_error()
 .text._ZNSt11range_errorD0Ev
                0x010140a8       0x40 /GCC/lib/gcc/ppc-amigaos/4.2.4/newlib/lib/libstdc++.a(functexcept.o)
                0x010140a8                std::range_error::~range_error()
 .text._ZNSt11range_errorD1Ev
                0x010140e8       0x2c /GCC/lib/gcc/ppc-amigaos/4.2.4/newlib/lib/libstdc++.a(functexcept.o)
                0x010140e8                std::range_error::~range_error()
 .text._ZNSt12out_of_rangeD0Ev
                0x01014114       0x40 /GCC/lib/gcc/ppc-amigaos/4.2.4/newlib/lib/libstdc++.a(functexcept.o)
                0x01014114                std::out_of_range::~out_of_range()
 .text._ZNSt12out_of_rangeD1Ev
                0x01014154       0x2c /GCC/lib/gcc/ppc-amigaos/4.2.4/newlib/lib/libstdc++.a(functexcept.o)
                0x01014154                std::out_of_range::~out_of_range()
 .text._ZNSt12length_errorD0Ev
                0x01014180       0x40 /GCC/lib/gcc/ppc-amigaos/4.2.4/newlib/lib/libstdc++.a(functexcept.o)
                0x01014180                std::length_error::~length_error()
 .text._ZNSt12length_errorD1Ev
                0x010141c0       0x2c /GCC/lib/gcc/ppc-amigaos/4.2.4/newlib/lib/libstdc++.a(functexcept.o)
                0x010141c0                std::length_error::~length_error()
 .text._ZNSt16invalid_argumentD0Ev
                0x010141ec       0x40 /GCC/lib/gcc/ppc-amigaos/4.2.4/newlib/lib/libstdc++.a(functexcept.o)
                0x010141ec                std::invalid_argument::~invalid_argument()
 .text._ZNSt16invalid_argumentD1Ev
                0x0101422c       0x2c /GCC/lib/gcc/ppc-amigaos/4.2.4/newlib/lib/libstdc++.a(functexcept.o)
                0x0101422c                std::invalid_argument::~invalid_argument()
 .text._ZNSt12domain_errorD0Ev
                0x01014258       0x40 /GCC/lib/gcc/ppc-amigaos/4.2.4/newlib/lib/libstdc++.a(functexcept.o)
                0x01014258                std::domain_error::~domain_error()
 .text._ZNSt12domain_errorD1Ev
                0x01014298       0x2c /GCC/lib/gcc/ppc-amigaos/4.2.4/newlib/lib/libstdc++.a(functexcept.o)
                0x01014298                std::domain_error::~domain_error()
 .text._ZSt19__throw_ios_failurePKc
                0x010142c4      0x17c /GCC/lib/gcc/ppc-amigaos/4.2.4/newlib/lib/libstdc++.a(functexcept.o)
                0x010142c4                std::__throw_ios_failure(char const*)
 .text._ZSt19__throw_logic_errorPKc
                0x01014440      0x1e8 /GCC/lib/gcc/ppc-amigaos/4.2.4/newlib/lib/libstdc++.a(functexcept.o)
                0x01014440                std::__throw_logic_error(char const*)
 .text._ZSt23__throw_underflow_errorPKc
                0x01014628      0x1e8 /GCC/lib/gcc/ppc-amigaos/4.2.4/newlib/lib/libstdc++.a(functexcept.o)
                0x01014628                std::__throw_underflow_error(char const*)
 .text._ZSt22__throw_overflow_errorPKc
                0x01014810      0x1e8 /GCC/lib/gcc/ppc-amigaos/4.2.4/newlib/lib/libstdc++.a(functexcept.o)
                0x01014810                std::__throw_overflow_error(char const*)
 .text._ZSt24__throw_invalid_argumentPKc
                0x010149f8      0x1e8 /GCC/lib/gcc/ppc-amigaos/4.2.4/newlib/lib/libstdc++.a(functexcept.o)
                0x010149f8                std::__throw_invalid_argument(char const*)
 .text._ZSt20__throw_domain_errorPKc
                0x01014be0      0x1e8 /GCC/lib/gcc/ppc-amigaos/4.2.4/newlib/lib/libstdc++.a(functexcept.o)
                0x01014be0                std::__throw_domain_error(char const*)
 .text._ZSt19__throw_range_errorPKc
                0x01014dc8      0x1e8 /GCC/lib/gcc/ppc-amigaos/4.2.4/newlib/lib/libstdc++.a(functexcept.o)
                0x01014dc8                std::__throw_range_error(char const*)
 .text._ZSt21__throw_runtime_errorPKc
                0x01014fb0      0x1e8 /GCC/lib/gcc/ppc-amigaos/4.2.4/newlib/lib/libstdc++.a(functexcept.o)
                0x01014fb0                std::__throw_runtime_error(char const*)
 .text._ZSt20__throw_out_of_rangePKc
                0x01015198      0x1e8 /GCC/lib/gcc/ppc-amigaos/4.2.4/newlib/lib/libstdc++.a(functexcept.o)
                0x01015198                std::__throw_out_of_range(char const*)
 .text._ZSt20__throw_length_errorPKc
                0x01015380      0x1e8 /GCC/lib/gcc/ppc-amigaos/4.2.4/newlib/lib/libstdc++.a(functexcept.o)
                0x01015380                std::__throw_length_error(char const*)
 .text          0x01015568        0x0 /GCC/lib/gcc/ppc-amigaos/4.2.4/newlib/lib/libstdc++.a(ios_failure.o)
 .text._ZNKSt8ios_base7failure4whatEv
                0x01015568        0x8 /GCC/lib/gcc/ppc-amigaos/4.2.4/newlib/lib/libstdc++.a(ios_failure.o)
                0x01015568                std::ios_base::failure::what() const
 .text._ZNSt8ios_base7failureD1Ev
                0x01015570       0x74 /GCC/lib/gcc/ppc-amigaos/4.2.4/newlib/lib/libstdc++.a(ios_failure.o)
                0x01015570                std::ios_base::failure::~failure()
 .text._ZNSt8ios_base7failureC1ERKSs
                0x010155e4      0x20c /GCC/lib/gcc/ppc-amigaos/4.2.4/newlib/lib/libstdc++.a(ios_failure.o)
                0x010155e4                std::ios_base::failure::failure(std::string const&)
 .text._ZNSt8ios_base7failureC2ERKSs
                0x010157f0      0x20c /GCC/lib/gcc/ppc-amigaos/4.2.4/newlib/lib/libstdc++.a(ios_failure.o)
                0x010157f0                std::ios_base::failure::failure(std::string const&)
 .text._ZNSt8ios_base7failureD2Ev
                0x010159fc       0x74 /GCC/lib/gcc/ppc-amigaos/4.2.4/newlib/lib/libstdc++.a(ios_failure.o)
                0x010159fc                std::ios_base::failure::~failure()
 .text._ZNSt8ios_base7failureD0Ev
                0x01015a70       0x7c /GCC/lib/gcc/ppc-amigaos/4.2.4/newlib/lib/libstdc++.a(ios_failure.o)
                0x01015a70                std::ios_base::failure::~failure()
 .text          0x01015aec        0x0 /GCC/lib/gcc/ppc-amigaos/4.2.4/newlib/lib/libstdc++.a(stdexcept.o)
 .text._ZNKSt13runtime_error4whatEv
                0x01015aec        0x8 /GCC/lib/gcc/ppc-amigaos/4.2.4/newlib/lib/libstdc++.a(stdexcept.o)
                0x01015aec                std::runtime_error::what() const
 .text._ZNSt11logic_errorD1Ev
                0x01015af4       0x74 /GCC/lib/gcc/ppc-amigaos/4.2.4/newlib/lib/libstdc++.a(stdexcept.o)
                0x01015af4                std::logic_error::~logic_error()
 .text._ZNSt13runtime_errorC2ERKSs
                0x01015b68      0x1e8 /GCC/lib/gcc/ppc-amigaos/4.2.4/newlib/lib/libstdc++.a(stdexcept.o)
                0x01015b68                std::runtime_error::runtime_error(std::string const&)
 .text._ZNSt15underflow_errorC1ERKSs
                0x01015d50       0x38 /GCC/lib/gcc/ppc-amigaos/4.2.4/newlib/lib/libstdc++.a(stdexcept.o)
                0x01015d50                std::underflow_error::underflow_error(std::string const&)
 .text._ZNSt15underflow_errorC2ERKSs
                0x01015d88       0x38 /GCC/lib/gcc/ppc-amigaos/4.2.4/newlib/lib/libstdc++.a(stdexcept.o)
                0x01015d88                std::underflow_error::underflow_error(std::string const&)
 .text._ZNSt14overflow_errorC1ERKSs
                0x01015dc0       0x38 /GCC/lib/gcc/ppc-amigaos/4.2.4/newlib/lib/libstdc++.a(stdexcept.o)
                0x01015dc0                std::overflow_error::overflow_error(std::string const&)
 .text._ZNSt14overflow_errorC2ERKSs
                0x01015df8       0x38 /GCC/lib/gcc/ppc-amigaos/4.2.4/newlib/lib/libstdc++.a(stdexcept.o)
                0x01015df8                std::overflow_error::overflow_error(std::string const&)
 .text._ZNSt11range_errorC1ERKSs
                0x01015e30       0x38 /GCC/lib/gcc/ppc-amigaos/4.2.4/newlib/lib/libstdc++.a(stdexcept.o)
                0x01015e30                std::range_error::range_error(std::string const&)
 .text._ZNSt11range_errorC2ERKSs
                0x01015e68       0x38 /GCC/lib/gcc/ppc-amigaos/4.2.4/newlib/lib/libstdc++.a(stdexcept.o)
                0x01015e68                std::range_error::range_error(std::string const&)
 .text._ZNSt11logic_errorC1ERKSs
                0x01015ea0      0x1e8 /GCC/lib/gcc/ppc-amigaos/4.2.4/newlib/lib/libstdc++.a(stdexcept.o)
                0x01015ea0                std::logic_error::logic_error(std::string const&)
 .text._ZNSt11logic_errorC2ERKSs
                0x01016088      0x1e8 /GCC/lib/gcc/ppc-amigaos/4.2.4/newlib/lib/libstdc++.a(stdexcept.o)
                0x01016088                std::logic_error::logic_error(std::string const&)
 .text._ZNSt12out_of_rangeC1ERKSs
                0x01016270       0x38 /GCC/lib/gcc/ppc-amigaos/4.2.4/newlib/lib/libstdc++.a(stdexcept.o)
                0x01016270                std::out_of_range::out_of_range(std::string const&)
 .text._ZNSt12out_of_rangeC2ERKSs
                0x010162a8       0x38 /GCC/lib/gcc/ppc-amigaos/4.2.4/newlib/lib/libstdc++.a(stdexcept.o)
                0x010162a8                std::out_of_range::out_of_range(std::string const&)
 .text._ZNSt12length_errorC1ERKSs
                0x010162e0       0x38 /GCC/lib/gcc/ppc-amigaos/4.2.4/newlib/lib/libstdc++.a(stdexcept.o)
                0x010162e0                std::length_error::length_error(std::string const&)
 .text._ZNSt12length_errorC2ERKSs
                0x01016318       0x38 /GCC/lib/gcc/ppc-amigaos/4.2.4/newlib/lib/libstdc++.a(stdexcept.o)
                0x01016318                std::length_error::length_error(std::string const&)
 .text._ZNSt16invalid_argumentC1ERKSs
                0x01016350       0x38 /GCC/lib/gcc/ppc-amigaos/4.2.4/newlib/lib/libstdc++.a(stdexcept.o)
                0x01016350                std::invalid_argument::invalid_argument(std::string const&)
 .text._ZNSt16invalid_argumentC2ERKSs
                0x01016388       0x38 /GCC/lib/gcc/ppc-amigaos/4.2.4/newlib/lib/libstdc++.a(stdexcept.o)
                0x01016388                std::invalid_argument::invalid_argument(std::string const&)
 .text._ZNSt12domain_errorC1ERKSs
                0x010163c0       0x38 /GCC/lib/gcc/ppc-amigaos/4.2.4/newlib/lib/libstdc++.a(stdexcept.o)
                0x010163c0                std::domain_error::domain_error(std::string const&)
 .text._ZNSt12domain_errorC2ERKSs
                0x010163f8       0x38 /GCC/lib/gcc/ppc-amigaos/4.2.4/newlib/lib/libstdc++.a(stdexcept.o)
                0x010163f8                std::domain_error::domain_error(std::string const&)
 .text._ZNKSt11logic_error4whatEv
                0x01016430        0x8 /GCC/lib/gcc/ppc-amigaos/4.2.4/newlib/lib/libstdc++.a(stdexcept.o)
                0x01016430                std::logic_error::what() const
 .text._ZNSt13runtime_errorC1ERKSs
                0x01016438      0x1e8 /GCC/lib/gcc/ppc-amigaos/4.2.4/newlib/lib/libstdc++.a(stdexcept.o)
                0x01016438                std::runtime_error::runtime_error(std::string const&)
 .text._ZNSt13runtime_errorD1Ev
                0x01016620       0x74 /GCC/lib/gcc/ppc-amigaos/4.2.4/newlib/lib/libstdc++.a(stdexcept.o)
                0x01016620                std::runtime_error::~runtime_error()
 .text._ZNSt13runtime_errorD2Ev
                0x01016694       0x74 /GCC/lib/gcc/ppc-amigaos/4.2.4/newlib/lib/libstdc++.a(stdexcept.o)
                0x01016694                std::runtime_error::~runtime_error()
 .text._ZNSt13runtime_errorD0Ev
                0x01016708       0x7c /GCC/lib/gcc/ppc-amigaos/4.2.4/newlib/lib/libstdc++.a(stdexcept.o)
                0x01016708                std::runtime_error::~runtime_error()
 .text._ZNSt11logic_errorD2Ev
                0x01016784       0x74 /GCC/lib/gcc/ppc-amigaos/4.2.4/newlib/lib/libstdc++.a(stdexcept.o)
                0x01016784                std::logic_error::~logic_error()
 .text._ZNSt11logic_errorD0Ev
                0x010167f8       0x7c /GCC/lib/gcc/ppc-amigaos/4.2.4/newlib/lib/libstdc++.a(stdexcept.o)
                0x010167f8                std::logic_error::~logic_error()
 .text          0x01016874        0x0 /GCC/lib/gcc/ppc-amigaos/4.2.4/newlib/lib/libstdc++.a(tree.o)
 .text._ZSt18_Rb_tree_incrementPSt18_Rb_tree_node_base
                0x01016874       0x70 /GCC/lib/gcc/ppc-amigaos/4.2.4/newlib/lib/libstdc++.a(tree.o)
                0x01016874                std::_Rb_tree_increment(std::_Rb_tree_node_base*)
 .text._ZSt18_Rb_tree_incrementPKSt18_Rb_tree_node_base
                0x010168e4        0x4 /GCC/lib/gcc/ppc-amigaos/4.2.4/newlib/lib/libstdc++.a(tree.o)
                0x010168e4                std::_Rb_tree_increment(std::_Rb_tree_node_base const*)
 .text._ZSt18_Rb_tree_decrementPSt18_Rb_tree_node_base
                0x010168e8       0x80 /GCC/lib/gcc/ppc-amigaos/4.2.4/newlib/lib/libstdc++.a(tree.o)
                0x010168e8                std::_Rb_tree_decrement(std::_Rb_tree_node_base*)
 .text._ZSt18_Rb_tree_decrementPKSt18_Rb_tree_node_base
                0x01016968        0x4 /GCC/lib/gcc/ppc-amigaos/4.2.4/newlib/lib/libstdc++.a(tree.o)
                0x01016968                std::_Rb_tree_decrement(std::_Rb_tree_node_base const*)
 .text._ZSt20_Rb_tree_rotate_leftPSt18_Rb_tree_node_baseRS0_
                0x0101696c       0x6c /GCC/lib/gcc/ppc-amigaos/4.2.4/newlib/lib/libstdc++.a(tree.o)
                0x0101696c                std::_Rb_tree_rotate_left(std::_Rb_tree_node_base*, std::_Rb_tree_node_base*&)
 .text._ZSt21_Rb_tree_rotate_rightPSt18_Rb_tree_node_baseRS0_
                0x010169d8       0x6c /GCC/lib/gcc/ppc-amigaos/4.2.4/newlib/lib/libstdc++.a(tree.o)
                0x010169d8                std::_Rb_tree_rotate_right(std::_Rb_tree_node_base*, std::_Rb_tree_node_base*&)
 .text._ZSt29_Rb_tree_insert_and_rebalancebPSt18_Rb_tree_node_baseS0_RS_
                0x01016a44      0x1cc /GCC/lib/gcc/ppc-amigaos/4.2.4/newlib/lib/libstdc++.a(tree.o)
                0x01016a44                std::_Rb_tree_insert_and_rebalance(bool, std::_Rb_tree_node_base*, std::_Rb_tree_node_base*, std::_Rb_tree_node_base&)
 .text._ZSt20_Rb_tree_black_countPKSt18_Rb_tree_node_baseS1_
                0x01016c10       0x38 /GCC/lib/gcc/ppc-amigaos/4.2.4/newlib/lib/libstdc++.a(tree.o)
                0x01016c10                std::_Rb_tree_black_count(std::_Rb_tree_node_base const*, std::_Rb_tree_node_base const*)
 .text._ZSt28_Rb_tree_rebalance_for_erasePSt18_Rb_tree_node_baseRS_
                0x01016c48      0x3f0 /GCC/lib/gcc/ppc-amigaos/4.2.4/newlib/lib/libstdc++.a(tree.o)
                0x01016c48                std::_Rb_tree_rebalance_for_erase(std::_Rb_tree_node_base*, std::_Rb_tree_node_base&)
 .text          0x01017038        0x0 /GCC/lib/gcc/ppc-amigaos/4.2.4/newlib/lib/libstdc++.a(string-inst.o)
 .text._ZNKSs7_M_dataEv
                0x01017038        0x8 /GCC/lib/gcc/ppc-amigaos/4.2.4/newlib/lib/libstdc++.a(string-inst.o)
                0x01017038                std::string::_M_data() const
 .text._ZNSs7_M_dataEPc
                0x01017040        0xc /GCC/lib/gcc/ppc-amigaos/4.2.4/newlib/lib/libstdc++.a(string-inst.o)
                0x01017040                std::string::_M_data(char*)
 .text._ZNKSs6_M_repEv
                0x0101704c        0xc /GCC/lib/gcc/ppc-amigaos/4.2.4/newlib/lib/libstdc++.a(string-inst.o)
                0x0101704c                std::string::_M_rep() const
 .text._ZNKSs9_M_ibeginEv
                0x01017058        0x8 /GCC/lib/gcc/ppc-amigaos/4.2.4/newlib/lib/libstdc++.a(string-inst.o)
                0x01017058                std::string::_M_ibegin() const
 .text._ZNKSs7_M_iendEv
                0x01017060       0x10 /GCC/lib/gcc/ppc-amigaos/4.2.4/newlib/lib/libstdc++.a(string-inst.o)
                0x01017060                std::string::_M_iend() const
 .text._ZNKSs8_M_limitEjj
                0x01017070       0x20 /GCC/lib/gcc/ppc-amigaos/4.2.4/newlib/lib/libstdc++.a(string-inst.o)
                0x01017070                std::string::_M_limit(unsigned int, unsigned int) const
 .text._ZNKSs11_M_disjunctEPKc
                0x01017090       0x2c /GCC/lib/gcc/ppc-amigaos/4.2.4/newlib/lib/libstdc++.a(string-inst.o)
                0x01017090                std::string::_M_disjunct(char const*) const
 .text._ZNSs12_S_empty_repEv
                0x010170bc        0xc /GCC/lib/gcc/ppc-amigaos/4.2.4/newlib/lib/libstdc++.a(string-inst.o)
                0x010170bc                std::string::_S_empty_rep()
 .text._ZNSsC1Ev
                0x010170c8       0x14 /GCC/lib/gcc/ppc-amigaos/4.2.4/newlib/lib/libstdc++.a(string-inst.o)
                0x010170c8                std::basic_string<char, std::char_traits<char>, std::allocator<char> >::basic_string()
 .text._ZNKSs5beginEv
                0x010170dc        0x8 /GCC/lib/gcc/ppc-amigaos/4.2.4/newlib/lib/libstdc++.a(string-inst.o)
                0x010170dc                std::string::begin() const
 .text._ZNKSs3endEv
                0x010170e4       0x10 /GCC/lib/gcc/ppc-amigaos/4.2.4/newlib/lib/libstdc++.a(string-inst.o)
                0x010170e4                std::string::end() const
 .text._ZNKSs4sizeEv
                0x010170f4        0xc /GCC/lib/gcc/ppc-amigaos/4.2.4/newlib/lib/libstdc++.a(string-inst.o)
                0x010170f4                std::string::size() const
 .text._ZNKSs8max_sizeEv
                0x01017100        0xc /GCC/lib/gcc/ppc-amigaos/4.2.4/newlib/lib/libstdc++.a(string-inst.o)
                0x01017100                std::string::max_size() const
 .text._ZNKSs8capacityEv
                0x0101710c        0xc /GCC/lib/gcc/ppc-amigaos/4.2.4/newlib/lib/libstdc++.a(string-inst.o)
                0x0101710c                std::string::capacity() const
 .text._ZNKSs4dataEv
                0x01017118        0x8 /GCC/lib/gcc/ppc-amigaos/4.2.4/newlib/lib/libstdc++.a(string-inst.o)
                0x01017118                std::string::data() const
 .text._ZNKSs13get_allocatorEv
                0x01017120        0x4 /GCC/lib/gcc/ppc-amigaos/4.2.4/newlib/lib/libstdc++.a(string-inst.o)
                0x01017120                std::string::get_allocator() const
 .text._ZNSs12_Alloc_hiderC1EPcRKSaIcE
                0x01017124        0x8 /GCC/lib/gcc/ppc-amigaos/4.2.4/newlib/lib/libstdc++.a(string-inst.o)
                0x01017124                std::string::_Alloc_hider::_Alloc_hider(char*, std::allocator<char> const&)
 .text._ZNSs4_Rep12_S_empty_repEv
                0x0101712c        0xc /GCC/lib/gcc/ppc-amigaos/4.2.4/newlib/lib/libstdc++.a(string-inst.o)
                0x0101712c                std::string::_Rep::_S_empty_rep()
 .text._ZNKSs4_Rep12_M_is_leakedEv
                0x01017138        0xc /GCC/lib/gcc/ppc-amigaos/4.2.4/newlib/lib/libstdc++.a(string-inst.o)
                0x01017138                std::string::_Rep::_M_is_leaked() const
 .text._ZNKSs4_Rep12_M_is_sharedEv
                0x01017144       0x14 /GCC/lib/gcc/ppc-amigaos/4.2.4/newlib/lib/libstdc++.a(string-inst.o)
                0x01017144                std::string::_Rep::_M_is_shared() const
 .text._ZNSs4_Rep13_M_set_leakedEv
                0x01017158        0xc /GCC/lib/gcc/ppc-amigaos/4.2.4/newlib/lib/libstdc++.a(string-inst.o)
                0x01017158                std::string::_Rep::_M_set_leaked()
 .text._ZNSs4_Rep15_M_set_sharableEv
                0x01017164        0xc /GCC/lib/gcc/ppc-amigaos/4.2.4/newlib/lib/libstdc++.a(string-inst.o)
                0x01017164                std::string::_Rep::_M_set_sharable()
 .text._ZNSs4_Rep26_M_set_length_and_sharableEj
                0x01017170       0x18 /GCC/lib/gcc/ppc-amigaos/4.2.4/newlib/lib/libstdc++.a(string-inst.o)
                0x01017170                std::string::_Rep::_M_set_length_and_sharable(unsigned int)
 .text._ZNSs4_Rep10_M_refdataEv
                0x01017188        0x8 /GCC/lib/gcc/ppc-amigaos/4.2.4/newlib/lib/libstdc++.a(string-inst.o)
                0x01017188                std::string::_Rep::_M_refdata()
 .text._ZN9__gnu_cxxeqIPcSsEEbRKNS_17__normal_iteratorIT_T0_EES7_
                0x01017190       0x18 /GCC/lib/gcc/ppc-amigaos/4.2.4/newlib/lib/libstdc++.a(string-inst.o)
                0x01017190                bool __gnu_cxx::operator==<char*, std::string>(__gnu_cxx::__normal_iterator<char*, std::string> const&, __gnu_cxx::__normal_iterator<char*, std::string> const&)
 .text._ZNSs12_Alloc_hiderC2EPcRKSaIcE
                0x010171a8        0x8 /GCC/lib/gcc/ppc-amigaos/4.2.4/newlib/lib/libstdc++.a(string-inst.o)
                0x010171a8                std::string::_Alloc_hider::_Alloc_hider(char*, std::allocator<char> const&)
 .text._ZNSs4_Rep10_M_refcopyEv
                0x010171b0       0x28 /GCC/lib/gcc/ppc-amigaos/4.2.4/newlib/lib/libstdc++.a(string-inst.o)
                0x010171b0                std::string::_Rep::_M_refcopy()
 .text._ZNKSs15_M_check_lengthEjjPKc
                0x010171d8       0x44 /GCC/lib/gcc/ppc-amigaos/4.2.4/newlib/lib/libstdc++.a(string-inst.o)
                0x010171d8                std::string::_M_check_length(unsigned int, unsigned int, char const*) const
 .text._ZNKSs8_M_checkEjPKc
                0x0101721c       0x38 /GCC/lib/gcc/ppc-amigaos/4.2.4/newlib/lib/libstdc++.a(string-inst.o)
                0x0101721c                std::string::_M_check(unsigned int, char const*) const
 .text._ZNSs9_M_assignEPcjc
                0x01017254       0x4c /GCC/lib/gcc/ppc-amigaos/4.2.4/newlib/lib/libstdc++.a(string-inst.o)
                0x01017254                std::string::_M_assign(char*, unsigned int, char)
 .text._ZNSs7_M_moveEPcPKcj
                0x010172a0       0x40 /GCC/lib/gcc/ppc-amigaos/4.2.4/newlib/lib/libstdc++.a(string-inst.o)
                0x010172a0                std::string::_M_move(char*, char const*, unsigned int)
 .text._ZNSs7_M_copyEPcPKcj
                0x010172e0       0x40 /GCC/lib/gcc/ppc-amigaos/4.2.4/newlib/lib/libstdc++.a(string-inst.o)
                0x010172e0                std::string::_M_copy(char*, char const*, unsigned int)
 .text._ZNKSs5c_strEv
                0x01017320        0x8 /GCC/lib/gcc/ppc-amigaos/4.2.4/newlib/lib/libstdc++.a(string-inst.o)
                0x01017320                std::string::c_str() const
 .text._ZNKSsixEj
                0x01017328        0xc /GCC/lib/gcc/ppc-amigaos/4.2.4/newlib/lib/libstdc++.a(string-inst.o)
                0x01017328                std::string::operator[](unsigned int) const
 .text._ZNKSs4findEcj
                0x01017334       0x68 /GCC/lib/gcc/ppc-amigaos/4.2.4/newlib/lib/libstdc++.a(string-inst.o)
                0x01017334                std::string::find(char, unsigned int) const
 .text._ZNKSs13find_first_ofEcj
                0x0101739c       0x20 /GCC/lib/gcc/ppc-amigaos/4.2.4/newlib/lib/libstdc++.a(string-inst.o)
                0x0101739c                std::string::find_first_of(char, unsigned int) const
 .text._ZNKSs2atEj
                0x010173bc       0x3c /GCC/lib/gcc/ppc-amigaos/4.2.4/newlib/lib/libstdc++.a(string-inst.o)
                0x010173bc                std::string::at(unsigned int) const
 .text._ZNKSs5emptyEv
                0x010173f8       0x14 /GCC/lib/gcc/ppc-amigaos/4.2.4/newlib/lib/libstdc++.a(string-inst.o)
                0x010173f8                std::string::empty() const
 .text._ZNKSs6lengthEv
                0x0101740c        0xc /GCC/lib/gcc/ppc-amigaos/4.2.4/newlib/lib/libstdc++.a(string-inst.o)
                0x0101740c                std::string::length() const
 .text._ZNSsC2Ev
                0x01017418       0x14 /GCC/lib/gcc/ppc-amigaos/4.2.4/newlib/lib/libstdc++.a(string-inst.o)
                0x01017418                std::basic_string<char, std::char_traits<char>, std::allocator<char> >::basic_string()
 .text._ZN9__gnu_cxxeqIPKcSsEEbRKNS_17__normal_iteratorIT_T0_EES8_
                0x0101742c       0x18 /GCC/lib/gcc/ppc-amigaos/4.2.4/newlib/lib/libstdc++.a(string-inst.o)
                0x0101742c                bool __gnu_cxx::operator==<char const*, std::string>(__gnu_cxx::__normal_iterator<char const*, std::string> const&, __gnu_cxx::__normal_iterator<char const*, std::string> const&)
 .text._ZNKSs16find_last_not_ofEcj
                0x01017444       0x58 /GCC/lib/gcc/ppc-amigaos/4.2.4/newlib/lib/libstdc++.a(string-inst.o)
                0x01017444                std::string::find_last_not_of(char, unsigned int) const
 .text._ZNKSs17find_first_not_ofEcj
                0x0101749c       0x4c /GCC/lib/gcc/ppc-amigaos/4.2.4/newlib/lib/libstdc++.a(string-inst.o)
                0x0101749c                std::string::find_first_not_of(char, unsigned int) const
 .text._ZNKSs5rfindEcj
                0x010174e8       0x64 /GCC/lib/gcc/ppc-amigaos/4.2.4/newlib/lib/libstdc++.a(string-inst.o)
                0x010174e8                std::string::rfind(char, unsigned int) const
 .text._ZNKSs12find_last_ofEcj
                0x0101754c       0x20 /GCC/lib/gcc/ppc-amigaos/4.2.4/newlib/lib/libstdc++.a(string-inst.o)
                0x0101754c                std::string::find_last_of(char, unsigned int) const
 .text._ZNSs4_Rep9_S_createEjjRKSaIcE
                0x0101756c      0x278 /GCC/lib/gcc/ppc-amigaos/4.2.4/newlib/lib/libstdc++.a(string-inst.o)
                0x0101756c                std::string::_Rep::_S_create(unsigned int, unsigned int, std::allocator<char> const&)
 .text._ZNSs4_Rep10_M_destroyERKSaIcE
                0x010177e4       0x20 /GCC/lib/gcc/ppc-amigaos/4.2.4/newlib/lib/libstdc++.a(string-inst.o)
                0x010177e4                std::string::_Rep::_M_destroy(std::allocator<char> const&)
 .text._ZNSs4_Rep10_M_disposeERKSaIcE
                0x01017804       0x48 /GCC/lib/gcc/ppc-amigaos/4.2.4/newlib/lib/libstdc++.a(string-inst.o)
                0x01017804                std::string::_Rep::_M_dispose(std::allocator<char> const&)
 .text._ZNKSs16find_last_not_ofEPKcjj
                0x0101784c       0xdc /GCC/lib/gcc/ppc-amigaos/4.2.4/newlib/lib/libstdc++.a(string-inst.o)
                0x0101784c                std::string::find_last_not_of(char const*, unsigned int, unsigned int) const
 .text._ZNKSs16find_last_not_ofERKSsj
                0x01017928       0x28 /GCC/lib/gcc/ppc-amigaos/4.2.4/newlib/lib/libstdc++.a(string-inst.o)
                0x01017928                std::string::find_last_not_of(std::string const&, unsigned int) const
 .text._ZNKSs17find_first_not_ofEPKcjj
                0x01017950       0xb8 /GCC/lib/gcc/ppc-amigaos/4.2.4/newlib/lib/libstdc++.a(string-inst.o)
                0x01017950                std::string::find_first_not_of(char const*, unsigned int, unsigned int) const
 .text._ZNKSs17find_first_not_ofERKSsj
                0x01017a08       0x28 /GCC/lib/gcc/ppc-amigaos/4.2.4/newlib/lib/libstdc++.a(string-inst.o)
                0x01017a08                std::string::find_first_not_of(std::string const&, unsigned int) const
 .text._ZNKSs12find_last_ofEPKcjj
                0x01017a30      0x108 /GCC/lib/gcc/ppc-amigaos/4.2.4/newlib/lib/libstdc++.a(string-inst.o)
                0x01017a30                std::string::find_last_of(char const*, unsigned int, unsigned int) const
 .text._ZNKSs12find_last_ofERKSsj
                0x01017b38       0x28 /GCC/lib/gcc/ppc-amigaos/4.2.4/newlib/lib/libstdc++.a(string-inst.o)
                0x01017b38                std::string::find_last_of(std::string const&, unsigned int) const
 .text._ZNKSs13find_first_ofEPKcjj
                0x01017b60       0xbc /GCC/lib/gcc/ppc-amigaos/4.2.4/newlib/lib/libstdc++.a(string-inst.o)
                0x01017b60                std::string::find_first_of(char const*, unsigned int, unsigned int) const
 .text._ZNKSs13find_first_ofERKSsj
                0x01017c1c       0x28 /GCC/lib/gcc/ppc-amigaos/4.2.4/newlib/lib/libstdc++.a(string-inst.o)
                0x01017c1c                std::string::find_first_of(std::string const&, unsigned int) const
 .text._ZNKSs7compareERKSs
                0x01017c44       0x68 /GCC/lib/gcc/ppc-amigaos/4.2.4/newlib/lib/libstdc++.a(string-inst.o)
                0x01017c44                std::string::compare(std::string const&) const
 .text._ZNKSs5rfindEPKcjj
                0x01017cac       0xac /GCC/lib/gcc/ppc-amigaos/4.2.4/newlib/lib/libstdc++.a(string-inst.o)
                0x01017cac                std::string::rfind(char const*, unsigned int, unsigned int) const
 .text._ZNKSs5rfindERKSsj
                0x01017d58       0x28 /GCC/lib/gcc/ppc-amigaos/4.2.4/newlib/lib/libstdc++.a(string-inst.o)
                0x01017d58                std::string::rfind(std::string const&, unsigned int) const
 .text._ZNKSs4findEPKcjj
                0x01017d80       0xfc /GCC/lib/gcc/ppc-amigaos/4.2.4/newlib/lib/libstdc++.a(string-inst.o)
                0x01017d80                std::string::find(char const*, unsigned int, unsigned int) const
 .text._ZNKSs4findERKSsj
                0x01017e7c       0x28 /GCC/lib/gcc/ppc-amigaos/4.2.4/newlib/lib/libstdc++.a(string-inst.o)
                0x01017e7c                std::string::find(std::string const&, unsigned int) const
 .text._ZNKSs7compareEPKc
                0x01017ea4       0x88 /GCC/lib/gcc/ppc-amigaos/4.2.4/newlib/lib/libstdc++.a(string-inst.o)
                0x01017ea4                std::string::compare(char const*) const
 .text._ZNKSs16find_last_not_ofEPKcj
                0x01017f2c       0x5c /GCC/lib/gcc/ppc-amigaos/4.2.4/newlib/lib/libstdc++.a(string-inst.o)
                0x01017f2c                std::string::find_last_not_of(char const*, unsigned int) const
 .text._ZNKSs17find_first_not_ofEPKcj
                0x01017f88       0x5c /GCC/lib/gcc/ppc-amigaos/4.2.4/newlib/lib/libstdc++.a(string-inst.o)
                0x01017f88                std::string::find_first_not_of(char const*, unsigned int) const
 .text._ZNKSs12find_last_ofEPKcj
                0x01017fe4       0x5c /GCC/lib/gcc/ppc-amigaos/4.2.4/newlib/lib/libstdc++.a(string-inst.o)
                0x01017fe4                std::string::find_last_of(char const*, unsigned int) const
 .text._ZNKSs13find_first_ofEPKcj
                0x01018040       0x5c /GCC/lib/gcc/ppc-amigaos/4.2.4/newlib/lib/libstdc++.a(string-inst.o)
                0x01018040                std::string::find_first_of(char const*, unsigned int) const
 .text._ZNKSs5rfindEPKcj
                0x0101809c       0x5c /GCC/lib/gcc/ppc-amigaos/4.2.4/newlib/lib/libstdc++.a(string-inst.o)
                0x0101809c                std::string::rfind(char const*, unsigned int) const
 .text._ZNKSs4findEPKcj
                0x010180f8       0x5c /GCC/lib/gcc/ppc-amigaos/4.2.4/newlib/lib/libstdc++.a(string-inst.o)
                0x010180f8                std::string::find(char const*, unsigned int) const
 .text._ZNKSs4rendEv
                0x01018154        0xc /GCC/lib/gcc/ppc-amigaos/4.2.4/newlib/lib/libstdc++.a(string-inst.o)
                0x01018154                std::string::rend() const
 .text._ZNKSs6rbeginEv
                0x01018160       0x14 /GCC/lib/gcc/ppc-amigaos/4.2.4/newlib/lib/libstdc++.a(string-inst.o)
                0x01018160                std::string::rbegin() const
 .text._ZNSs12_S_constructEjcRKSaIcE
                0x01018174       0xbc /GCC/lib/gcc/ppc-amigaos/4.2.4/newlib/lib/libstdc++.a(string-inst.o)
                0x01018174                std::string::_S_construct(unsigned int, char, std::allocator<char> const&)
 .text._ZNSsC1EjcRKSaIcE
                0x01018230       0x3c /GCC/lib/gcc/ppc-amigaos/4.2.4/newlib/lib/libstdc++.a(string-inst.o)
                0x01018230                std::basic_string<char, std::char_traits<char>, std::allocator<char> >::basic_string(unsigned int, char, std::allocator<char> const&)
 .text._ZNSsC2EjcRKSaIcE
                0x0101826c       0x3c /GCC/lib/gcc/ppc-amigaos/4.2.4/newlib/lib/libstdc++.a(string-inst.o)
                0x0101826c                std::basic_string<char, std::char_traits<char>, std::allocator<char> >::basic_string(unsigned int, char, std::allocator<char> const&)
 .text._ZNSsC1ERKSaIcE
                0x010182a8       0x3c /GCC/lib/gcc/ppc-amigaos/4.2.4/newlib/lib/libstdc++.a(string-inst.o)
                0x010182a8                std::basic_string<char, std::char_traits<char>, std::allocator<char> >::basic_string(std::allocator<char> const&)
 .text._ZNSsC2ERKSaIcE
                0x010182e4       0x3c /GCC/lib/gcc/ppc-amigaos/4.2.4/newlib/lib/libstdc++.a(string-inst.o)
                0x010182e4                std::basic_string<char, std::char_traits<char>, std::allocator<char> >::basic_string(std::allocator<char> const&)
 .text._ZNKSs7compareEjjPKcj
                0x01018320       0xb0 /GCC/lib/gcc/ppc-amigaos/4.2.4/newlib/lib/libstdc++.a(string-inst.o)
                0x01018320                std::string::compare(unsigned int, unsigned int, char const*, unsigned int) const
 .text._ZNKSs7compareEjjPKc
                0x010183d0       0xe4 /GCC/lib/gcc/ppc-amigaos/4.2.4/newlib/lib/libstdc++.a(string-inst.o)
                0x010183d0                std::string::compare(unsigned int, unsigned int, char const*) const
 .text._ZNKSs7compareEjjRKSsjj
                0x010184b4       0xe0 /GCC/lib/gcc/ppc-amigaos/4.2.4/newlib/lib/libstdc++.a(string-inst.o)
                0x010184b4                std::string::compare(unsigned int, unsigned int, std::string const&, unsigned int, unsigned int) const
 .text._ZNKSs7compareEjjRKSs
                0x01018594       0xbc /GCC/lib/gcc/ppc-amigaos/4.2.4/newlib/lib/libstdc++.a(string-inst.o)
                0x01018594                std::string::compare(unsigned int, unsigned int, std::string const&) const
 .text._ZNSsD1Ev
                0x01018650       0x54 /GCC/lib/gcc/ppc-amigaos/4.2.4/newlib/lib/libstdc++.a(string-inst.o)
                0x01018650                std::basic_string<char, std::char_traits<char>, std::allocator<char> >::~basic_string()
 .text._ZNSsD2Ev
                0x010186a4       0x54 /GCC/lib/gcc/ppc-amigaos/4.2.4/newlib/lib/libstdc++.a(string-inst.o)
                0x010186a4                std::basic_string<char, std::char_traits<char>, std::allocator<char> >::~basic_string()
 .text._ZNSs13_S_copy_charsEPcS_S_
                0x010186f8       0x44 /GCC/lib/gcc/ppc-amigaos/4.2.4/newlib/lib/libstdc++.a(string-inst.o)
                0x010186f8                std::string::_S_copy_chars(char*, char*, char*)
 .text._ZNSs4_Rep8_M_cloneERKSaIcEj
                0x0101873c       0xcc /GCC/lib/gcc/ppc-amigaos/4.2.4/newlib/lib/libstdc++.a(string-inst.o)
                0x0101873c                std::string::_Rep::_M_clone(std::allocator<char> const&, unsigned int)
 .text._ZNSs4_Rep7_M_grabERKSaIcES2_
                0x01018808       0x64 /GCC/lib/gcc/ppc-amigaos/4.2.4/newlib/lib/libstdc++.a(string-inst.o)
                0x01018808                std::string::_Rep::_M_grab(std::allocator<char> const&, std::allocator<char> const&)
 .text._ZNSs7reserveEj
                0x0101886c      0x258 /GCC/lib/gcc/ppc-amigaos/4.2.4/newlib/lib/libstdc++.a(string-inst.o)
                0x0101886c                std::string::reserve(unsigned int)
 .text._ZNSs9push_backEc
                0x01018ac4       0x94 /GCC/lib/gcc/ppc-amigaos/4.2.4/newlib/lib/libstdc++.a(string-inst.o)
                0x01018ac4                std::string::push_back(char)
 .text._ZNSs6appendEjc
                0x01018b58       0xe4 /GCC/lib/gcc/ppc-amigaos/4.2.4/newlib/lib/libstdc++.a(string-inst.o)
                0x01018b58                std::string::append(unsigned int, char)
 .text._ZNSspLEc
                0x01018c3c       0x98 /GCC/lib/gcc/ppc-amigaos/4.2.4/newlib/lib/libstdc++.a(string-inst.o)
                0x01018c3c                std::string::operator+=(char)
 .text._ZNKSs4copyEPcjj
                0x01018cd4       0x9c /GCC/lib/gcc/ppc-amigaos/4.2.4/newlib/lib/libstdc++.a(string-inst.o)
                0x01018cd4                std::string::copy(char*, unsigned int, unsigned int) const
 .text._ZNSs6appendEPKcj
                0x01018d70      0x124 /GCC/lib/gcc/ppc-amigaos/4.2.4/newlib/lib/libstdc++.a(string-inst.o)
                0x01018d70                std::string::append(char const*, unsigned int)
 .text._ZNSs6appendEPKc
                0x01018e94       0x4c /GCC/lib/gcc/ppc-amigaos/4.2.4/newlib/lib/libstdc++.a(string-inst.o)
                0x01018e94                std::string::append(char const*)
 .text._ZNSspLEPKc
                0x01018ee0       0x4c /GCC/lib/gcc/ppc-amigaos/4.2.4/newlib/lib/libstdc++.a(string-inst.o)
                0x01018ee0                std::string::operator+=(char const*)
 .text._ZNSs6appendERKSsjj
                0x01018f2c      0x108 /GCC/lib/gcc/ppc-amigaos/4.2.4/newlib/lib/libstdc++.a(string-inst.o)
                0x01018f2c                std::string::append(std::string const&, unsigned int, unsigned int)
 .text._ZNSs6appendERKSs
                0x01019034       0xd0 /GCC/lib/gcc/ppc-amigaos/4.2.4/newlib/lib/libstdc++.a(string-inst.o)
                0x01019034                std::string::append(std::string const&)
 .text._ZNSspLERKSs
                0x01019104       0x20 /GCC/lib/gcc/ppc-amigaos/4.2.4/newlib/lib/libstdc++.a(string-inst.o)
                0x01019104                std::string::operator+=(std::string const&)
 .text._ZNSs9_M_mutateEjjj
                0x01019124      0x38c /GCC/lib/gcc/ppc-amigaos/4.2.4/newlib/lib/libstdc++.a(string-inst.o)
                0x01019124                std::string::_M_mutate(unsigned int, unsigned int, unsigned int)
 .text._ZNSs15_M_replace_safeEjjPKcj
                0x010194b0       0xa8 /GCC/lib/gcc/ppc-amigaos/4.2.4/newlib/lib/libstdc++.a(string-inst.o)
                0x010194b0                std::string::_M_replace_safe(unsigned int, unsigned int, char const*, unsigned int)
 .text._ZNSs6assignEPKcj
                0x01019558      0x124 /GCC/lib/gcc/ppc-amigaos/4.2.4/newlib/lib/libstdc++.a(string-inst.o)
                0x01019558                std::string::assign(char const*, unsigned int)
 .text._ZNSs6assignEPKc
                0x0101967c       0x4c /GCC/lib/gcc/ppc-amigaos/4.2.4/newlib/lib/libstdc++.a(string-inst.o)
                0x0101967c                std::string::assign(char const*)
 .text._ZNSs6assignERKSsjj
                0x010196c8       0x6c /GCC/lib/gcc/ppc-amigaos/4.2.4/newlib/lib/libstdc++.a(string-inst.o)
                0x010196c8                std::string::assign(std::string const&, unsigned int, unsigned int)
 .text._ZNSsaSEPKc
                0x01019734       0x4c /GCC/lib/gcc/ppc-amigaos/4.2.4/newlib/lib/libstdc++.a(string-inst.o)
                0x01019734                std::string::operator=(char const*)
 .text._ZNSs14_M_replace_auxEjjjc
                0x01019780       0xcc /GCC/lib/gcc/ppc-amigaos/4.2.4/newlib/lib/libstdc++.a(string-inst.o)
                0x01019780                std::string::_M_replace_aux(unsigned int, unsigned int, unsigned int, char)
 .text._ZNSs7replaceEN9__gnu_cxx17__normal_iteratorIPcSsEES2_jc
                0x0101984c       0x34 /GCC/lib/gcc/ppc-amigaos/4.2.4/newlib/lib/libstdc++.a(string-inst.o)
                0x0101984c                std::string::replace(__gnu_cxx::__normal_iterator<char*, std::string>, __gnu_cxx::__normal_iterator<char*, std::string>, unsigned int, char)
 .text._ZNSs7replaceEjjjc
                0x01019880       0x64 /GCC/lib/gcc/ppc-amigaos/4.2.4/newlib/lib/libstdc++.a(string-inst.o)
                0x01019880                std::string::replace(unsigned int, unsigned int, unsigned int, char)
 .text._ZNSs6insertEN9__gnu_cxx17__normal_iteratorIPcSsEEc
                0x010198e4       0x60 /GCC/lib/gcc/ppc-amigaos/4.2.4/newlib/lib/libstdc++.a(string-inst.o)
                0x010198e4                std::string::insert(__gnu_cxx::__normal_iterator<char*, std::string>, char)
 .text._ZNSs6insertEjjc
                0x01019944       0x48 /GCC/lib/gcc/ppc-amigaos/4.2.4/newlib/lib/libstdc++.a(string-inst.o)
                0x01019944                std::string::insert(unsigned int, unsigned int, char)
 .text._ZNSs6assignEjc
                0x0101998c       0x34 /GCC/lib/gcc/ppc-amigaos/4.2.4/newlib/lib/libstdc++.a(string-inst.o)
                0x0101998c                std::string::assign(unsigned int, char)
 .text._ZNSsaSEc
                0x010199c0       0x44 /GCC/lib/gcc/ppc-amigaos/4.2.4/newlib/lib/libstdc++.a(string-inst.o)
                0x010199c0                std::string::operator=(char)
 .text._ZNSs6insertEN9__gnu_cxx17__normal_iteratorIPcSsEEjc
                0x01019a04       0x38 /GCC/lib/gcc/ppc-amigaos/4.2.4/newlib/lib/libstdc++.a(string-inst.o)
                0x01019a04                std::string::insert(__gnu_cxx::__normal_iterator<char*, std::string>, unsigned int, char)
 .text._ZNSs5eraseEN9__gnu_cxx17__normal_iteratorIPcSsEES2_
                0x01019a3c       0x60 /GCC/lib/gcc/ppc-amigaos/4.2.4/newlib/lib/libstdc++.a(string-inst.o)
                0x01019a3c                std::string::erase(__gnu_cxx::__normal_iterator<char*, std::string>, __gnu_cxx::__normal_iterator<char*, std::string>)
 .text._ZNSs5eraseEN9__gnu_cxx17__normal_iteratorIPcSsEE
                0x01019a9c       0x5c /GCC/lib/gcc/ppc-amigaos/4.2.4/newlib/lib/libstdc++.a(string-inst.o)
                0x01019a9c                std::string::erase(__gnu_cxx::__normal_iterator<char*, std::string>)
 .text._ZNSs5eraseEjj
                0x01019af8       0x84 /GCC/lib/gcc/ppc-amigaos/4.2.4/newlib/lib/libstdc++.a(string-inst.o)
                0x01019af8                std::string::erase(unsigned int, unsigned int)
 .text._ZNSs6insertEjPKcj
                0x01019b7c      0x19c /GCC/lib/gcc/ppc-amigaos/4.2.4/newlib/lib/libstdc++.a(string-inst.o)
                0x01019b7c                std::string::insert(unsigned int, char const*, unsigned int)
 .text._ZNSs6insertEjPKc
                0x01019d18       0x5c /GCC/lib/gcc/ppc-amigaos/4.2.4/newlib/lib/libstdc++.a(string-inst.o)
                0x01019d18                std::string::insert(unsigned int, char const*)
 .text._ZNSs6insertEjRKSsjj
                0x01019d74       0x6c /GCC/lib/gcc/ppc-amigaos/4.2.4/newlib/lib/libstdc++.a(string-inst.o)
                0x01019d74                std::string::insert(unsigned int, std::string const&, unsigned int, unsigned int)
 .text._ZNSs6insertEjRKSs
                0x01019de0       0x28 /GCC/lib/gcc/ppc-amigaos/4.2.4/newlib/lib/libstdc++.a(string-inst.o)
                0x01019de0                std::string::insert(unsigned int, std::string const&)
 .text._ZNSs5clearEv
                0x01019e08       0x30 /GCC/lib/gcc/ppc-amigaos/4.2.4/newlib/lib/libstdc++.a(string-inst.o)
                0x01019e08                std::string::clear()
 .text._ZNSs12_M_leak_hardEv
                0x01019e38       0x6c /GCC/lib/gcc/ppc-amigaos/4.2.4/newlib/lib/libstdc++.a(string-inst.o)
                0x01019e38                std::string::_M_leak_hard()
 .text._ZNSs7_M_leakEv
                0x01019ea4       0x30 /GCC/lib/gcc/ppc-amigaos/4.2.4/newlib/lib/libstdc++.a(string-inst.o)
                0x01019ea4                std::string::_M_leak()
 .text._ZNSs2atEj
                0x01019ed4       0x6c /GCC/lib/gcc/ppc-amigaos/4.2.4/newlib/lib/libstdc++.a(string-inst.o)
                0x01019ed4                std::string::at(unsigned int)
 .text._ZNSsixEj
                0x01019f40       0x50 /GCC/lib/gcc/ppc-amigaos/4.2.4/newlib/lib/libstdc++.a(string-inst.o)
                0x01019f40                std::string::operator[](unsigned int)
 .text._ZNSs3endEv
                0x01019f90       0x50 /GCC/lib/gcc/ppc-amigaos/4.2.4/newlib/lib/libstdc++.a(string-inst.o)
                0x01019f90                std::string::end()
 .text._ZNSs5beginEv
                0x01019fe0       0x44 /GCC/lib/gcc/ppc-amigaos/4.2.4/newlib/lib/libstdc++.a(string-inst.o)
                0x01019fe0                std::string::begin()
 .text._ZNSs4rendEv
                0x0101a024       0x58 /GCC/lib/gcc/ppc-amigaos/4.2.4/newlib/lib/libstdc++.a(string-inst.o)
                0x0101a024                std::string::rend()
 .text._ZNSs6rbeginEv
                0x0101a07c       0x68 /GCC/lib/gcc/ppc-amigaos/4.2.4/newlib/lib/libstdc++.a(string-inst.o)
                0x0101a07c                std::string::rbegin()
 .text._ZNSs6resizeEjc
                0x0101a0e4       0x80 /GCC/lib/gcc/ppc-amigaos/4.2.4/newlib/lib/libstdc++.a(string-inst.o)
                0x0101a0e4                std::string::resize(unsigned int, char)
 .text._ZNSs6resizeEj
                0x0101a164       0x24 /GCC/lib/gcc/ppc-amigaos/4.2.4/newlib/lib/libstdc++.a(string-inst.o)
                0x0101a164                std::string::resize(unsigned int)
 .text._ZNSs13_S_copy_charsEPcPKcS1_
                0x0101a188       0x44 /GCC/lib/gcc/ppc-amigaos/4.2.4/newlib/lib/libstdc++.a(string-inst.o)
                0x0101a188                std::string::_S_copy_chars(char*, char const*, char const*)
 .text._ZNSs13_S_copy_charsEPcN9__gnu_cxx17__normal_iteratorIPKcSsEES4_
                0x0101a1cc       0x4c /GCC/lib/gcc/ppc-amigaos/4.2.4/newlib/lib/libstdc++.a(string-inst.o)
                0x0101a1cc                std::string::_S_copy_chars(char*, __gnu_cxx::__normal_iterator<char const*, std::string>, __gnu_cxx::__normal_iterator<char const*, std::string>)
 .text._ZNSs13_S_copy_charsEPcN9__gnu_cxx17__normal_iteratorIS_SsEES2_
                0x0101a218       0x4c /GCC/lib/gcc/ppc-amigaos/4.2.4/newlib/lib/libstdc++.a(string-inst.o)
                0x0101a218                std::string::_S_copy_chars(char*, __gnu_cxx::__normal_iterator<char*, std::string>, __gnu_cxx::__normal_iterator<char*, std::string>)
 .text._ZNSs12_S_constructIPKcEEPcT_S3_RKSaIcESt20forward_iterator_tag
                0x0101a264       0xdc /GCC/lib/gcc/ppc-amigaos/4.2.4/newlib/lib/libstdc++.a(string-inst.o)
                0x0101a264                char* std::string::_S_construct<char const*>(char const*, char const*, std::allocator<char> const&, std::forward_iterator_tag)
 .text._ZNSsC2EPKcRKSaIcE
                0x0101a340       0x98 /GCC/lib/gcc/ppc-amigaos/4.2.4/newlib/lib/libstdc++.a(string-inst.o)
                0x0101a340                std::basic_string<char, std::char_traits<char>, std::allocator<char> >::basic_string(char const*, std::allocator<char> const&)
 .text._ZNSsC1IPKcEET_S2_RKSaIcE
                0x0101a3d8       0x40 /GCC/lib/gcc/ppc-amigaos/4.2.4/newlib/lib/libstdc++.a(string-inst.o)
                0x0101a3d8                std::basic_string<char, std::char_traits<char>, std::allocator<char> >::basic_string<char const*>(char const*, char const*, std::allocator<char> const&)
 .text._ZNSsC2IPKcEET_S2_RKSaIcE
                0x0101a418       0x40 /GCC/lib/gcc/ppc-amigaos/4.2.4/newlib/lib/libstdc++.a(string-inst.o)
                0x0101a418                std::basic_string<char, std::char_traits<char>, std::allocator<char> >::basic_string<char const*>(char const*, char const*, std::allocator<char> const&)
 .text._ZNSsC1EPKcRKSaIcE
                0x0101a458       0x98 /GCC/lib/gcc/ppc-amigaos/4.2.4/newlib/lib/libstdc++.a(string-inst.o)
                0x0101a458                std::basic_string<char, std::char_traits<char>, std::allocator<char> >::basic_string(char const*, std::allocator<char> const&)
 .text._ZNSsC1EPKcjRKSaIcE
                0x0101a4f0       0x40 /GCC/lib/gcc/ppc-amigaos/4.2.4/newlib/lib/libstdc++.a(string-inst.o)
                0x0101a4f0                std::basic_string<char, std::char_traits<char>, std::allocator<char> >::basic_string(char const*, unsigned int, std::allocator<char> const&)
 .text._ZNSsC2EPKcjRKSaIcE
                0x0101a530       0x40 /GCC/lib/gcc/ppc-amigaos/4.2.4/newlib/lib/libstdc++.a(string-inst.o)
                0x0101a530                std::basic_string<char, std::char_traits<char>, std::allocator<char> >::basic_string(char const*, unsigned int, std::allocator<char> const&)
 .text._ZNSs12_S_constructIPcEES0_T_S1_RKSaIcESt20forward_iterator_tag
                0x0101a570       0xdc /GCC/lib/gcc/ppc-amigaos/4.2.4/newlib/lib/libstdc++.a(string-inst.o)
                0x0101a570                char* std::string::_S_construct<char*>(char*, char*, std::allocator<char> const&, std::forward_iterator_tag)
 .text._ZNSsC2ERKSsjj
                0x0101a64c      0x230 /GCC/lib/gcc/ppc-amigaos/4.2.4/newlib/lib/libstdc++.a(string-inst.o)
                0x0101a64c                std::basic_string<char, std::char_traits<char>, std::allocator<char> >::basic_string(std::string const&, unsigned int, unsigned int)
 .text._ZNSsC1IPcEET_S1_RKSaIcE
                0x0101a87c       0x40 /GCC/lib/gcc/ppc-amigaos/4.2.4/newlib/lib/libstdc++.a(string-inst.o)
                0x0101a87c                std::basic_string<char, std::char_traits<char>, std::allocator<char> >::basic_string<char*>(char*, char*, std::allocator<char> const&)
 .text._ZNSsC1ERKSsjj
                0x0101a8bc      0x230 /GCC/lib/gcc/ppc-amigaos/4.2.4/newlib/lib/libstdc++.a(string-inst.o)
                0x0101a8bc                std::basic_string<char, std::char_traits<char>, std::allocator<char> >::basic_string(std::string const&, unsigned int, unsigned int)
 .text._ZNKSs6substrEjj
                0x0101aaec       0x4c /GCC/lib/gcc/ppc-amigaos/4.2.4/newlib/lib/libstdc++.a(string-inst.o)
                0x0101aaec                std::string::substr(unsigned int, unsigned int) const
 .text._ZNSsC1ERKSsjjRKSaIcE
                0x0101ab38       0x9c /GCC/lib/gcc/ppc-amigaos/4.2.4/newlib/lib/libstdc++.a(string-inst.o)
                0x0101ab38                std::basic_string<char, std::char_traits<char>, std::allocator<char> >::basic_string(std::string const&, unsigned int, unsigned int, std::allocator<char> const&)
 .text._ZNSsC2ERKSsjjRKSaIcE
                0x0101abd4       0x9c /GCC/lib/gcc/ppc-amigaos/4.2.4/newlib/lib/libstdc++.a(string-inst.o)
                0x0101abd4                std::basic_string<char, std::char_traits<char>, std::allocator<char> >::basic_string(std::string const&, unsigned int, unsigned int, std::allocator<char> const&)
 .text._ZNSsC2IPcEET_S1_RKSaIcE
                0x0101ac70       0x40 /GCC/lib/gcc/ppc-amigaos/4.2.4/newlib/lib/libstdc++.a(string-inst.o)
                0x0101ac70                std::basic_string<char, std::char_traits<char>, std::allocator<char> >::basic_string<char*>(char*, char*, std::allocator<char> const&)
 .text._ZNSs12_S_constructIN9__gnu_cxx17__normal_iteratorIPcSsEEEES2_T_S4_RKSaIcESt20forward_iterator_tag
                0x0101acb0       0xcc /GCC/lib/gcc/ppc-amigaos/4.2.4/newlib/lib/libstdc++.a(string-inst.o)
                0x0101acb0                char* std::string::_S_construct<__gnu_cxx::__normal_iterator<char*, std::string> >(__gnu_cxx::__normal_iterator<char*, std::string>, __gnu_cxx::__normal_iterator<char*, std::string>, std::allocator<char> const&, std::forward_iterator_tag)
 .text._ZNSsC1IN9__gnu_cxx17__normal_iteratorIPcSsEEEET_S4_RKSaIcE
                0x0101ad7c       0x50 /GCC/lib/gcc/ppc-amigaos/4.2.4/newlib/lib/libstdc++.a(string-inst.o)
                0x0101ad7c                std::basic_string<char, std::char_traits<char>, std::allocator<char> >::basic_string<__gnu_cxx::__normal_iterator<char*, std::string> >(__gnu_cxx::__normal_iterator<char*, std::string>, __gnu_cxx::__normal_iterator<char*, std::string>, std::allocator<char> const&)
 .text._ZNSsC2IN9__gnu_cxx17__normal_iteratorIPcSsEEEET_S4_RKSaIcE
                0x0101adcc       0x50 /GCC/lib/gcc/ppc-amigaos/4.2.4/newlib/lib/libstdc++.a(string-inst.o)
                0x0101adcc                std::basic_string<char, std::char_traits<char>, std::allocator<char> >::basic_string<__gnu_cxx::__normal_iterator<char*, std::string> >(__gnu_cxx::__normal_iterator<char*, std::string>, __gnu_cxx::__normal_iterator<char*, std::string>, std::allocator<char> const&)
 .text._ZNSs6assignERKSs
                0x0101ae1c      0x270 /GCC/lib/gcc/ppc-amigaos/4.2.4/newlib/lib/libstdc++.a(string-inst.o)
                0x0101ae1c                std::string::assign(std::string const&)
 .text._ZNSsaSERKSs
                0x0101b08c       0x20 /GCC/lib/gcc/ppc-amigaos/4.2.4/newlib/lib/libstdc++.a(string-inst.o)
                0x0101b08c                std::string::operator=(std::string const&)
 .text._ZNSsC1ERKSs
                0x0101b0ac      0x20c /GCC/lib/gcc/ppc-amigaos/4.2.4/newlib/lib/libstdc++.a(string-inst.o)
                0x0101b0ac                std::basic_string<char, std::char_traits<char>, std::allocator<char> >::basic_string(std::string const&)
 .text._ZNSsC2ERKSs
                0x0101b2b8      0x20c /GCC/lib/gcc/ppc-amigaos/4.2.4/newlib/lib/libstdc++.a(string-inst.o)
                0x0101b2b8                std::basic_string<char, std::char_traits<char>, std::allocator<char> >::basic_string(std::string const&)
 .text._ZStplIcSt11char_traitsIcESaIcEESbIT_T0_T1_ERKS6_S8_
                0x0101b4c4      0x230 /GCC/lib/gcc/ppc-amigaos/4.2.4/newlib/lib/libstdc++.a(string-inst.o)
                0x0101b4c4                std::basic_string<char, std::char_traits<char>, std::allocator<char> > std::operator+<char, std::char_traits<char>, std::allocator<char> >(std::basic_string<char, std::char_traits<char>, std::allocator<char> > const&, std::basic_string<char, std::char_traits<char>, std::allocator<char> > const&)
 .text._ZNSs7replaceEjjPKcj
                0x0101b6f4      0x410 /GCC/lib/gcc/ppc-amigaos/4.2.4/newlib/lib/libstdc++.a(string-inst.o)
                0x0101b6f4                std::string::replace(unsigned int, unsigned int, char const*, unsigned int)
 .text._ZNSs7replaceEN9__gnu_cxx17__normal_iteratorIPcSsEES2_NS0_IPKcSsEES5_
                0x0101bb04       0x40 /GCC/lib/gcc/ppc-amigaos/4.2.4/newlib/lib/libstdc++.a(string-inst.o)
                0x0101bb04                std::string::replace(__gnu_cxx::__normal_iterator<char*, std::string>, __gnu_cxx::__normal_iterator<char*, std::string>, __gnu_cxx::__normal_iterator<char const*, std::string>, __gnu_cxx::__normal_iterator<char const*, std::string>)
 .text._ZNSs7replaceEN9__gnu_cxx17__normal_iteratorIPcSsEES2_S2_S2_
                0x0101bb44       0x40 /GCC/lib/gcc/ppc-amigaos/4.2.4/newlib/lib/libstdc++.a(string-inst.o)
                0x0101bb44                std::string::replace(__gnu_cxx::__normal_iterator<char*, std::string>, __gnu_cxx::__normal_iterator<char*, std::string>, __gnu_cxx::__normal_iterator<char*, std::string>, __gnu_cxx::__normal_iterator<char*, std::string>)
 .text._ZNSs7replaceEN9__gnu_cxx17__normal_iteratorIPcSsEES2_PKcS4_
                0x0101bb84       0x38 /GCC/lib/gcc/ppc-amigaos/4.2.4/newlib/lib/libstdc++.a(string-inst.o)
                0x0101bb84                std::string::replace(__gnu_cxx::__normal_iterator<char*, std::string>, __gnu_cxx::__normal_iterator<char*, std::string>, char const*, char const*)
 .text._ZNSs7replaceEN9__gnu_cxx17__normal_iteratorIPcSsEES2_S1_S1_
                0x0101bbbc       0x38 /GCC/lib/gcc/ppc-amigaos/4.2.4/newlib/lib/libstdc++.a(string-inst.o)
                0x0101bbbc                std::string::replace(__gnu_cxx::__normal_iterator<char*, std::string>, __gnu_cxx::__normal_iterator<char*, std::string>, char*, char*)
 .text._ZNSs7replaceEN9__gnu_cxx17__normal_iteratorIPcSsEES2_PKcj
                0x0101bbf4       0x34 /GCC/lib/gcc/ppc-amigaos/4.2.4/newlib/lib/libstdc++.a(string-inst.o)
                0x0101bbf4                std::string::replace(__gnu_cxx::__normal_iterator<char*, std::string>, __gnu_cxx::__normal_iterator<char*, std::string>, char const*, unsigned int)
 .text._ZNSs7replaceEjjPKc
                0x0101bc28       0x6c /GCC/lib/gcc/ppc-amigaos/4.2.4/newlib/lib/libstdc++.a(string-inst.o)
                0x0101bc28                std::string::replace(unsigned int, unsigned int, char const*)
 .text._ZNSs7replaceEjjRKSsjj
                0x0101bc94       0x6c /GCC/lib/gcc/ppc-amigaos/4.2.4/newlib/lib/libstdc++.a(string-inst.o)
                0x0101bc94                std::string::replace(unsigned int, unsigned int, std::string const&, unsigned int, unsigned int)
 .text._ZNSs7replaceEjjRKSs
                0x0101bd00       0x28 /GCC/lib/gcc/ppc-amigaos/4.2.4/newlib/lib/libstdc++.a(string-inst.o)
                0x0101bd00                std::string::replace(unsigned int, unsigned int, std::string const&)
 .text._ZNSs7replaceEN9__gnu_cxx17__normal_iteratorIPcSsEES2_PKc
                0x0101bd28       0x70 /GCC/lib/gcc/ppc-amigaos/4.2.4/newlib/lib/libstdc++.a(string-inst.o)
                0x0101bd28                std::string::replace(__gnu_cxx::__normal_iterator<char*, std::string>, __gnu_cxx::__normal_iterator<char*, std::string>, char const*)
 .text._ZNSs7replaceEN9__gnu_cxx17__normal_iteratorIPcSsEES2_RKSs